1. проведён анализ инструментом jmap. первый запуск приложения StartUI

akobelskii@PC-2022112803:~$ jmap -histo 28776
 num     #instances         #bytes  class name (module)
-------------------------------------------------------
   1:          1504        3188504  [I (java.base@17.0.9)
   2:         14260        2484136  [B (java.base@17.0.9)
   3:          9690         310080  java.util.HashMap$Node (java.base@17.0.9)
   4:         12640         303360  java.lang.String (java.base@17.0.9)
   5:          1542         191248  java.lang.Class (java.base@17.0.9)
   6:          1093         171744  [Ljava.util.HashMap$Node; (java.base@17.0.9)
   7:          2430         160328  [Ljava.lang.Object; (java.base@17.0.9)
   8:          2215          70880  java.util.concurrent.ConcurrentHashMap$Node (java.base@17.0.9)
   9:           233          64792  [C (java.base@17.0.9)
  10:            53          44560  [Ljdk.internal.org.objectweb.asm.SymbolTable$Entry; (java.base@17.0.9)
  11:           926          44448  java.util.HashMap (java.base@17.0.9)
  12:           787          44072  jdk.internal.org.objectweb.asm.SymbolTable$Entry (java.base@17.0.9)
  13:            59          36208  [Ljava.util.concurrent.ConcurrentHashMap$Node; (java.base@17.0.9)
  14:           857          34280  java.lang.invoke.MethodType (java.base@17.0.9)
  15:           963          29856  [Ljava.lang.Class; (java.base@17.0.9)
  16:           611          29328  java.lang.invoke.MemberName (java.base@17.0.9)
  17:           573          22920  java.util.HashMap$KeyIterator (java.base@17.0.9)
  18:           732          17568  java.lang.module.ModuleDescriptor$Exports (java.base@17.0.9)
  19:           188          14288  [Ljava.lang.ref.SoftReference; (java.base@17.0.9)
  20:           264          14184  [Ljava.lang.String; (java.base@17.0.9)
  21:           540          12960  java.util.ImmutableCollections$Set12$1 (java.base@17.0.9)
  22:           513          12312  java.util.ImmutableCollections$SetN$SetNIterator (java.base@17.0.9)
  23:           512          12288  java.util.ImmutableCollections$Set12 (java.base@17.0.9)
  24:           703          11248  java.util.HashSet (java.base@17.0.9)
  25:           341          10912  jdk.internal.math.FDBigInteger (java.base@17.0.9)
  26:           453          10872  java.lang.StringBuilder (java.base@17.0.9)
  27:           133          10640  java.net.URI (java.base@17.0.9)
  28:           322          10304  java.lang.invoke.LambdaForm$Name (java.base@17.0.9)
  29:           308           9856  java.lang.invoke.MethodType$ConcurrentWeakInternSet$WeakEntry (java.base@17.0.9)
  30:           209           9800  [Ljava.lang.invoke.LambdaForm$Name; (java.base@17.0.9)
  31:           299           9568  java.lang.module.ModuleDescriptor$Requires (java.base@17.0.9)
  32:           132           8448  java.lang.module.ModuleDescriptor (java.base@17.0.9)
  33:           479           7664  java.util.Optional (java.base@17.0.9)
  34:           135           7560  java.lang.Module (java.base@17.0.9)
  35:           132           7392  jdk.internal.module.ModuleReferenceImpl (java.base@17.0.9)
  36:            32           7168  jdk.internal.org.objectweb.asm.MethodWriter (java.base@17.0.9)
  37:            50           6864  [Ljava.lang.invoke.MethodHandle; (java.base@17.0.9)
  38:           285           6840  java.util.ImmutableCollections$SetN (java.base@17.0.9)
  39:            42           6384  jdk.internal.org.objectweb.asm.ClassWriter (java.base@17.0.9)
  40:           256           6144  java.lang.Long (java.base@17.0.9)
  41:            89           5696  java.util.concurrent.ConcurrentHashMap (java.base@17.0.9)
  42:           218           5232  java.lang.invoke.ResolvedMethodName (java.base@17.0.9)
  43:            14           5152  java.lang.Thread (java.base@17.0.9)
  44:           125           5000  java.lang.ref.SoftReference (java.base@17.0.9)
  45:           300           4800  java.lang.Byte (java.base@17.0.9)
  46:            70           4480  java.util.stream.ReferencePipeline$2 (java.base@17.0.9)
  47:           267           4272  java.lang.Integer (java.base@17.0.9)
  48:           256           4096  java.lang.Short (java.base@17.0.9)
  49:           123           3936  jdk.internal.loader.BuiltinClassLoader$LoadedModule (java.base@17.0.9)
  50:            70           3920  jdk.internal.module.Builder (java.base@17.0.9)
  51:            54           3888  java.lang.reflect.Constructor (java.base@17.0.9)
  52:            69           3864  java.util.stream.ReferencePipeline$Head (java.base@17.0.9)
  53:            79           3792  java.lang.invoke.LambdaForm (java.base@17.0.9)
  54:           141           3384  java.util.KeyValueHolder (java.base@17.0.9)
  55:            52           3328  java.net.URL (java.base@17.0.9)
  56:           207           3312  java.lang.Object (java.base@17.0.9)
  57:           102           3264  java.lang.invoke.MethodTypeForm (java.base@17.0.9)
  58:           135           3240  java.util.ImmutableCollections$List12 (java.base@17.0.9)
  59:            31           3224  java.lang.invoke.InnerClassLambdaMetafactory (java.base@17.0.9)
  60:           132           3168  jdk.internal.module.SystemModuleFinders$2 (java.base@17.0.9)
  61:            55           3080  jdk.internal.org.objectweb.asm.Label (java.base@17.0.9)
  62:           124           2976  java.lang.module.ResolvedModule (java.base@17.0.9)
  63:           124           2976  jdk.internal.module.ServicesCatalog$ServiceProvider (java.base@17.0.9)
  64:           123           2952  jdk.internal.org.objectweb.asm.ByteVector (java.base@17.0.9)
  65:            91           2912  java.lang.invoke.MethodHandles$Lookup (java.base@17.0.9)
  66:           121           2904  java.lang.module.ModuleDescriptor$Provides (java.base@17.0.9)
  67:            69           2760  java.util.LinkedHashMap$Entry (java.base@17.0.9)
  68:            69           2760  java.util.Spliterators$IteratorSpliterator (java.base@17.0.9)
  69:            70           2744  [Ljava.lang.module.ModuleDescriptor$Exports; (java.base@17.0.9)
  70:           113           2712  java.lang.invoke.LambdaForm$NamedFunction (java.base@17.0.9)
  71:            42           2688  jdk.internal.org.objectweb.asm.SymbolTable (java.base@17.0.9)
  72:           103           2472  [[C (java.base@17.0.9)
  73:           101           2424  java.util.ArrayList (java.base@17.0.9)
  74:           141           2256  java.util.HashMap$KeySet (java.base@17.0.9)
  75:            68           2176  java.lang.invoke.LambdaForm$Kind (java.base@17.0.9)
  76:            33           2112  java.lang.Class$ReflectionData (java.base@17.0.9)
  77:            44           2112  jdk.internal.org.objectweb.asm.Frame (java.base@17.0.9)
  78:           128           2048  java.lang.Character (java.base@17.0.9)
  79:           126           2016  jdk.internal.module.SystemModuleFinders$3 (java.base@17.0.9)
  80:            70           1968  [Ljava.lang.module.ModuleDescriptor$Requires; (java.base@17.0.9)
  81:            61           1952  sun.util.locale.BaseLocale (java.base@17.0.9)
  82:            58           1856  java.lang.invoke.DirectMethodHandle (java.base@17.0.9)
  83:            10           1848  [J (java.base@17.0.9)
  84:            56           1792  java.io.File (java.base@17.0.9)
  85:            70           1680  java.util.stream.ReferencePipeline$2$1 (java.base@17.0.9)
  86:            35           1680  jdk.internal.ref.CleanerImpl$PhantomCleanableRef (java.base@17.0.9)
  87:            68           1632  java.util.stream.FindOps$FindSink$OfRef (java.base@17.0.9)
  88:            50           1600  jdk.internal.org.objectweb.asm.Type (java.base@17.0.9)
  89:            33           1584  jdk.internal.org.objectweb.asm.AnnotationWriter (java.base@17.0.9)
  90:            70           1480  [Ljava.lang.module.ModuleDescriptor$Provides; (java.base@17.0.9)
  91:            46           1472  java.util.ArrayList$Itr (java.base@17.0.9)
  92:             2           1456  [[Ljava.lang.Object; (java.base@17.0.9)
  93:            59           1416  java.util.concurrent.CopyOnWriteArrayList (java.base@17.0.9)
  94:             1           1376  [Ljdk.internal.math.FDBigInteger; (java.base@17.0.9)
  95:            14           1232  java.lang.reflect.Method (java.base@17.0.9)
  96:            30           1200  java.lang.invoke.DirectMethodHandle$Accessor (java.base@17.0.9)
  97:            49           1176  [Ljava.lang.reflect.Constructor; (java.base@17.0.9)
  98:            70           1144  [Ljava.lang.module.ModuleDescriptor$Opens; (java.base@17.0.9)
  99:             4           1128  [Ljava.lang.Integer; (java.base@17.0.9)
 100:            47           1128  java.util.ImmutableCollections$ListN (java.base@17.0.9)
 101:            27           1080  java.security.CodeSource (java.base@17.0.9)
 102:            19           1064  java.io.FileCleanable (java.base@17.0.9)
 103:            33           1056  com.intellij.rt.debugger.agent.CaptureAgent$InstrumentPoint
 104:             1           1040  [Ljava.lang.Byte; (java.base@17.0.9)
 105:             1           1040  [Ljava.lang.Long; (java.base@17.0.9)
 106:             1           1040  [Ljava.lang.Short; (java.base@17.0.9)
 107:            20           1024  [Lsun.invoke.util.Wrapper; (java.base@17.0.9)
 108:            32           1024  java.lang.invoke.MethodHandleNatives$CallSiteContext (java.base@17.0.9)
 109:            25           1000  java.lang.invoke.MethodHandleImpl$IntrinsicMethodHandle (java.base@17.0.9)
 110:            31            992  java.lang.invoke.VarHandle$AccessMode (java.base@17.0.9)
 111:            24            960  java.io.ObjectStreamField (java.base@17.0.9)
 112:            36            936  [Ljdk.internal.module.ServicesCatalog$ServiceProvider; (java.base@17.0.9)
 113:            29            928  java.util.Locale (java.base@17.0.9)
 114:            29            928  java.util.concurrent.ConcurrentHashMap$ReservationNode (java.base@17.0.9)
 115:            28            896  java.lang.invoke.BoundMethodHandle$Species_L (java.base@17.0.9)
 116:            22            880  java.io.FileDescriptor (java.base@17.0.9)
 117:            27            864  jdk.internal.reflect.NativeConstructorAccessorImpl (java.base@17.0.9)
 118:            21            840  java.lang.invoke.DirectMethodHandle$Constructor (java.base@17.0.9)
 119:             4            832  [Z (java.base@17.0.9)
 120:            13            832  jdk.internal.org.objectweb.asm.FieldWriter (java.base@17.0.9)
 121:            25            800  java.lang.invoke.SimpleMethodHandle (java.base@17.0.9)
 122:            20            800  sun.util.locale.LocaleObjectCache$CacheEntry (java.base@17.0.9)
 123:            33            792  com.intellij.rt.debugger.agent.CollectionBreakpointInstrumentor$ImmutableMethod
 124:            33            792  java.lang.invoke.LambdaFormEditor$TransformKey (java.base@17.0.9)
 125:            14            784  java.nio.HeapCharBuffer (java.base@17.0.9)
 126:            32            768  java.lang.invoke.ConstantCallSite (java.base@17.0.9)
 127:            12            768  java.util.stream.IntPipeline$10 (java.base@17.0.9)
 128:            31            744  java.lang.invoke.InfoFromMemberName (java.base@17.0.9)
 129:            31            744  java.util.jar.Attributes$Name (java.base@17.0.9)
 130:            23            736  sun.util.locale.BaseLocale$Key (java.base@17.0.9)
 131:            18            720  java.security.AccessControlContext (java.base@17.0.9)
 132:            11            704  java.lang.invoke.InvokerBytecodeGenerator (java.base@17.0.9)
 133:            12            672  java.util.stream.IntPipeline$Head (java.base@17.0.9)
 134:             3            624  [Ljava.lang.invoke.LambdaForm; (java.base@17.0.9)
 135:            19            608  java.io.FileInputStream (java.base@17.0.9)
 136:             2            576  [Ljava.lang.invoke.LambdaForm$Kind; (java.base@17.0.9)
 137:            12            576  java.lang.invoke.LambdaFormBuffer (java.base@17.0.9)
 138:            12            576  java.lang.invoke.LambdaFormEditor$Transform (java.base@17.0.9)
 139:            18            576  jdk.internal.loader.URLClassPath$FileLoader$1 (java.base@17.0.9)
 140:             2            560  [Ljava.util.Map$Entry; (java.base@17.0.9)
 141:             7            560  java.util.concurrent.TimeUnit (java.base@17.0.9)
 142:            10            560  sun.invoke.util.Wrapper (java.base@17.0.9)
 143:            23            552  [Ljdk.internal.org.objectweb.asm.Type; (java.base@17.0.9)
 144:             1            528  [Ljava.lang.Character; (java.base@17.0.9)
 145:             2            528  [Ljava.lang.module.ResolvedModule; (java.base@17.0.9)
 146:            22            528  java.lang.invoke.InnerClassLambdaMetafactory$1 (java.base@17.0.9)
 147:            33            528  java.lang.invoke.LambdaFormEditor (java.base@17.0.9)
 148:             6            528  java.text.DecimalFormatSymbols (java.base@17.0.9)
 149:            22            528  jdk.internal.loader.BuiltinClassLoader$5 (java.base@17.0.9)
 150:            22            528  jdk.internal.module.SystemModuleFinders$SystemModuleReader (java.base@17.0.9)
 151:            14            520  [Ljava.lang.invoke.LambdaForm$NamedFunction; (java.base@17.0.9)
 152:            16            512  java.lang.invoke.MethodHandles$Lookup$ClassDefiner (java.base@17.0.9)
 153:            16            512  java.lang.ref.ReferenceQueue (java.base@17.0.9)
 154:             8            512  java.nio.DirectByteBuffer (java.base@17.0.9)
 155:             8            512  java.nio.DirectByteBufferR (java.base@17.0.9)
 156:            21            504  java.security.SecureClassLoader$1 (java.base@17.0.9)
 157:            12            480  java.lang.OutOfMemoryError (java.base@17.0.9)
 158:             8            448  java.util.concurrent.ConcurrentHashMap$ValueIterator (java.base@17.0.9)
 159:             1            432  [[[C (java.base@17.0.9)
 160:             9            432  java.lang.invoke.BoundMethodHandle$SpeciesData (java.base@17.0.9)
 161:            27            432  jdk.internal.reflect.DelegatingConstructorAccessorImpl (java.base@17.0.9)
 162:             6            416  [S (java.base@17.0.9)
 163:            17            408  java.lang.invoke.Invokers (java.base@17.0.9)
 164:            10            400  sun.util.locale.LanguageTag (java.base@17.0.9)
 165:            16            384  java.lang.invoke.MethodHandles$Lookup$ClassFile (java.base@17.0.9)
 166:             1            376  java.lang.ref.Finalizer$FinalizerThread (java.base@17.0.9)
 167:             1            376  jdk.internal.misc.InnocuousThread (java.base@17.0.9)
 168:             1            368  java.lang.ref.Reference$ReferenceHandler (java.base@17.0.9)
 169:             9            360  [Ljava.lang.invoke.BoundMethodHandle$SpeciesData; (java.base@17.0.9)
 170:             9            360  java.security.ProtectionDomain (java.base@17.0.9)
 171:             9            360  sun.util.locale.InternalLocaleBuilder (java.base@17.0.9)
 172:            11            352  java.util.ImmutableCollections$ListItr (java.base@17.0.9)
 173:             4            352  java.util.regex.Pattern (java.base@17.0.9)
 174:             6            336  java.nio.DirectLongBufferU (java.base@17.0.9)
 175:            21            336  java.security.SecureClassLoader$CodeSourceKey (java.base@17.0.9)
 176:             6            320  [Ljava.util.Hashtable$Entry; (java.base@17.0.9)
 177:             8            320  [Ljava.util.stream.StreamOpFlag$Type; (java.base@17.0.9)
 178:            10            320  java.lang.StringBuffer (java.base@17.0.9)
 179:             8            320  sun.util.locale.StringTokenIterator (java.base@17.0.9)
 180:            13            312  java.util.OptionalInt (java.base@17.0.9)
 181:             1            296  [Ljava.lang.module.ModuleDescriptor; (java.base@17.0.9)
 182:             1            296  [Ljava.lang.module.ModuleReference; (java.base@17.0.9)
 183:             1            296  [Ljdk.internal.module.ModuleHashes; (java.base@17.0.9)
 184:             1            296  [Ljdk.internal.module.ModuleResolution; (java.base@17.0.9)
 185:             1            296  [Ljdk.internal.module.ModuleTarget; (java.base@17.0.9)
 186:            18            288  java.io.FileInputStream$1 (java.base@17.0.9)
 187:            18            288  java.lang.ref.ReferenceQueue$Lock (java.base@17.0.9)
 188:             2            288  java.text.DecimalFormat (java.base@17.0.9)
 189:             6            288  java.util.Hashtable (java.base@17.0.9)
 190:             2            288  java.util.Scanner (java.base@17.0.9)
 191:            12            288  java.util.stream.FindOps$FindSink$OfInt (java.base@17.0.9)
 192:            12            288  java.util.stream.IntPipeline$10$1 (java.base@17.0.9)
 193:             9            288  org.jetbrains.capture.org.objectweb.asm.Type
 194:             7            280  [Ljava.util.stream.StreamOpFlag; (java.base@17.0.9)
 195:             5            280  java.nio.HeapByteBuffer (java.base@17.0.9)
 196:             7            280  java.util.WeakHashMap$Entry (java.base@17.0.9)
 197:             1            264  [Ljava.lang.ClassLoader; (java.base@17.0.9)
 198:             1            264  [Ljava.lang.Module; (java.base@17.0.9)
 199:            11            264  java.lang.invoke.InvokerBytecodeGenerator$ClassData (java.base@17.0.9)
 200:            11            264  java.lang.invoke.MethodHandleImpl$Intrinsic (java.base@17.0.9)
 201:             9            256  [Ljava.io.ObjectStreamField; (java.base@17.0.9)
 202:             8            256  java.lang.StringLatin1$CharsSpliterator (java.base@17.0.9)
 203:             8            256  java.util.Hashtable$Entry (java.base@17.0.9)
 204:             8            256  java.util.ImmutableCollections$MapN (java.base@17.0.9)
 205:             8            256  sun.util.resources.Bundles$CacheKey (java.base@17.0.9)
 206:            10            240  java.nio.charset.CoderResult (java.base@17.0.9)
 207:            10            240  java.nio.file.StandardOpenOption (java.base@17.0.9)
 208:             6            240  java.util.EnumMap (java.base@17.0.9)
 209:             6            240  java.util.HashMap$ValueIterator (java.base@17.0.9)
 210:             6            240  java.util.stream.StreamOpFlag (java.base@17.0.9)
 211:             5            240  jdk.internal.org.objectweb.asm.ClassReader (java.base@17.0.9)
 212:             4            224  [Ljava.util.regex.Pattern$GroupHead; (java.base@17.0.9)
 213:             7            224  jdk.internal.loader.NativeLibraries (java.base@17.0.9)
 214:             2            208  jdk.internal.loader.ClassLoaders$AppClassLoader (java.base@17.0.9)
 215:             2            208  jdk.internal.loader.ClassLoaders$BootClassLoader (java.base@17.0.9)
 216:             2            208  jdk.internal.loader.ClassLoaders$PlatformClassLoader (java.base@17.0.9)
 217:             5            200  java.util.HashMap$EntryIterator (java.base@17.0.9)
 218:             2            192  [Lsun.util.locale.BaseLocale; (java.base@17.0.9)
 219:             8            192  java.lang.WeakPairMap$Pair$Lookup (java.base@17.0.9)
 220:             6            192  java.lang.invoke.LambdaForm$BasicType (java.base@17.0.9)
 221:             8            192  java.lang.module.ModuleDescriptor$Opens (java.base@17.0.9)
 222:             8            192  java.math.RoundingMode (java.base@17.0.9)
 223:             8            192  sun.util.locale.ParseStatus (java.base@17.0.9)
 224:             4            168  [Ljava.lang.invoke.MethodType; (java.base@17.0.9)
 225:             3            168  java.util.ServiceLoader (java.base@17.0.9)
 226:             4            160  [Ljava.lang.invoke.LambdaForm$BasicType; (java.base@17.0.9)
 227:             2            160  [Ljava.util.WeakHashMap$Entry; (java.base@17.0.9)
 228:             4            160  java.lang.invoke.DirectMethodHandle$Interface (java.base@17.0.9)
 229:             5            160  java.lang.invoke.VarHandle$AccessType (java.base@17.0.9)
 230:             5            160  java.util.RegularEnumSet (java.base@17.0.9)
 231:             5            160  java.util.concurrent.ConcurrentHashMap$ForwardingNode (java.base@17.0.9)
 232:             5            160  sun.util.locale.provider.LocaleProviderAdapter$Type (java.base@17.0.9)
 233:             4            144  [Ljava.lang.Thread; (java.base@17.0.9)
 234:             6            144  [Ljava.lang.invoke.MethodHandles$Lookup$ClassOption; (java.base@17.0.9)
 235:             1            144  [Ljava.lang.invoke.VarHandle$AccessMode; (java.base@17.0.9)
 236:             6            144  [Ljava.lang.reflect.Method; (java.base@17.0.9)
 237:             9            144  [Ljava.security.Principal; (java.base@17.0.9)
 238:             3            144  java.lang.ThreadGroup (java.base@17.0.9)
 239:             6            144  java.lang.module.ModuleDescriptor$Requires$Modifier (java.base@17.0.9)
 240:             9            144  java.security.ProtectionDomain$Key (java.base@17.0.9)
 241:             6            144  java.util.ArrayDeque (java.base@17.0.9)
 242:             2            144  java.util.regex.Matcher (java.base@17.0.9)
 243:             6            144  jdk.internal.perf.PerfCounter (java.base@17.0.9)
 244:             2            128  [Ljava.lang.invoke.MethodHandleImpl$Intrinsic; (java.base@17.0.9)
 245:             4            128  java.lang.StringUTF16$CharsSpliterator (java.base@17.0.9)
 246:             4            128  java.util.stream.FindOps$FindOp (java.base@17.0.9)
 247:             2            128  java.util.stream.ReferencePipeline$3 (java.base@17.0.9)
 248:             1            128  sun.nio.fs.UnixFileAttributes (java.base@17.0.9)
 249:             1            120  [[Ljava.lang.String; (java.base@17.0.9)
 250:             3            120  java.lang.ModuleLayer (java.base@17.0.9)
 251:             3            120  java.lang.invoke.BoundMethodHandle$Species_LL (java.base@17.0.9)
 252:             5            120  java.lang.invoke.InnerClassLambdaMetafactory$ForwardingMethodGenerator (java.base@17.0.9)
 253:             3            120  java.lang.module.Configuration (java.base@17.0.9)
 254:             5            120  java.util.regex.Pattern$CharProperty (java.base@17.0.9)
 255:             5            120  java.util.stream.StreamOpFlag$Type (java.base@17.0.9)
 256:             3            120  jdk.internal.loader.NativeLibraries$NativeLibraryImpl (java.base@17.0.9)
 257:             3            120  sun.util.resources.Bundles$BundleReference (java.base@17.0.9)
 258:             2            112  java.lang.invoke.BoundMethodHandle$Species_LLLLLLL (java.base@17.0.9)
 259:             2            112  java.nio.DirectIntBufferRU (java.base@17.0.9)
 260:             7            112  java.util.Collections$UnmodifiableSet (java.base@17.0.9)
 261:             2            112  java.util.LinkedHashMap (java.base@17.0.9)
 262:             2            112  java.util.Properties (java.base@17.0.9)
 263:             2            112  java.util.zip.ZipFile$ZipFileInputStream (java.base@17.0.9)
 264:             1            104  java.util.jar.JarFile$JarFileEntry (java.base@17.0.9)
 265:             3             96  java.lang.Runtime$Version (java.base@17.0.9)
 266:             4             96  java.lang.module.ModuleDescriptor$Modifier (java.base@17.0.9)
 267:             3             96  java.lang.ref.WeakReference (java.base@17.0.9)
 268:             3             96  java.util.ArrayDeque$DeqIterator (java.base@17.0.9)
 269:             2             96  java.util.WeakHashMap (java.base@17.0.9)
 270:             1             96  java.util.jar.JarVerifier (java.base@17.0.9)
 271:             4             96  java.util.regex.Pattern$CharPropertyGreedy (java.base@17.0.9)
 272:             4             96  java.util.regex.Pattern$Qtype (java.base@17.0.9)
 273:             4             96  java.util.regex.Pattern$TreeInfo (java.base@17.0.9)
 274:             6             96  java.util.stream.StreamOpFlag$MaskBuilder (java.base@17.0.9)
 275:             4             96  java.util.stream.StreamShape (java.base@17.0.9)
 276:             1             96  jdk.internal.jimage.ImageReader$SharedImageReader (java.base@17.0.9)
 277:             6             96  jdk.internal.module.ServicesCatalog (java.base@17.0.9)
 278:             3             96  jdk.internal.reflect.NativeMethodAccessorImpl (java.base@17.0.9)
 279:             2             96  sun.nio.cs.StreamDecoder (java.base@17.0.9)
 280:             2             96  sun.nio.cs.StreamEncoder (java.base@17.0.9)
 281:             2             96  sun.nio.cs.UTF_8$Encoder (java.base@17.0.9)
 282:             3             96  sun.nio.fs.UnixPath (java.base@17.0.9)
 283:             2             80  [Ljava.lang.OutOfMemoryError; (java.base@17.0.9)
 284:             1             80  [Ljava.lang.ThreadLocal$ThreadLocalMap$Entry; (java.base@17.0.9)
 285:             4             80  [Lsun.instrument.TransformerManager$TransformerInfo; (java.instrument@17.0.9)
 286:             2             80  [Lsun.util.locale.provider.LocaleProviderAdapter$Type; (java.base@17.0.9)
 287:             5             80  com.intellij.rt.debugger.agent.CollectionBreakpointInstrumentor$KnownMethodsSet
 288:             2             80  java.io.BufferedWriter (java.base@17.0.9)
 289:             2             80  java.io.PrintStream (java.base@17.0.9)
 290:             2             80  java.text.DigitList (java.base@17.0.9)
 291:             2             80  java.util.IdentityHashMap (java.base@17.0.9)
 292:             2             80  java.util.Locale$Category (java.base@17.0.9)
 293:             2             80  java.util.ServiceLoader$LazyClassPathLookupIterator (java.base@17.0.9)
 294:             1             80  java.util.zip.ZipFile$Source (java.base@17.0.9)
 295:             2             80  jdk.internal.loader.URLClassPath (java.base@17.0.9)
 296:             2             80  sun.nio.cs.UTF_8$Decoder (java.base@17.0.9)
 297:             1             80  sun.util.cldr.CLDRLocaleProviderAdapter (java.base@17.0.9)
 298:             2             80  sun.util.locale.provider.LocaleResources$ResourceReference (java.base@17.0.9)
 299:             3             72  [Ljava.security.ProtectionDomain; (java.base@17.0.9)
 300:             3             72  java.lang.NamedPackage (java.base@17.0.9)
 301:             3             72  java.lang.PublicMethods$MethodList (java.base@17.0.9)
 302:             3             72  java.lang.WeakPairMap (java.base@17.0.9)
 303:             3             72  java.util.Collections$SetFromMap (java.base@17.0.9)
 304:             3             72  java.util.Collections$UnmodifiableCollection$1 (java.base@17.0.9)
 305:             3             72  java.util.LinkedList$Node (java.base@17.0.9)
 306:             3             72  java.util.ServiceLoader$3 (java.base@17.0.9)
 307:             3             72  java.util.concurrent.atomic.AtomicLong (java.base@17.0.9)
 308:             3             72  java.util.stream.Collector$Characteristics (java.base@17.0.9)
 309:             3             72  jdk.internal.jimage.BasicImageReader$1 (java.base@17.0.9)
 310:             3             72  jdk.internal.jimage.ImageLocation (java.base@17.0.9)
 311:             3             72  jdk.internal.loader.NativeLibraries$1 (java.base@17.0.9)
 312:             3             72  jdk.internal.misc.Signal (java.base@17.0.9)
 313:             2             64  [Ljava.nio.charset.CoderResult; (java.base@17.0.9)
 314:             2             64  [Ljava.util.stream.Collector$Characteristics; (java.base@17.0.9)
 315:             2             64  [Ljdk.internal.module.ServicesCatalog; (java.base@17.0.9)
 316:             2             64  java.io.BufferedOutputStream (java.base@17.0.9)
 317:             2             64  java.io.FileOutputStream (java.base@17.0.9)
 318:             2             64  java.lang.Module$ArchivedData (java.base@17.0.9)
 319:             2             64  java.lang.Package (java.base@17.0.9)
 320:             2             64  java.lang.ThreadLocal$ThreadLocalMap$Entry (java.base@17.0.9)
 321:             2             64  java.lang.module.ModuleDescriptor$Version (java.base@17.0.9)
 322:             2             64  java.lang.ref.ReferenceQueue$Null (java.base@17.0.9)
 323:             2             64  java.util.Collections$UnmodifiableMap (java.base@17.0.9)
 324:             4             64  java.util.HashMap$EntrySet (java.base@17.0.9)
 325:             2             64  java.util.HexFormat (java.base@17.0.9)
 326:             2             64  java.util.ServiceLoader$ModuleServicesLookupIterator (java.base@17.0.9)
 327:             2             64  java.util.ServiceLoader$ProviderImpl (java.base@17.0.9)
 328:             2             64  java.util.concurrent.locks.ReentrantLock$NonfairSync (java.base@17.0.9)
 329:             2             64  java.util.regex.Pattern$Branch (java.base@17.0.9)
 330:             2             64  jdk.internal.loader.ArchivedClassLoaders (java.base@17.0.9)
 331:             2             64  sun.util.resources.Bundles$2 (java.base@17.0.9)
 332:             1             56  [Ljava.nio.file.StandardOpenOption; (java.base@17.0.9)
 333:             1             56  [Lru.job4j.tracker.action.UserAction;
 334:             1             56  [[I (java.base@17.0.9)
 335:             1             56  java.lang.invoke.BoundMethodHandle$Specializer (java.base@17.0.9)
 336:             1             56  java.lang.invoke.BoundMethodHandle$Species_LLLLLL (java.base@17.0.9)
 337:             1             56  java.nio.DirectIntBufferU (java.base@17.0.9)
 338:             1             56  java.util.jar.JarFile (java.base@17.0.9)
 339:             1             48  [Ljava.math.RoundingMode; (java.base@17.0.9)
 340:             1             48  [Ljava.util.concurrent.TimeUnit; (java.base@17.0.9)
 341:             3             48  [Ljava.util.regex.IntHashSet; (java.base@17.0.9)
 342:             2             48  [Ljava.util.regex.Pattern$Node; (java.base@17.0.9)
 343:             2             48  com.intellij.rt.debugger.agent.CollectionBreakpointInstrumentor$ReturnsBooleanMethod
 344:             2             48  java.io.ByteArrayOutputStream (java.base@17.0.9)
 345:             2             48  java.io.File$PathStatus (java.base@17.0.9)
 346:             2             48  java.io.InputStreamReader (java.base@17.0.9)
 347:             2             48  java.io.OutputStreamWriter (java.base@17.0.9)
 348:             2             48  java.lang.Class$3 (java.base@17.0.9)
 349:             1             48  java.lang.NullPointerException (java.base@17.0.9)
 350:             3             48  java.lang.ThreadLocal (java.base@17.0.9)
 351:             1             48  java.lang.invoke.BoundMethodHandle$Specializer$Factory (java.base@17.0.9)
 352:             1             48  java.lang.invoke.BoundMethodHandle$Species_LLLL (java.base@17.0.9)
 353:             1             48  java.lang.invoke.BoundMethodHandle$Species_LLLLL (java.base@17.0.9)
 354:             2             48  java.lang.invoke.MethodHandles$Lookup$ClassOption (java.base@17.0.9)
 355:             1             48  java.lang.module.Resolver (java.base@17.0.9)
 356:             3             48  java.nio.charset.CodingErrorAction (java.base@17.0.9)
 357:             2             48  java.security.Permissions (java.base@17.0.9)
 358:             3             48  java.util.ResourceBundle$NoFallbackControl (java.base@17.0.9)
 359:             2             48  java.util.Scanner$PatternLRUCache (java.base@17.0.9)
 360:             2             48  java.util.ServiceLoader$1 (java.base@17.0.9)
 361:             2             48  java.util.ServiceLoader$2 (java.base@17.0.9)
 362:             1             48  java.util.StringTokenizer (java.base@17.0.9)
 363:             2             48  java.util.concurrent.CopyOnWriteArrayList$COWIterator (java.base@17.0.9)
 364:             3             48  java.util.concurrent.atomic.AtomicInteger (java.base@17.0.9)
 365:             3             48  java.util.regex.Pattern$BitClass (java.base@17.0.9)
 366:             2             48  java.util.regex.Pattern$BmpCharPredicate$$Lambda$22/0x80000002b (java.base@17.0.9)
 367:             2             48  java.util.regex.Pattern$Start (java.base@17.0.9)
 368:             2             48  java.util.regex.Pattern$StartS (java.base@17.0.9)
 369:             2             48  java.util.stream.ReferencePipeline$3$1 (java.base@17.0.9)
 370:             1             48  jdk.internal.jimage.ImageHeader (java.base@17.0.9)
 371:             3             48  jdk.internal.loader.ClassLoaderValue (java.base@17.0.9)
 372:             2             48  jdk.internal.loader.URLClassPath$3 (java.base@17.0.9)
 373:             1             48  jdk.internal.loader.URLClassPath$JarLoader (java.base@17.0.9)
 374:             2             48  jdk.internal.misc.Signal$NativeHandler (java.base@17.0.9)
 375:             2             48  jdk.internal.module.ModuleHashes (java.base@17.0.9)
 376:             2             48  jdk.internal.module.SystemModuleFinders$SystemModuleFinder (java.base@17.0.9)
 377:             3             48  jdk.internal.reflect.ConstantPool (java.base@17.0.9)
 378:             3             48  jdk.internal.reflect.DelegatingMethodAccessorImpl (java.base@17.0.9)
 379:             3             48  jdk.internal.reflect.ReflectionFactory$GetReflectionFactoryAction (java.base@17.0.9)
 380:             2             48  sun.instrument.TransformerManager (java.instrument@17.0.9)
 381:             2             48  sun.instrument.TransformerManager$TransformerInfo (java.instrument@17.0.9)
 382:             2             48  sun.security.util.LazyCodeSourcePermissionCollection (java.base@17.0.9)
 383:             2             48  sun.util.resources.LocaleData$1 (java.base@17.0.9)
 384:             1             40  [Ljava.lang.invoke.VarHandle$AccessType; (java.base@17.0.9)
 385:             1             40  [[Ljava.lang.invoke.LambdaForm$Name; (java.base@17.0.9)
 386:             1             40  java.io.BufferedInputStream (java.base@17.0.9)
 387:             1             40  java.lang.ArithmeticException (java.base@17.0.9)
 388:             1             40  java.lang.InternalError (java.base@17.0.9)
 389:             1             40  java.lang.Package$VersionInfo (java.base@17.0.9)
 390:             1             40  java.lang.VirtualMachineError (java.base@17.0.9)
 391:             1             40  java.lang.invoke.BoundMethodHandle$Species_LJ (java.base@17.0.9)
 392:             1             40  java.lang.invoke.BoundMethodHandle$Species_LLL (java.base@17.0.9)
 393:             1             40  java.lang.invoke.MethodHandleImpl$AsVarargsCollector (java.base@17.0.9)
 394:             1             40  java.util.ResourceBundle$2 (java.base@17.0.9)
 395:             1             40  java.util.zip.ZipFile$Source$End (java.base@17.0.9)
 396:             1             40  jdk.internal.ref.CleanerImpl$CleanerCleanable (java.base@17.0.9)
 397:             1             40  sun.text.resources.cldr.FormatData (java.base@17.0.9)
 398:             1             40  sun.text.resources.cldr.ext.FormatData_ru (jdk.localedata@17.0.9)
 399:             1             40  sun.util.resources.Bundles$1 (java.base@17.0.9)
 400:             2             32  [Ljava.lang.StackTraceElement; (java.base@17.0.9)
 401:             1             32  [Ljava.lang.ThreadGroup; (java.base@17.0.9)
 402:             2             32  [Ljava.lang.annotation.Annotation; (java.base@17.0.9)
 403:             1             32  [Ljava.lang.module.ModuleDescriptor$Modifier; (java.base@17.0.9)
 404:             1             32  [Ljava.lang.module.ModuleDescriptor$Requires$Modifier; (java.base@17.0.9)
 405:             1             32  [Ljava.util.regex.Pattern$Qtype; (java.base@17.0.9)
 406:             1             32  [Ljava.util.stream.StreamShape; (java.base@17.0.9)
 407:             1             32  [Lsun.nio.fs.NativeBuffer; (java.base@17.0.9)
 408:             2             32  com.intellij.rt.debugger.agent.CaptureAgent$ParamKeyProvider
 409:             1             32  java.io.ByteArrayInputStream (java.base@17.0.9)
 410:             1             32  java.io.RandomAccessFile (java.base@17.0.9)
 411:             1             32  java.io.UnixFileSystem (java.base@17.0.9)
 412:             2             32  java.lang.Boolean (java.base@17.0.9)
 413:             1             32  java.net.URI$Parser (java.base@17.0.9)
 414:             2             32  java.nio.ByteOrder (java.base@17.0.9)
 415:             1             32  java.nio.file.attribute.FileTime (java.base@17.0.9)
 416:             2             32  java.util.HashMap$Values (java.base@17.0.9)
 417:             1             32  java.util.LinkedList (java.base@17.0.9)
 418:             2             32  java.util.ResourceBundle$SingleFormatControl (java.base@17.0.9)
 419:             2             32  java.util.WeakHashMap$KeySet (java.base@17.0.9)
 420:             2             32  java.util.concurrent.ConcurrentHashMap$ValuesView (java.base@17.0.9)
 421:             2             32  java.util.concurrent.locks.ReentrantLock (java.base@17.0.9)
 422:             1             32  java.util.jar.Manifest$FastInputStream (java.base@17.0.9)
 423:             2             32  java.util.regex.Pattern$$Lambda$19/0x800000025 (java.base@17.0.9)
 424:             2             32  java.util.regex.Pattern$BranchConn (java.base@17.0.9)
 425:             1             32  java.util.stream.Collectors$CollectorImpl (java.base@17.0.9)
 426:             1             32  java.util.stream.ReduceOps$3 (java.base@17.0.9)
 427:             1             32  java.util.stream.ReduceOps$3ReducingSink (java.base@17.0.9)
 428:             1             32  java.util.zip.ZipCoder$UTF8ZipCoder (java.base@17.0.9)
 429:             1             32  java.util.zip.ZipFile$CleanableResource (java.base@17.0.9)
 430:             1             32  jdk.internal.loader.BuiltinClassLoader$1 (java.base@17.0.9)
 431:             1             32  jdk.internal.loader.URLClassPath$1 (java.base@17.0.9)
 432:             1             32  jdk.internal.module.ArchivedModuleGraph (java.base@17.0.9)
 433:             2             32  jdk.internal.module.ModuleLoaderMap$Mapper (java.base@17.0.9)
 434:             2             32  jdk.internal.module.ModuleResolution (java.base@17.0.9)
 435:             2             32  jdk.internal.module.ModuleTarget (java.base@17.0.9)
 436:             1             32  jdk.internal.org.objectweb.asm.ConstantDynamic (java.base@17.0.9)
 437:             1             32  jdk.internal.org.objectweb.asm.Handle (java.base@17.0.9)
 438:             2             32  jdk.internal.vm.PostVMInitHook$1 (java.base@17.0.9)
 439:             1             32  sun.instrument.InstrumentationImpl (java.instrument@17.0.9)
 440:             2             32  sun.net.www.protocol.jar.Handler (java.base@17.0.9)
 441:             1             32  sun.nio.fs.LinuxFileSystem (java.base@17.0.9)
 442:             1             32  sun.nio.fs.NativeBuffer (java.base@17.0.9)
 443:             1             32  sun.util.locale.provider.LocaleResources (java.base@17.0.9)
 444:             1             24  [Ljava.io.File$PathStatus; (java.base@17.0.9)
 445:             1             24  [Ljava.net.URL; (java.base@17.0.9)
 446:             1             24  [Ljava.util.Locale$Category; (java.base@17.0.9)
 447:             1             24  [Ljava.util.jar.Manifest; (java.base@17.0.9)
 448:             1             24  com.intellij.rt.debugger.agent.CaptureAgent$FieldKeyProvider
 449:             1             24  com.intellij.rt.debugger.agent.CollectionBreakpointInstrumentor$ConcurrentIdentityHashMap
 450:             1             24  com.intellij.rt.debugger.agent.CollectionBreakpointInstrumentor$PutMethod
 451:             1             24  com.intellij.rt.debugger.agent.CollectionBreakpointInstrumentor$RemoveKeyMethod
 452:             1             24  java.lang.Class$1 (java.base@17.0.9)
 453:             1             24  java.lang.Double (java.base@17.0.9)
 454:             1             24  java.lang.RuntimePermission (java.base@17.0.9)
 455:             1             24  java.lang.ThreadLocal$ThreadLocalMap (java.base@17.0.9)
 456:             1             24  java.lang.invoke.MethodType$ConcurrentWeakInternSet (java.base@17.0.9)
 457:             1             24  java.lang.reflect.ReflectPermission (java.base@17.0.9)
 458:             1             24  java.security.BasicPermissionCollection (java.base@17.0.9)
 459:             1             24  java.util.Arrays$ArrayItr (java.base@17.0.9)
 460:             1             24  java.util.Arrays$ArrayList (java.base@17.0.9)
 461:             1             24  java.util.Collections$EmptyMap (java.base@17.0.9)
 462:             1             24  java.util.Collections$UnmodifiableRandomAccessList (java.base@17.0.9)
 463:             1             24  java.util.ImmutableCollections$MapN$MapNIterator (java.base@17.0.9)
 464:             1             24  java.util.Locale$Cache (java.base@17.0.9)
 465:             1             24  java.util.ResourceBundle$Control$CandidateListCache (java.base@17.0.9)
 466:             1             24  java.util.jar.Manifest (java.base@17.0.9)
 467:             1             24  java.util.regex.Pattern$$Lambda$21/0x80000002a (java.base@17.0.9)
 468:             1             24  java.util.regex.Pattern$BmpCharProperty (java.base@17.0.9)
 469:             1             24  java.util.regex.Pattern$CharPredicate$$Lambda$19/0x00007f23f00460e8 (java.base@17.0.9)
 470:             1             24  java.util.regex.Pattern$Dollar (java.base@17.0.9)
 471:             1             24  java.util.regex.Pattern$GroupHead (java.base@17.0.9)
 472:             1             24  java.util.regex.Pattern$GroupTail (java.base@17.0.9)
 473:             1             24  java.util.regex.Pattern$Slice (java.base@17.0.9)
 474:             1             24  java.util.zip.ZipFile$Source$Key (java.base@17.0.9)
 475:             1             24  jdk.internal.jimage.ImageReader (java.base@17.0.9)
 476:             1             24  jdk.internal.loader.BuiltinClassLoader$2 (java.base@17.0.9)
 477:             1             24  jdk.internal.loader.FileURLMapper (java.base@17.0.9)
 478:             1             24  jdk.internal.loader.URLClassPath$FileLoader (java.base@17.0.9)
 479:             1             24  jdk.internal.module.ModuleBootstrap$SafeModuleFinder (java.base@17.0.9)
 480:             1             24  jdk.internal.module.ModuleHashes$Builder (java.base@17.0.9)
 481:             1             24  jdk.internal.ref.CleanerImpl (java.base@17.0.9)
 482:             1             24  ru.job4j.tracker.MemTracker
 483:             1             24  ru.job4j.tracker.ValidateInput
 484:             1             24  sun.nio.cs.StandardCharsets (java.base@17.0.9)
 485:             1             24  sun.nio.cs.UTF_8 (java.base@17.0.9)
 486:             1             24  sun.nio.fs.NativeBuffer$Deallocator (java.base@17.0.9)
 487:             1             24  sun.nio.fs.UnixFileAttributeViews$Basic (java.base@17.0.9)
 488:             1             24  sun.util.locale.BaseLocale$Cache (java.base@17.0.9)
 489:             1             24  sun.util.locale.provider.DecimalFormatSymbolsProviderImpl (java.base@17.0.9)
 490:             1             24  sun.util.locale.provider.NumberFormatProviderImpl (java.base@17.0.9)
 491:             1             16  [D (java.base@17.0.9)
 492:             1             16  [F (java.base@17.0.9)
 493:             1             16  [Ljava.lang.Throwable; (java.base@17.0.9)
 494:             1             16  [Ljava.nio.file.LinkOption; (java.base@17.0.9)
 495:             1             16  [Ljava.nio.file.Path; (java.base@17.0.9)
 496:             1             16  [Ljava.security.CodeSigner; (java.base@17.0.9)
 497:             1             16  [Ljava.security.cert.Certificate; (java.base@17.0.9)
 498:             1             16  [Ljava.text.FieldPosition; (java.base@17.0.9)
 499:             1             16  com.intellij.rt.debugger.agent.CaptureAgent$1
 500:             1             16  com.intellij.rt.debugger.agent.CaptureAgent$CaptureTransformer
 501:             1             16  com.intellij.rt.debugger.agent.CaptureStorage$1
 502:             1             16  com.intellij.rt.debugger.agent.CollectionBreakpointInstrumentor$CollectionBreakpointTransformer
 503:             1             16  java.io.FileDescriptor$1 (java.base@17.0.9)
 504:             1             16  java.io.RandomAccessFile$2 (java.base@17.0.9)
 505:             1             16  java.lang.CharacterData00 (java.base@17.0.9)
 506:             1             16  java.lang.CharacterDataLatin1 (java.base@17.0.9)
 507:             1             16  java.lang.Float (java.base@17.0.9)
 508:             1             16  java.lang.ModuleLayer$Controller (java.base@17.0.9)
 509:             1             16  java.lang.Runtime (java.base@17.0.9)
 510:             1             16  java.lang.String$CaseInsensitiveComparator (java.base@17.0.9)
 511:             1             16  java.lang.System$2 (java.base@17.0.9)
 512:             1             16  java.lang.Terminator$1 (java.base@17.0.9)
 513:             1             16  java.lang.invoke.ClassSpecializer$1 (java.base@17.0.9)
 514:             1             16  java.lang.invoke.MemberName$Factory (java.base@17.0.9)
 515:             1             16  java.lang.invoke.MethodHandleImpl$1 (java.base@17.0.9)
 516:             1             16  java.lang.invoke.StringConcatFactory$1 (java.base@17.0.9)
 517:             1             16  java.lang.invoke.StringConcatFactory$2 (java.base@17.0.9)
 518:             1             16  java.lang.invoke.StringConcatFactory$3 (java.base@17.0.9)
 519:             1             16  java.lang.module.ModuleDescriptor$1 (java.base@17.0.9)
 520:             1             16  java.lang.module.ModuleFinder$1 (java.base@17.0.9)
 521:             1             16  java.lang.ref.Cleaner (java.base@17.0.9)
 522:             1             16  java.lang.ref.Cleaner$1 (java.base@17.0.9)
 523:             1             16  java.lang.ref.Reference$1 (java.base@17.0.9)
 524:             1             16  java.lang.reflect.ReflectAccess (java.base@17.0.9)
 525:             1             16  java.net.URI$1 (java.base@17.0.9)
 526:             1             16  java.net.URL$3 (java.base@17.0.9)
 527:             1             16  java.net.URL$DefaultFactory (java.base@17.0.9)
 528:             1             16  java.nio.Bits$1 (java.base@17.0.9)
 529:             1             16  java.nio.Buffer$1 (java.base@17.0.9)
 530:             1             16  java.nio.file.FileSystems$DefaultFileSystemHolder$1 (java.base@17.0.9)
 531:             1             16  java.security.ProtectionDomain$JavaSecurityAccessImpl (java.base@17.0.9)
 532:             1             16  java.text.DecimalFormatSymbols$$Lambda$59/0x800000061 (java.base@17.0.9)
 533:             1             16  java.util.Collections$EmptyIterator (java.base@17.0.9)
 534:             1             16  java.util.Collections$EmptyList (java.base@17.0.9)
 535:             1             16  java.util.Collections$EmptySet (java.base@17.0.9)
 536:             1             16  java.util.EnumMap$1 (java.base@17.0.9)
 537:             1             16  java.util.IdentityHashMap$KeySet (java.base@17.0.9)
 538:             1             16  java.util.ImmutableCollections$MapN$1 (java.base@17.0.9)
 539:             1             16  java.util.LinkedHashSet (java.base@17.0.9)
 540:             1             16  java.util.Locale$Builder (java.base@17.0.9)
 541:             1             16  java.util.ResourceBundle$1 (java.base@17.0.9)
 542:             1             16  java.util.ResourceBundle$Control (java.base@17.0.9)
 543:             1             16  java.util.ResourceBundle$ResourceBundleProviderHelper$$Lambda$55/0x80000005d (java.base@17.0.9)
 544:             1             16  java.util.Spliterators$EmptySpliterator$OfDouble (java.base@17.0.9)
 545:             1             16  java.util.Spliterators$EmptySpliterator$OfInt (java.base@17.0.9)
 546:             1             16  java.util.Spliterators$EmptySpliterator$OfLong (java.base@17.0.9)
 547:             1             16  java.util.Spliterators$EmptySpliterator$OfRef (java.base@17.0.9)
 548:             1             16  java.util.jar.Attributes (java.base@17.0.9)
 549:             1             16  java.util.jar.JavaUtilJarAccessImpl (java.base@17.0.9)
 550:             1             16  java.util.regex.CharPredicates$$Lambda$14/0x00007f23f00457d0 (java.base@17.0.9)
 551:             1             16  java.util.regex.CharPredicates$$Lambda$16/0x00007f23f0045e88 (java.base@17.0.9)
 552:             1             16  java.util.regex.Pattern$$Lambda$15/0x00007f23f0045c28 (java.base@17.0.9)
 553:             1             16  java.util.regex.Pattern$$Lambda$29/0x00007f23f004b260 (java.base@17.0.9)
 554:             1             16  java.util.regex.Pattern$CharPredicate$$Lambda$23/0x80000002d (java.base@17.0.9)
 555:             1             16  java.util.regex.Pattern$LastNode (java.base@17.0.9)
 556:             1             16  java.util.regex.Pattern$Node (java.base@17.0.9)
 557:             1             16  java.util.stream.Collectors$$Lambda$5/0x800000010 (java.base@17.0.9)
 558:             1             16  java.util.stream.Collectors$$Lambda$6/0x800000011 (java.base@17.0.9)
 559:             1             16  java.util.stream.Collectors$$Lambda$7/0x800000016 (java.base@17.0.9)
 560:             1             16  java.util.stream.Collectors$$Lambda$8/0x800000017 (java.base@17.0.9)
 561:             1             16  java.util.stream.FindOps$FindSink$OfInt$$Lambda$60/0x800000062 (java.base@17.0.9)
 562:             1             16  java.util.stream.FindOps$FindSink$OfInt$$Lambda$61/0x800000063 (java.base@17.0.9)
 563:             1             16  java.util.stream.FindOps$FindSink$OfInt$$Lambda$62/0x800000064 (java.base@17.0.9)
 564:             1             16  java.util.stream.FindOps$FindSink$OfInt$$Lambda$63/0x800000065 (java.base@17.0.9)
 565:             1             16  java.util.stream.FindOps$FindSink$OfRef$$Lambda$11/0x80000001a (java.base@17.0.9)
 566:             1             16  java.util.stream.FindOps$FindSink$OfRef$$Lambda$12/0x80000001b (java.base@17.0.9)
 567:             1             16  java.util.stream.FindOps$FindSink$OfRef$$Lambda$13/0x80000001c (java.base@17.0.9)
 568:             1             16  java.util.stream.FindOps$FindSink$OfRef$$Lambda$14/0x80000001d (java.base@17.0.9)
 569:             1             16  java.util.zip.ZipFile$1 (java.base@17.0.9)
 570:             1             16  jdk.internal.jimage.ImageReaderFactory$1 (java.base@17.0.9)
 571:             1             16  jdk.internal.jimage.ImageStringsReader (java.base@17.0.9)
 572:             1             16  jdk.internal.jimage.NativeImageBuffer$1 (java.base@17.0.9)
 573:             1             16  jdk.internal.jimage.decompressor.Decompressor (java.base@17.0.9)
 574:             1             16  jdk.internal.loader.URLClassPath$JarLoader$1 (java.base@17.0.9)
 575:             1             16  jdk.internal.misc.ScopedMemoryAccess (java.base@17.0.9)
 576:             1             16  jdk.internal.misc.TerminatingThreadLocal$1 (java.base@17.0.9)
 577:             1             16  jdk.internal.misc.Unsafe (java.base@17.0.9)
 578:             1             16  jdk.internal.module.ArchivedBootLayer (java.base@17.0.9)
 579:             1             16  jdk.internal.module.DefaultRoots$$Lambda$1/0x800000002 (java.base@17.0.9)
 580:             1             16  jdk.internal.module.DefaultRoots$$Lambda$16/0x80000001f (java.base@17.0.9)
 581:             1             16  jdk.internal.module.DefaultRoots$$Lambda$2/0x800000004 (java.base@17.0.9)
 582:             1             16  jdk.internal.module.DefaultRoots$$Lambda$3/0x800000006 (java.base@17.0.9)
 583:             1             16  jdk.internal.module.DefaultRoots$$Lambda$4/0x800000007 (java.base@17.0.9)
 584:             1             16  jdk.internal.module.ModulePatcher (java.base@17.0.9)
 585:             1             16  jdk.internal.module.SystemModules$all (java.base@17.0.9)
 586:             1             16  jdk.internal.perf.Perf (java.base@17.0.9)
 587:             1             16  jdk.internal.perf.Perf$GetPerfAction (java.base@17.0.9)
 588:             1             16  jdk.internal.ref.CleanerFactory$1 (java.base@17.0.9)
 589:             1             16  jdk.internal.reflect.ReflectionFactory (java.base@17.0.9)
 590:             1             16  jdk.internal.util.SystemProps$Raw (java.base@17.0.9)
 591:             1             16  ru.job4j.tracker.ConsoleInput
 592:             1             16  ru.job4j.tracker.ConsoleOutput
 593:             1             16  ru.job4j.tracker.StartUI
 594:             1             16  ru.job4j.tracker.action.Create
 595:             1             16  ru.job4j.tracker.action.CreateManyItems
 596:             1             16  ru.job4j.tracker.action.Delete
 597:             1             16  ru.job4j.tracker.action.DeleteAllItems
 598:             1             16  ru.job4j.tracker.action.Exit
 599:             1             16  ru.job4j.tracker.action.FindAll
 600:             1             16  ru.job4j.tracker.action.FindById
 601:             1             16  ru.job4j.tracker.action.FindByName
 602:             1             16  ru.job4j.tracker.action.Replace
 603:             1             16  sun.net.www.protocol.file.Handler (java.base@17.0.9)
 604:             1             16  sun.net.www.protocol.jrt.Handler (java.base@17.0.9)
 605:             1             16  sun.nio.fs.LinuxFileSystemProvider (java.base@17.0.9)
 606:             1             16  sun.nio.fs.NativeBuffers$1 (java.base@17.0.9)
 607:             1             16  sun.nio.fs.UnixFileAttributes$UnixAsBasicFileAttributes (java.base@17.0.9)
 608:             1             16  sun.util.cldr.CLDRBaseLocaleDataMetaInfo (java.base@17.0.9)
 609:             1             16  sun.util.cldr.CLDRLocaleProviderAdapter$$Lambda$51/0x800000059 (java.base@17.0.9)
 610:             1             16  sun.util.locale.InternalLocaleBuilder$CaseInsensitiveChar (java.base@17.0.9)
 611:             1             16  sun.util.locale.provider.JRELocaleProviderAdapter$$Lambda$57/0x80000005f (java.base@17.0.9)
 612:             1             16  sun.util.locale.provider.JRELocaleProviderAdapter$$Lambda$58/0x800000060 (java.base@17.0.9)
 613:             1             16  sun.util.resources.LocaleData (java.base@17.0.9)
 614:             1             16  sun.util.resources.LocaleData$LocaleDataStrategy (java.base@17.0.9)
 615:             1             16  sun.util.resources.cldr.provider.CLDRLocaleDataMetaInfo (jdk.localedata@17.0.9)
 616:             1             16  sun.util.resources.provider.LocaleDataProvider (jdk.localedata@17.0.9)
Total         64868        7703888

2. проведён анализ инструментом jmap. добавил 20000 заявок. Видим, что в 14 строке
появились 20000 объектов ru.job4j.tracker.Item которые занимают в памяти 480000 байт, а в последней строке


akobelskii@PC-2022112803:~$ jmap -histo 28776
 num     #instances         #bytes  class name (module)
-------------------------------------------------------
   1:        288836       20294328  [B (java.base@17.0.9)
   2:        155030        3720720  java.lang.String (java.base@17.0.9)
   3:         46095        1843800  java.util.Formatter$FormatSpecifier (java.base@17.0.9)
   4:         32220        1569504  [Ljava.lang.Object; (java.base@17.0.9)
   5:         46095        1475040  java.util.Formatter$FixedString (java.base@17.0.9)
   6:           931        1325720  [I (java.base@17.0.9)
   7:         15380         861280  java.nio.HeapCharBuffer (java.base@17.0.9)
   8:         30858         740592  java.util.AbstractMap$SimpleImmutableEntry (java.base@17.0.9)
   9:         30731         737544  java.lang.StringBuilder (java.base@17.0.9)
  10:         15365         491680  java.util.Formatter (java.base@17.0.9)
  11:         20130         483120  java.time.LocalDateTime (java.base@17.0.9)
  12:         20070         481680  java.time.LocalDate (java.base@17.0.9)
  13:         20026         480624  java.time.LocalTime (java.base@17.0.9)
  14:         20000         480000  ru.job4j.tracker.Item
  15:         15621         374904  java.lang.Long (java.base@17.0.9)
  16:         15365         368760  java.time.format.DateTimePrintContext (java.base@17.0.9)
  17:         11139         267336  java.util.ArrayList (java.base@17.0.9)
  18:         15632         250112  java.lang.Integer (java.base@17.0.9)
  19:          1619         200080  java.lang.Class (java.base@17.0.9)
  20:          4992         159744  java.util.HashMap$Node (java.base@17.0.9)
  21:          3800         121600  java.util.concurrent.ConcurrentHashMap$Node (java.base@17.0.9)
  22:             1          80016  [Lru.job4j.tracker.Item;
  23:           621          76624  [Ljava.util.HashMap$Node; (java.base@17.0.9)
  24:           219          59960  [C (java.base@17.0.9)
  25:            71          47600  [Ljava.util.concurrent.ConcurrentHashMap$Node; (java.base@17.0.9)
  26:           633          30384  java.util.HashMap (java.base@17.0.9)
  27:           292          18664  [Ljava.lang.String; (java.base@17.0.9)
  28:           732          17568  java.lang.module.ModuleDescriptor$Exports (java.base@17.0.9)
  29:           196          14896  [Ljava.lang.ref.SoftReference; (java.base@17.0.9)
  30:           291          13968  java.lang.invoke.MemberName (java.base@17.0.9)
  31:           467          11208  java.util.ImmutableCollections$Set12 (java.base@17.0.9)
  32:           349          11168  java.lang.invoke.MethodType$ConcurrentWeakInternSet$WeakEntry (java.base@17.0.9)
  33:           276          11040  java.lang.invoke.MethodType (java.base@17.0.9)
  34:           341          10912  jdk.internal.math.FDBigInteger (java.base@17.0.9)
  35:           132          10560  java.net.URI (java.base@17.0.9)
  36:           302           9664  java.lang.invoke.LambdaForm$Name (java.base@17.0.9)
  37:           299           9568  java.lang.module.ModuleDescriptor$Requires (java.base@17.0.9)
  38:           132           8448  java.lang.module.ModuleDescriptor (java.base@17.0.9)
  39:           285           8104  [Ljava.lang.Class; (java.base@17.0.9)
  40:           135           7560  java.lang.Module (java.base@17.0.9)
  41:           132           7392  jdk.internal.module.ModuleReferenceImpl (java.base@17.0.9)
  42:           461           7376  java.util.HashSet (java.base@17.0.9)
  43:           109           6976  java.util.concurrent.ConcurrentHashMap (java.base@17.0.9)
  44:            32           6624  [Ljava.lang.invoke.MethodHandle; (java.base@17.0.9)
  45:           265           6360  java.util.ImmutableCollections$SetN (java.base@17.0.9)
  46:           248           5952  jdk.internal.module.ServicesCatalog$ServiceProvider (java.base@17.0.9)
  47:           144           5760  java.lang.ref.SoftReference (java.base@17.0.9)
  48:           239           5736  java.lang.invoke.ResolvedMethodName (java.base@17.0.9)
  49:            14           5152  java.lang.Thread (java.base@17.0.9)
  50:           256           4096  java.lang.Byte (java.base@17.0.9)
  51:           256           4096  java.lang.Short (java.base@17.0.9)
  52:            85           4080  java.lang.invoke.LambdaForm (java.base@17.0.9)
  53:           251           4016  java.lang.Object (java.base@17.0.9)
  54:            90           4000  [Ljava.lang.invoke.LambdaForm$Name; (java.base@17.0.9)
  55:           122           3904  jdk.internal.loader.BuiltinClassLoader$LoadedModule (java.base@17.0.9)
  56:            90           3600  java.math.BigInteger (java.base@17.0.9)
  57:           108           3456  java.lang.invoke.MethodTypeForm (java.base@17.0.9)
  58:           140           3360  java.util.ImmutableCollections$List12 (java.base@17.0.9)
  59:           132           3168  jdk.internal.module.SystemModuleFinders$2 (java.base@17.0.9)
  60:            66           3168  jdk.internal.ref.CleanerImpl$PhantomCleanableRef (java.base@17.0.9)
  61:            43           3096  java.lang.reflect.Constructor (java.base@17.0.9)
  62:           124           2976  java.lang.module.ResolvedModule (java.base@17.0.9)
  63:            46           2944  java.lang.Class$ReflectionData (java.base@17.0.9)
  64:            12           2912  [J (java.base@17.0.9)
  65:           121           2904  java.lang.module.ModuleDescriptor$Provides (java.base@17.0.9)
  66:           119           2856  java.lang.invoke.LambdaForm$NamedFunction (java.base@17.0.9)
  67:           103           2472  [[C (java.base@17.0.9)
  68:           100           2400  java.util.concurrent.CopyOnWriteArrayList (java.base@17.0.9)
  69:            68           2176  java.lang.invoke.LambdaForm$Kind (java.base@17.0.9)
  70:            67           2144  java.lang.invoke.DirectMethodHandle (java.base@17.0.9)
  71:           128           2048  java.lang.Character (java.base@17.0.9)
  72:           126           2016  jdk.internal.module.SystemModuleFinders$3 (java.base@17.0.9)
  73:            28           1792  java.net.URL (java.base@17.0.9)
  74:            33           1584  java.time.temporal.ValueRange (java.base@17.0.9)
  75:            12           1536  sun.nio.fs.UnixFileAttributes (java.base@17.0.9)
  76:            48           1536  sun.util.locale.BaseLocale (java.base@17.0.9)
  77:            62           1488  jdk.internal.module.SystemModuleFinders$SystemModuleReader (java.base@17.0.9)
  78:             1           1424  [[B (java.base@17.0.9)
  79:             1           1376  [Ljdk.internal.math.FDBigInteger; (java.base@17.0.9)
  80:            13           1352  java.util.jar.JarFile$JarFileEntry (java.base@17.0.9)
  81:            33           1320  java.util.LinkedHashMap$Entry (java.base@17.0.9)
  82:            41           1312  java.lang.invoke.MethodHandleNatives$CallSiteContext (java.base@17.0.9)
  83:            39           1248  jdk.internal.reflect.NativeConstructorAccessorImpl (java.base@17.0.9)
  84:            14           1232  java.lang.reflect.Method (java.base@17.0.9)
  85:            30           1200  java.io.ObjectStreamField (java.base@17.0.9)
  86:            30           1200  java.lang.invoke.DirectMethodHandle$Accessor (java.base@17.0.9)
  87:            30           1200  java.time.temporal.ChronoField (java.base@17.0.9)
  88:            38           1184  [Ljava.math.BigInteger; (java.base@17.0.9)
  89:            47           1128  java.util.ImmutableCollections$ListN (java.base@17.0.9)
  90:            14           1120  [Ljava.util.WeakHashMap$Entry; (java.base@17.0.9)
  91:             5           1104  [Z (java.base@17.0.9)
  92:            33           1056  com.intellij.rt.debugger.agent.CaptureAgent$InstrumentPoint
  93:            66           1056  java.util.HashMap$KeySet (java.base@17.0.9)
  94:             1           1040  [Ljava.lang.Byte; (java.base@17.0.9)
  95:             1           1040  [Ljava.lang.Integer; (java.base@17.0.9)
  96:             1           1040  [Ljava.lang.Long; (java.base@17.0.9)
  97:             1           1040  [Ljava.lang.Short; (java.base@17.0.9)
  98:            31            992  java.lang.invoke.BoundMethodHandle$Species_L (java.base@17.0.9)
  99:            31            992  java.lang.invoke.VarHandle$AccessMode (java.base@17.0.9)
 100:            12            960  java.util.zip.ZipFile$Source (java.base@17.0.9)
 101:            28            944  [Ljava.time.format.DateTimeFormatterBuilder$DateTimePrinterParser; (java.base@17.0.9)
 102:            39            936  [Ljava.lang.reflect.Constructor; (java.base@17.0.9)
 103:            29            928  java.lang.ref.ReferenceQueue (java.base@17.0.9)
 104:            29            928  java.util.Locale (java.base@17.0.9)
 105:            36            864  java.util.jar.Attributes$Name (java.base@17.0.9)
 106:            20            800  sun.util.locale.LocaleObjectCache$CacheEntry (java.base@17.0.9)
 107:            33            792  com.intellij.rt.debugger.agent.CollectionBreakpointInstrumentor$ImmutableMethod
 108:            16            768  java.lang.invoke.LambdaFormEditor$Transform (java.base@17.0.9)
 109:            24            768  java.time.format.DateTimeFormatterBuilder$NumberPrinterParser (java.base@17.0.9)
 110:            13            728  java.util.jar.JarFile (java.base@17.0.9)
 111:            17            680  java.security.AccessControlContext (java.base@17.0.9)
 112:            12            672  java.io.FileCleanable (java.base@17.0.9)
 113:            28            672  java.time.format.DateTimeFormatterBuilder$CompositePrinterParser (java.base@17.0.9)
 114:            14            672  java.util.WeakHashMap (java.base@17.0.9)
 115:            16            640  java.time.format.DateTimeFormatter (java.base@17.0.9)
 116:            10            640  java.util.zip.Inflater (java.base@17.0.9)
 117:             3            624  [Ljava.lang.invoke.LambdaForm; (java.base@17.0.9)
 118:            13            624  jdk.internal.loader.URLClassPath$JarLoader (java.base@17.0.9)
 119:            39            624  jdk.internal.reflect.DelegatingConstructorAccessorImpl (java.base@17.0.9)
 120:            15            600  java.io.FileDescriptor (java.base@17.0.9)
 121:            15            600  java.lang.invoke.DirectMethodHandle$Constructor (java.base@17.0.9)
 122:             7            560  java.util.concurrent.TimeUnit (java.base@17.0.9)
 123:            10            560  sun.invoke.util.Wrapper (java.base@17.0.9)
 124:            14            560  sun.util.locale.provider.LocaleResources$ResourceReference (java.base@17.0.9)
 125:             2            544  [Ljava.time.LocalDateTime; (java.base@17.0.9)
 126:             1            528  [Ljava.lang.Character; (java.base@17.0.9)
 127:             9            512  [Ljava.util.Hashtable$Entry; (java.base@17.0.9)
 128:            16            512  java.time.temporal.ChronoUnit (java.base@17.0.9)
 129:             7            496  [Lsun.invoke.util.Wrapper; (java.base@17.0.9)
 130:            31            496  java.lang.ref.ReferenceQueue$Lock (java.base@17.0.9)
 131:            12            480  java.lang.OutOfMemoryError (java.base@17.0.9)
 132:            15            480  sun.nio.fs.UnixPath (java.base@17.0.9)
 133:            19            456  java.time.Duration (java.base@17.0.9)
 134:             7            448  java.nio.DirectByteBuffer (java.base@17.0.9)
 135:             5            440  java.util.regex.Pattern (java.base@17.0.9)
 136:             1            432  [[[C (java.base@17.0.9)
 137:             9            432  java.lang.invoke.BoundMethodHandle$SpeciesData (java.base@17.0.9)
 138:            18            432  java.lang.invoke.Invokers (java.base@17.0.9)
 139:             9            432  java.util.Hashtable (java.base@17.0.9)
 140:            13            416  java.io.File (java.base@17.0.9)
 141:            13            416  java.util.zip.ZipFile$CleanableResource (java.base@17.0.9)
 142:            12            384  java.io.RandomAccessFile (java.base@17.0.9)
 143:            16            384  java.util.ArrayDeque (java.base@17.0.9)
 144:             1            376  java.lang.ref.Finalizer$FinalizerThread (java.base@17.0.9)
 145:             1            376  jdk.internal.misc.InnocuousThread (java.base@17.0.9)
 146:             1            368  java.lang.ref.Reference$ReferenceHandler (java.base@17.0.9)
 147:            23            368  java.time.format.DateTimeFormatterBuilder$CharLiteralPrinterParser (java.base@17.0.9)
 148:             9            360  [Ljava.lang.invoke.BoundMethodHandle$SpeciesData; (java.base@17.0.9)
 149:             9            360  java.security.ProtectionDomain (java.base@17.0.9)
 150:            15            360  java.util.Collections$SetFromMap (java.base@17.0.9)
 151:             9            360  sun.util.resources.Bundles$BundleReference (java.base@17.0.9)
 152:             5            336  [S (java.base@17.0.9)
 153:             6            336  java.nio.DirectLongBufferU (java.base@17.0.9)
 154:             2            328  [D (java.base@17.0.9)
 155:             2            328  [Ljava.time.ZoneOffset; (java.base@17.0.9)
 156:             8            320  java.security.CodeSource (java.base@17.0.9)
 157:            10            320  sun.util.locale.BaseLocale$Key (java.base@17.0.9)
 158:            10            296  [Ljava.io.ObjectStreamField; (java.base@17.0.9)
 159:             1            288  [Ljava.lang.invoke.LambdaForm$Kind; (java.base@17.0.9)
 160:             2            288  [Ljava.lang.invoke.MemberName; (java.base@17.0.9)
 161:             2            288  java.util.Scanner (java.base@17.0.9)
 162:            12            288  java.util.zip.ZipFile$Source$Key (java.base@17.0.9)
 163:             9            288  jdk.internal.org.objectweb.asm.Type (java.base@17.0.9)
 164:             9            288  org.jetbrains.capture.org.objectweb.asm.Type
 165:             9            288  sun.util.resources.Bundles$CacheKey (java.base@17.0.9)
 166:             5            280  java.nio.HeapByteBuffer (java.base@17.0.9)
 167:             5            280  sun.util.calendar.ZoneInfo (java.base@17.0.9)
 168:            17            272  java.util.HashMap$EntrySet (java.base@17.0.9)
 169:            11            264  java.lang.invoke.MethodHandleImpl$Intrinsic (java.base@17.0.9)
 170:             8            256  java.util.Hashtable$Entry (java.base@17.0.9)
 171:             5            240  [Ljava.lang.invoke.LambdaForm$NamedFunction; (java.base@17.0.9)
 172:            10            240  java.nio.charset.CoderResult (java.base@17.0.9)
 173:            10            240  java.nio.file.StandardOpenOption (java.base@17.0.9)
 174:             6            240  java.util.EnumMap (java.base@17.0.9)
 175:             6            240  java.util.stream.StreamOpFlag (java.base@17.0.9)
 176:            10            240  java.util.zip.Inflater$InflaterZStreamRef (java.base@17.0.9)
 177:             7            224  java.util.ImmutableCollections$MapN (java.base@17.0.9)
 178:             4            224  java.util.LinkedHashMap (java.base@17.0.9)
 179:            14            224  java.util.WeakHashMap$KeySet (java.base@17.0.9)
 180:             7            224  java.util.regex.Pattern$Branch (java.base@17.0.9)
 181:             7            224  jdk.internal.loader.NativeLibraries (java.base@17.0.9)
 182:             2            208  jdk.internal.loader.ClassLoaders$AppClassLoader (java.base@17.0.9)
 183:             2            208  jdk.internal.loader.ClassLoaders$BootClassLoader (java.base@17.0.9)
 184:             2            208  jdk.internal.loader.ClassLoaders$PlatformClassLoader (java.base@17.0.9)
 185:             8            200  [Ljava.lang.reflect.Method; (java.base@17.0.9)
 186:             5            200  java.util.WeakHashMap$Entry (java.base@17.0.9)
 187:             4            192  [Ljava.lang.invoke.MethodType; (java.base@17.0.9)
 188:             2            192  [Lsun.util.locale.BaseLocale; (java.base@17.0.9)
 189:             6            192  java.lang.invoke.LambdaForm$BasicType (java.base@17.0.9)
 190:             8            192  java.lang.module.ModuleDescriptor$Opens (java.base@17.0.9)
 191:             8            192  java.math.RoundingMode (java.base@17.0.9)
 192:             3            192  java.nio.DirectByteBufferR (java.base@17.0.9)
 193:             8            192  java.time.ZoneOffset (java.base@17.0.9)
 194:             6            192  java.time.format.TextStyle (java.base@17.0.9)
 195:             2            192  java.util.jar.JarVerifier (java.base@17.0.9)
 196:            12            192  sun.nio.fs.UnixFileAttributes$UnixAsBasicFileAttributes (java.base@17.0.9)
 197:             7            168  [Ljava.util.regex.Pattern$Node; (java.base@17.0.9)
 198:             1            168  [[Ljava.math.BigInteger; (java.base@17.0.9)
 199:             7            168  java.time.DayOfWeek (java.base@17.0.9)
 200:             7            168  java.util.regex.Pattern$GroupHead (java.base@17.0.9)
 201:             7            168  java.util.regex.Pattern$GroupTail (java.base@17.0.9)
 202:             4            160  java.lang.invoke.BoundMethodHandle$Species_LL (java.base@17.0.9)
 203:             4            160  java.lang.invoke.DirectMethodHandle$Interface (java.base@17.0.9)
 204:             5            160  java.lang.invoke.VarHandle$AccessType (java.base@17.0.9)
 205:            10            160  java.util.Formatter$Flags (java.base@17.0.9)
 206:             5            160  java.util.RegularEnumSet (java.base@17.0.9)
 207:             4            160  jdk.internal.loader.NativeLibraries$NativeLibraryImpl (java.base@17.0.9)
 208:             5            160  sun.util.locale.provider.LocaleProviderAdapter$Type (java.base@17.0.9)
 209:             1            144  [Ljava.lang.invoke.VarHandle$AccessMode; (java.base@17.0.9)
 210:             9            144  [Ljava.security.Principal; (java.base@17.0.9)
 211:             3            144  java.lang.ThreadGroup (java.base@17.0.9)
 212:             6            144  java.lang.module.ModuleDescriptor$Requires$Modifier (java.base@17.0.9)
 213:             9            144  java.security.ProtectionDomain$Key (java.base@17.0.9)
 214:             3            144  java.time.temporal.JulianFields$Field (java.base@17.0.9)
 215:             2            144  java.util.regex.Matcher (java.base@17.0.9)
 216:             6            144  java.util.regex.Pattern$BmpCharProperty (java.base@17.0.9)
 217:             6            144  jdk.internal.perf.PerfCounter (java.base@17.0.9)
 218:             1            136  [Ljava.time.temporal.ChronoField; (java.base@17.0.9)
 219:             4            128  java.lang.invoke.MethodHandles$Lookup (java.base@17.0.9)
 220:             4            128  java.lang.ref.WeakReference (java.base@17.0.9)
 221:             4            128  java.time.format.DateTimeFormatterBuilder$TextPrinterParser (java.base@17.0.9)
 222:             8            128  java.util.Collections$UnmodifiableSet (java.base@17.0.9)
 223:             4            128  java.util.stream.FindOps$FindOp (java.base@17.0.9)
 224:             3            120  [Ljava.lang.invoke.LambdaForm$BasicType; (java.base@17.0.9)
 225:             1            120  [[Ljava.lang.String; (java.base@17.0.9)
 226:             3            120  java.lang.ModuleLayer (java.base@17.0.9)
 227:             3            120  java.lang.invoke.BoundMethodHandle$Species_LJ (java.base@17.0.9)
 228:             3            120  java.lang.invoke.MethodHandleImpl$IntrinsicMethodHandle (java.base@17.0.9)
 229:             3            120  java.lang.module.Configuration (java.base@17.0.9)
 230:             5            120  java.time.format.SignStyle (java.base@17.0.9)
 231:             5            120  java.util.stream.StreamOpFlag$Type (java.base@17.0.9)
 232:             3            112  [Ljava.lang.Thread; (java.base@17.0.9)
 233:             1            112  [Ljava.time.LocalTime; (java.base@17.0.9)
 234:             2            112  java.nio.DirectIntBufferRU (java.base@17.0.9)
 235:             2            112  java.util.Properties (java.base@17.0.9)
 236:             7            112  java.util.regex.Pattern$BranchConn (java.base@17.0.9)
 237:             7            112  jdk.internal.module.ServicesCatalog (java.base@17.0.9)
 238:             2             96  [Ljava.time.DayOfWeek; (java.base@17.0.9)
 239:             4             96  java.lang.NamedPackage (java.base@17.0.9)
 240:             3             96  java.lang.Runtime$Version (java.base@17.0.9)
 241:             2             96  java.lang.invoke.BoundMethodHandle$Species_LLLL (java.base@17.0.9)
 242:             3             96  java.lang.invoke.SimpleMethodHandle (java.base@17.0.9)
 243:             4             96  java.lang.module.ModuleDescriptor$Modifier (java.base@17.0.9)
 244:             4             96  java.time.format.DateTimeFormatterBuilder$OffsetIdPrinterParser (java.base@17.0.9)
 245:             4             96  java.time.format.DateTimeFormatterBuilder$SettingsParser (java.base@17.0.9)
 246:             4             96  java.time.format.DateTimeTextProvider$LocaleStore (java.base@17.0.9)
 247:             4             96  java.util.concurrent.ConcurrentHashMap$KeySetView (java.base@17.0.9)
 248:             4             96  java.util.regex.Pattern$BmpCharPredicate$$Lambda$22/0x80000002b (java.base@17.0.9)
 249:             4             96  java.util.regex.Pattern$BmpCharPropertyGreedy (java.base@17.0.9)
 250:             4             96  java.util.regex.Pattern$CharPropertyGreedy (java.base@17.0.9)
 251:             4             96  java.util.regex.Pattern$Qtype (java.base@17.0.9)
 252:             4             96  java.util.stream.StreamShape (java.base@17.0.9)
 253:             1             96  jdk.internal.jimage.ImageReader$SharedImageReader (java.base@17.0.9)
 254:             3             96  jdk.internal.reflect.NativeMethodAccessorImpl (java.base@17.0.9)
 255:             2             96  sun.nio.cs.StreamDecoder (java.base@17.0.9)
 256:             2             96  sun.nio.cs.StreamEncoder (java.base@17.0.9)
 257:             2             96  sun.nio.cs.UTF_8$Encoder (java.base@17.0.9)
 258:             2             80  [Ljava.lang.OutOfMemoryError; (java.base@17.0.9)
 259:             1             80  [Ljava.lang.ThreadLocal$ThreadLocalMap$Entry; (java.base@17.0.9)
 260:             1             80  [Ljava.time.temporal.ChronoUnit; (java.base@17.0.9)
 261:             2             80  [Ljava.util.stream.StreamOpFlag$Type; (java.base@17.0.9)
 262:             5             80  com.intellij.rt.debugger.agent.CollectionBreakpointInstrumentor$KnownMethodsSet
 263:             2             80  java.io.BufferedWriter (java.base@17.0.9)
 264:             2             80  java.io.PrintStream (java.base@17.0.9)
 265:             2             80  java.lang.invoke.MethodHandleImpl$AsVarargsCollector (java.base@17.0.9)
 266:             2             80  java.util.Collections$SingletonMap (java.base@17.0.9)
 267:             2             80  java.util.IdentityHashMap (java.base@17.0.9)
 268:             2             80  java.util.Locale$Category (java.base@17.0.9)
 269:             5             80  java.util.regex.Pattern$$Lambda$19/0x800000025 (java.base@17.0.9)
 270:             2             80  jdk.internal.loader.URLClassPath (java.base@17.0.9)
 271:             2             80  sun.nio.cs.UTF_8$Decoder (java.base@17.0.9)
 272:             1             80  sun.util.cldr.CLDRLocaleProviderAdapter (java.base@17.0.9)
 273:             1             80  sun.util.locale.provider.JRELocaleProviderAdapter (java.base@17.0.9)
 274:             3             72  java.lang.WeakPairMap (java.base@17.0.9)
 275:             3             72  java.time.Instant (java.base@17.0.9)
 276:             3             72  java.time.format.ResolverStyle (java.base@17.0.9)
 277:             3             72  java.util.LinkedList$Node (java.base@17.0.9)
 278:             3             72  java.util.concurrent.atomic.AtomicLong (java.base@17.0.9)
 279:             3             72  java.util.concurrent.atomic.AtomicMarkableReference$Pair (java.base@17.0.9)
 280:             3             72  java.util.regex.Pattern$$Lambda$21/0x80000002a (java.base@17.0.9)
 281:             3             72  java.util.regex.Pattern$Start (java.base@17.0.9)
 282:             3             72  java.util.stream.Collector$Characteristics (java.base@17.0.9)
 283:             3             72  jdk.internal.misc.Signal (java.base@17.0.9)
 284:             3             72  sun.util.resources.ParallelListResourceBundle$KeySet (java.base@17.0.9)
 285:             1             64  [Ljava.lang.invoke.MethodHandleImpl$Intrinsic; (java.base@17.0.9)
 286:             2             64  [Ljava.nio.charset.CoderResult; (java.base@17.0.9)
 287:             2             64  [Ljava.util.stream.Collector$Characteristics; (java.base@17.0.9)
 288:             2             64  [Ljdk.internal.module.ServicesCatalog; (java.base@17.0.9)
 289:             2             64  java.io.BufferedOutputStream (java.base@17.0.9)
 290:             2             64  java.io.FileOutputStream (java.base@17.0.9)
 291:             2             64  java.lang.ClassValue$Entry (java.base@17.0.9)
 292:             2             64  java.lang.Module$ArchivedData (java.base@17.0.9)
 293:             2             64  java.lang.Package (java.base@17.0.9)
 294:             2             64  java.lang.ThreadLocal$ThreadLocalMap$Entry (java.base@17.0.9)
 295:             2             64  java.lang.invoke.VarForm (java.base@17.0.9)
 296:             2             64  java.lang.module.ModuleDescriptor$Version (java.base@17.0.9)
 297:             2             64  java.lang.ref.ReferenceQueue$Null (java.base@17.0.9)
 298:             2             64  java.time.temporal.IsoFields$Unit (java.base@17.0.9)
 299:             2             64  java.util.Collections$UnmodifiableMap (java.base@17.0.9)
 300:             2             64  java.util.HexFormat (java.base@17.0.9)
 301:             4             64  java.util.concurrent.ConcurrentHashMap$ValuesView (java.base@17.0.9)
 302:             4             64  java.util.concurrent.atomic.AtomicInteger (java.base@17.0.9)
 303:             2             64  java.util.concurrent.locks.ReentrantLock$NonfairSync (java.base@17.0.9)
 304:             4             64  java.util.regex.Pattern$BitClass (java.base@17.0.9)
 305:             2             64  jdk.internal.loader.ArchivedClassLoaders (java.base@17.0.9)
 306:             2             64  sun.util.locale.provider.LocaleResources (java.base@17.0.9)
 307:             1             56  [Ljava.nio.file.StandardOpenOption; (java.base@17.0.9)
 308:             1             56  [Lru.job4j.tracker.action.UserAction;
 309:             1             56  [[I (java.base@17.0.9)
 310:             1             56  java.lang.invoke.BoundMethodHandle$Specializer (java.base@17.0.9)
 311:             1             56  java.lang.invoke.BoundMethodHandle$Species_LLLLLLL (java.base@17.0.9)
 312:             1             56  jdk.internal.org.objectweb.asm.Label (java.base@17.0.9)
 313:             1             48  [Ljava.math.RoundingMode; (java.base@17.0.9)
 314:             2             48  [Ljava.security.ProtectionDomain; (java.base@17.0.9)
 315:             1             48  [Ljava.util.concurrent.TimeUnit; (java.base@17.0.9)
 316:             3             48  [Ljava.util.regex.IntHashSet; (java.base@17.0.9)
 317:             2             48  com.intellij.rt.debugger.agent.CollectionBreakpointInstrumentor$ReturnsBooleanMethod
 318:             2             48  java.io.ByteArrayOutputStream (java.base@17.0.9)
 319:             2             48  java.io.File$PathStatus (java.base@17.0.9)
 320:             2             48  java.io.InputStreamReader (java.base@17.0.9)
 321:             2             48  java.io.OutputStreamWriter (java.base@17.0.9)
 322:             1             48  java.lang.NullPointerException (java.base@17.0.9)
 323:             3             48  java.lang.ThreadLocal (java.base@17.0.9)
 324:             1             48  java.lang.invoke.BoundMethodHandle$Specializer$Factory (java.base@17.0.9)
 325:             2             48  java.lang.invoke.MethodHandles$Lookup$ClassOption (java.base@17.0.9)
 326:             3             48  java.nio.charset.CodingErrorAction (java.base@17.0.9)
 327:             2             48  java.security.Permissions (java.base@17.0.9)
 328:             2             48  java.time.format.DateTimeFormatterBuilder$1 (java.base@17.0.9)
 329:             2             48  java.time.format.DateTimeFormatterBuilder$ZoneIdPrinterParser (java.base@17.0.9)
 330:             3             48  java.util.Optional (java.base@17.0.9)
 331:             3             48  java.util.ResourceBundle$NoFallbackControl (java.base@17.0.9)
 332:             2             48  java.util.Scanner$PatternLRUCache (java.base@17.0.9)
 333:             3             48  java.util.concurrent.atomic.AtomicMarkableReference (java.base@17.0.9)
 334:             2             48  java.util.jar.Manifest (java.base@17.0.9)
 335:             2             48  java.util.regex.Pattern$StartS (java.base@17.0.9)
 336:             1             48  jdk.internal.jimage.ImageHeader (java.base@17.0.9)
 337:             3             48  jdk.internal.loader.ClassLoaderValue (java.base@17.0.9)
 338:             2             48  jdk.internal.misc.Signal$NativeHandler (java.base@17.0.9)
 339:             2             48  jdk.internal.module.ModuleHashes (java.base@17.0.9)
 340:             3             48  jdk.internal.reflect.DelegatingMethodAccessorImpl (java.base@17.0.9)
 341:             2             48  sun.instrument.TransformerManager (java.instrument@17.0.9)
 342:             2             48  sun.instrument.TransformerManager$TransformerInfo (java.instrument@17.0.9)
 343:             2             48  sun.security.util.LazyCodeSourcePermissionCollection (java.base@17.0.9)
 344:             1             48  sun.text.resources.FormatData (java.base@17.0.9)
 345:             1             48  sun.text.resources.JavaTimeSupplementary (java.base@17.0.9)
 346:             1             48  sun.text.resources.ext.FormatData_ru (jdk.localedata@17.0.9)
 347:             1             48  sun.text.resources.ext.FormatData_ru_RU (jdk.localedata@17.0.9)
 348:             1             48  sun.text.resources.ext.JavaTimeSupplementary_ru (jdk.localedata@17.0.9)
 349:             1             40  [Ljava.lang.invoke.VarHandle$AccessType; (java.base@17.0.9)
 350:             1             40  [Ljava.time.format.SignStyle; (java.base@17.0.9)
 351:             1             40  [Ljava.time.format.TextStyle; (java.base@17.0.9)
 352:             1             40  [Ljava.util.stream.StreamOpFlag; (java.base@17.0.9)
 353:             2             40  [Lsun.instrument.TransformerManager$TransformerInfo; (java.instrument@17.0.9)
 354:             1             40  [Lsun.util.locale.provider.LocaleProviderAdapter$Type; (java.base@17.0.9)
 355:             1             40  [[Ljava.lang.invoke.LambdaForm$Name; (java.base@17.0.9)
 356:             1             40  java.io.BufferedInputStream (java.base@17.0.9)
 357:             1             40  java.lang.ArithmeticException (java.base@17.0.9)
 358:             1             40  java.lang.Package$VersionInfo (java.base@17.0.9)
 359:             1             40  java.lang.VirtualMachineError (java.base@17.0.9)
 360:             1             40  java.lang.invoke.VarHandle$AccessDescriptor (java.base@17.0.9)
 361:             1             40  java.lang.invoke.VarHandleReferences$FieldInstanceReadWrite (java.base@17.0.9)
 362:             1             40  java.time.format.DateTimeFormatterBuilder (java.base@17.0.9)
 363:             1             40  java.time.format.DateTimeFormatterBuilder$FractionPrinterParser (java.base@17.0.9)
 364:             1             40  java.time.zone.ZoneRules (java.base@17.0.9)
 365:             1             40  java.util.ResourceBundle$2 (java.base@17.0.9)
 366:             1             40  jdk.internal.ref.CleanerImpl$CleanerCleanable (java.base@17.0.9)
 367:             1             40  sun.text.resources.cldr.FormatData (java.base@17.0.9)
 368:             1             40  sun.text.resources.cldr.ext.FormatData_ru (jdk.localedata@17.0.9)
 369:             1             40  sun.util.locale.InternalLocaleBuilder (java.base@17.0.9)
 370:             1             40  sun.util.resources.Bundles$1 (java.base@17.0.9)
 371:             2             32  [Ljava.lang.StackTraceElement; (java.base@17.0.9)
 372:             1             32  [Ljava.lang.ThreadGroup; (java.base@17.0.9)
 373:             2             32  [Ljava.lang.annotation.Annotation; (java.base@17.0.9)
 374:             1             32  [Ljava.lang.invoke.LambdaFormEditor$Transform; (java.base@17.0.9)
 375:             1             32  [Ljava.lang.module.ModuleDescriptor$Modifier; (java.base@17.0.9)
 376:             1             32  [Ljava.lang.module.ModuleDescriptor$Requires$Modifier; (java.base@17.0.9)
 377:             2             32  [Ljava.security.CodeSigner; (java.base@17.0.9)
 378:             1             32  [Ljava.time.format.DateTimeFormatterBuilder$SettingsParser; (java.base@17.0.9)
 379:             1             32  [Ljava.time.format.ResolverStyle; (java.base@17.0.9)
 380:             1             32  [Ljava.time.temporal.IsoFields$Field; (java.base@17.0.9)
 381:             1             32  [Ljava.time.temporal.JulianFields$Field; (java.base@17.0.9)
 382:             1             32  [Ljava.util.regex.Pattern$Qtype; (java.base@17.0.9)
 383:             1             32  [Ljava.util.stream.StreamShape; (java.base@17.0.9)
 384:             1             32  [Lsun.nio.fs.NativeBuffer; (java.base@17.0.9)
 385:             2             32  com.intellij.rt.debugger.agent.CaptureAgent$ParamKeyProvider
 386:             1             32  java.io.FileInputStream (java.base@17.0.9)
 387:             1             32  java.io.UnixFileSystem (java.base@17.0.9)
 388:             2             32  java.lang.Boolean (java.base@17.0.9)
 389:             2             32  java.nio.ByteOrder (java.base@17.0.9)
 390:             2             32  java.security.SecureClassLoader$CodeSourceKey (java.base@17.0.9)
 391:             2             32  java.time.format.DateTimeFormatterBuilder$StringLiteralPrinterParser (java.base@17.0.9)
 392:             2             32  java.util.Collections$SingletonSet (java.base@17.0.9)
 393:             2             32  java.util.HashMap$Values (java.base@17.0.9)
 394:             2             32  java.util.LinkedHashMap$LinkedEntrySet (java.base@17.0.9)
 395:             1             32  java.util.LinkedList (java.base@17.0.9)
 396:             2             32  java.util.ResourceBundle$SingleFormatControl (java.base@17.0.9)
 397:             2             32  java.util.concurrent.locks.ReentrantLock (java.base@17.0.9)
 398:             2             32  java.util.jar.Attributes (java.base@17.0.9)
 399:             1             32  java.util.zip.ZipCoder$UTF8ZipCoder (java.base@17.0.9)
 400:             1             32  jdk.internal.module.ArchivedModuleGraph (java.base@17.0.9)
 401:             2             32  jdk.internal.module.ModuleResolution (java.base@17.0.9)
 402:             2             32  jdk.internal.module.ModuleTarget (java.base@17.0.9)
 403:             1             32  jdk.internal.org.objectweb.asm.ConstantDynamic (java.base@17.0.9)
 404:             1             32  jdk.internal.org.objectweb.asm.Handle (java.base@17.0.9)
 405:             1             32  sun.instrument.InstrumentationImpl (java.instrument@17.0.9)
 406:             2             32  sun.net.www.protocol.jar.Handler (java.base@17.0.9)
 407:             1             32  sun.nio.fs.LinuxFileSystem (java.base@17.0.9)
 408:             1             32  sun.nio.fs.NativeBuffer (java.base@17.0.9)
 409:             1             32  sun.nio.fs.UnixFileKey (java.base@17.0.9)
 410:             2             32  sun.util.resources.LocaleData (java.base@17.0.9)
 411:             1             24  [Ljava.io.File$PathStatus; (java.base@17.0.9)
 412:             1             24  [Ljava.lang.ClassValue$Entry; (java.base@17.0.9)
 413:             1             24  [Ljava.lang.invoke.MethodHandles$Lookup$ClassOption; (java.base@17.0.9)
 414:             1             24  [Ljava.net.URL; (java.base@17.0.9)
 415:             1             24  [Ljava.time.temporal.IsoFields$Unit; (java.base@17.0.9)
 416:             1             24  [Ljava.util.Locale$Category; (java.base@17.0.9)
 417:             1             24  [Ljava.util.jar.Manifest; (java.base@17.0.9)
 418:             1             24  com.intellij.rt.debugger.agent.CaptureAgent$FieldKeyProvider
 419:             1             24  com.intellij.rt.debugger.agent.CollectionBreakpointInstrumentor$ConcurrentIdentityHashMap
 420:             1             24  com.intellij.rt.debugger.agent.CollectionBreakpointInstrumentor$PutMethod
 421:             1             24  com.intellij.rt.debugger.agent.CollectionBreakpointInstrumentor$RemoveKeyMethod
 422:             1             24  java.lang.ClassValue$Version (java.base@17.0.9)
 423:             1             24  java.lang.Double (java.base@17.0.9)
 424:             1             24  java.lang.RuntimePermission (java.base@17.0.9)
 425:             1             24  java.lang.ThreadLocal$ThreadLocalMap (java.base@17.0.9)
 426:             1             24  java.lang.invoke.MethodType$ConcurrentWeakInternSet (java.base@17.0.9)
 427:             1             24  java.lang.invoke.VarHandles$1 (java.base@17.0.9)
 428:             1             24  java.lang.reflect.ReflectPermission (java.base@17.0.9)
 429:             1             24  java.security.BasicPermissionCollection (java.base@17.0.9)
 430:             1             24  java.time.ZoneRegion (java.base@17.0.9)
 431:             1             24  java.time.format.DecimalStyle (java.base@17.0.9)
 432:             1             24  java.time.temporal.IsoFields$Field$1 (java.base@17.0.9)
 433:             1             24  java.time.temporal.IsoFields$Field$2 (java.base@17.0.9)
 434:             1             24  java.time.temporal.IsoFields$Field$3 (java.base@17.0.9)
 435:             1             24  java.time.temporal.IsoFields$Field$4 (java.base@17.0.9)
 436:             1             24  java.time.zone.TzdbZoneRulesProvider (java.base@17.0.9)
 437:             1             24  java.util.Arrays$ArrayList (java.base@17.0.9)
 438:             1             24  java.util.Collections$EmptyMap (java.base@17.0.9)
 439:             1             24  java.util.Collections$UnmodifiableRandomAccessList (java.base@17.0.9)
 440:             1             24  java.util.Locale$Cache (java.base@17.0.9)
 441:             1             24  java.util.OptionalInt (java.base@17.0.9)
 442:             1             24  java.util.ResourceBundle$Control$CandidateListCache (java.base@17.0.9)
 443:             1             24  java.util.regex.Pattern$CharPredicate$$Lambda$19/0x00007f23f00460e8 (java.base@17.0.9)
 444:             1             24  java.util.regex.Pattern$CharProperty (java.base@17.0.9)
 445:             1             24  java.util.regex.Pattern$Dollar (java.base@17.0.9)
 446:             1             24  java.util.regex.Pattern$Slice (java.base@17.0.9)
 447:             1             24  jdk.internal.jimage.ImageReader (java.base@17.0.9)
 448:             1             24  jdk.internal.loader.URLClassPath$FileLoader (java.base@17.0.9)
 449:             1             24  jdk.internal.module.ModuleBootstrap$SafeModuleFinder (java.base@17.0.9)
 450:             1             24  jdk.internal.module.SystemModuleFinders$SystemModuleFinder (java.base@17.0.9)
 451:             1             24  jdk.internal.ref.CleanerImpl (java.base@17.0.9)
 452:             1             24  ru.job4j.tracker.MemTracker
 453:             1             24  ru.job4j.tracker.ValidateInput
 454:             1             24  sun.nio.cs.StandardCharsets (java.base@17.0.9)
 455:             1             24  sun.nio.cs.UTF_8 (java.base@17.0.9)
 456:             1             24  sun.nio.fs.NativeBuffer$Deallocator (java.base@17.0.9)
 457:             1             24  sun.util.cldr.CLDRCalendarNameProviderImpl (java.base@17.0.9)
 458:             1             24  sun.util.locale.BaseLocale$Cache (java.base@17.0.9)
 459:             1             24  sun.util.locale.provider.CalendarNameProviderImpl (java.base@17.0.9)
 460:             1             24  sun.util.locale.provider.DecimalFormatSymbolsProviderImpl (java.base@17.0.9)
 461:             1             24  sun.util.locale.provider.LocaleServiceProviderPool (java.base@17.0.9)
 462:             1             24  sun.util.locale.provider.NumberFormatProviderImpl (java.base@17.0.9)
 463:             1             16  [F (java.base@17.0.9)
 464:             1             16  [Ljava.lang.Throwable; (java.base@17.0.9)
 465:             1             16  [Ljava.security.cert.Certificate; (java.base@17.0.9)
 466:             1             16  [Ljava.text.FieldPosition; (java.base@17.0.9)
 467:             1             16  [Ljava.time.zone.ZoneOffsetTransitionRule; (java.base@17.0.9)
 468:             1             16  com.intellij.rt.debugger.agent.CaptureAgent$1
 469:             1             16  com.intellij.rt.debugger.agent.CaptureAgent$CaptureTransformer
 470:             1             16  com.intellij.rt.debugger.agent.CaptureStorage$1
 471:             1             16  com.intellij.rt.debugger.agent.CollectionBreakpointInstrumentor$CollectionBreakpointTransformer
 472:             1             16  java.io.FileDescriptor$1 (java.base@17.0.9)
 473:             1             16  java.io.RandomAccessFile$2 (java.base@17.0.9)
 474:             1             16  java.lang.CharacterData00 (java.base@17.0.9)
 475:             1             16  java.lang.CharacterDataLatin1 (java.base@17.0.9)
 476:             1             16  java.lang.ClassValue$Identity (java.base@17.0.9)
 477:             1             16  java.lang.Float (java.base@17.0.9)
 478:             1             16  java.lang.Runtime (java.base@17.0.9)
 479:             1             16  java.lang.String$CaseInsensitiveComparator (java.base@17.0.9)
 480:             1             16  java.lang.System$2 (java.base@17.0.9)
 481:             1             16  java.lang.Terminator$1 (java.base@17.0.9)
 482:             1             16  java.lang.invoke.ClassSpecializer$1 (java.base@17.0.9)
 483:             1             16  java.lang.invoke.MemberName$Factory (java.base@17.0.9)
 484:             1             16  java.lang.invoke.MethodHandleImpl$1 (java.base@17.0.9)
 485:             1             16  java.lang.invoke.StringConcatFactory$1 (java.base@17.0.9)
 486:             1             16  java.lang.invoke.StringConcatFactory$2 (java.base@17.0.9)
 487:             1             16  java.lang.invoke.StringConcatFactory$3 (java.base@17.0.9)
 488:             1             16  java.lang.invoke.VarHandle$1 (java.base@17.0.9)
 489:             1             16  java.lang.module.ModuleDescriptor$1 (java.base@17.0.9)
 490:             1             16  java.lang.ref.Cleaner (java.base@17.0.9)
 491:             1             16  java.lang.ref.Cleaner$1 (java.base@17.0.9)
 492:             1             16  java.lang.ref.Reference$1 (java.base@17.0.9)
 493:             1             16  java.lang.reflect.ReflectAccess (java.base@17.0.9)
 494:             1             16  java.net.URI$1 (java.base@17.0.9)
 495:             1             16  java.net.URL$3 (java.base@17.0.9)
 496:             1             16  java.net.URL$DefaultFactory (java.base@17.0.9)
 497:             1             16  java.nio.Bits$1 (java.base@17.0.9)
 498:             1             16  java.nio.Buffer$1 (java.base@17.0.9)
 499:             1             16  java.security.ProtectionDomain$JavaSecurityAccessImpl (java.base@17.0.9)
 500:             1             16  java.text.DecimalFormatSymbols$$Lambda$59/0x800000061 (java.base@17.0.9)
 501:             1             16  java.time.Clock$SystemClock (java.base@17.0.9)
 502:             1             16  java.time.chrono.IsoChronology (java.base@17.0.9)
 503:             1             16  java.time.format.DateTimeFormatter$$Lambda$49/0x800000057 (java.base@17.0.9)
 504:             1             16  java.time.format.DateTimeFormatter$$Lambda$50/0x800000058 (java.base@17.0.9)
 505:             1             16  java.time.format.DateTimeFormatterBuilder$$Lambda$48/0x800000056 (java.base@17.0.9)
 506:             1             16  java.time.format.DateTimeFormatterBuilder$InstantPrinterParser (java.base@17.0.9)
 507:             1             16  java.time.format.DateTimeTextProvider (java.base@17.0.9)
 508:             1             16  java.time.format.DateTimeTextProvider$1 (java.base@17.0.9)
 509:             1             16  java.time.temporal.TemporalQueries$1 (java.base@17.0.9)
 510:             1             16  java.time.temporal.TemporalQueries$2 (java.base@17.0.9)
 511:             1             16  java.time.temporal.TemporalQueries$3 (java.base@17.0.9)
 512:             1             16  java.time.temporal.TemporalQueries$4 (java.base@17.0.9)
 513:             1             16  java.time.temporal.TemporalQueries$5 (java.base@17.0.9)
 514:             1             16  java.time.temporal.TemporalQueries$6 (java.base@17.0.9)
 515:             1             16  java.time.temporal.TemporalQueries$7 (java.base@17.0.9)
 516:             1             16  java.util.Collections$EmptyEnumeration (java.base@17.0.9)
 517:             1             16  java.util.Collections$EmptyIterator (java.base@17.0.9)
 518:             1             16  java.util.Collections$EmptyList (java.base@17.0.9)
 519:             1             16  java.util.Collections$EmptySet (java.base@17.0.9)
 520:             1             16  java.util.EnumMap$1 (java.base@17.0.9)
 521:             1             16  java.util.IdentityHashMap$KeySet (java.base@17.0.9)
 522:             1             16  java.util.Locale$Builder (java.base@17.0.9)
 523:             1             16  java.util.ResourceBundle$1 (java.base@17.0.9)
 524:             1             16  java.util.ResourceBundle$Control (java.base@17.0.9)
 525:             1             16  java.util.Spliterators$EmptySpliterator$OfDouble (java.base@17.0.9)
 526:             1             16  java.util.Spliterators$EmptySpliterator$OfInt (java.base@17.0.9)
 527:             1             16  java.util.Spliterators$EmptySpliterator$OfLong (java.base@17.0.9)
 528:             1             16  java.util.Spliterators$EmptySpliterator$OfRef (java.base@17.0.9)
 529:             1             16  java.util.jar.JavaUtilJarAccessImpl (java.base@17.0.9)
 530:             1             16  java.util.regex.CharPredicates$$Lambda$14/0x00007f23f00457d0 (java.base@17.0.9)
 531:             1             16  java.util.regex.CharPredicates$$Lambda$16/0x00007f23f0045e88 (java.base@17.0.9)
 532:             1             16  java.util.regex.CharPredicates$$Lambda$20/0x800000029 (java.base@17.0.9)
 533:             1             16  java.util.regex.Pattern$$Lambda$15/0x00007f23f0045c28 (java.base@17.0.9)
 534:             1             16  java.util.regex.Pattern$$Lambda$29/0x00007f23f004b260 (java.base@17.0.9)
 535:             1             16  java.util.regex.Pattern$CharPredicate$$Lambda$23/0x80000002d (java.base@17.0.9)
 536:             1             16  java.util.regex.Pattern$LastNode (java.base@17.0.9)
 537:             1             16  java.util.regex.Pattern$Node (java.base@17.0.9)
 538:             1             16  java.util.stream.Collectors$$Lambda$5/0x800000010 (java.base@17.0.9)
 539:             1             16  java.util.stream.Collectors$$Lambda$6/0x800000011 (java.base@17.0.9)
 540:             1             16  java.util.stream.Collectors$$Lambda$7/0x800000016 (java.base@17.0.9)
 541:             1             16  java.util.stream.Collectors$$Lambda$8/0x800000017 (java.base@17.0.9)
 542:             1             16  java.util.stream.FindOps$FindSink$OfInt$$Lambda$60/0x800000062 (java.base@17.0.9)
 543:             1             16  java.util.stream.FindOps$FindSink$OfInt$$Lambda$61/0x800000063 (java.base@17.0.9)
 544:             1             16  java.util.stream.FindOps$FindSink$OfInt$$Lambda$62/0x800000064 (java.base@17.0.9)
 545:             1             16  java.util.stream.FindOps$FindSink$OfInt$$Lambda$63/0x800000065 (java.base@17.0.9)
 546:             1             16  java.util.stream.FindOps$FindSink$OfRef$$Lambda$11/0x80000001a (java.base@17.0.9)
 547:             1             16  java.util.stream.FindOps$FindSink$OfRef$$Lambda$12/0x80000001b (java.base@17.0.9)
 548:             1             16  java.util.stream.FindOps$FindSink$OfRef$$Lambda$13/0x80000001c (java.base@17.0.9)
 549:             1             16  java.util.stream.FindOps$FindSink$OfRef$$Lambda$14/0x80000001d (java.base@17.0.9)
 550:             1             16  java.util.zip.ZipFile$1 (java.base@17.0.9)
 551:             1             16  jdk.internal.jimage.ImageReaderFactory$1 (java.base@17.0.9)
 552:             1             16  jdk.internal.jimage.ImageStringsReader (java.base@17.0.9)
 553:             1             16  jdk.internal.jimage.decompressor.Decompressor (java.base@17.0.9)
 554:             1             16  jdk.internal.misc.ScopedMemoryAccess (java.base@17.0.9)
 555:             1             16  jdk.internal.misc.TerminatingThreadLocal$1 (java.base@17.0.9)
 556:             1             16  jdk.internal.misc.Unsafe (java.base@17.0.9)
 557:             1             16  jdk.internal.module.ArchivedBootLayer (java.base@17.0.9)
 558:             1             16  jdk.internal.module.DefaultRoots$$Lambda$1/0x800000002 (java.base@17.0.9)
 559:             1             16  jdk.internal.module.DefaultRoots$$Lambda$16/0x80000001f (java.base@17.0.9)
 560:             1             16  jdk.internal.module.DefaultRoots$$Lambda$2/0x800000004 (java.base@17.0.9)
 561:             1             16  jdk.internal.module.DefaultRoots$$Lambda$4/0x800000007 (java.base@17.0.9)
 562:             1             16  jdk.internal.module.ModuleLoaderMap$Mapper (java.base@17.0.9)
 563:             1             16  jdk.internal.module.ModulePatcher (java.base@17.0.9)
 564:             1             16  jdk.internal.perf.Perf (java.base@17.0.9)
 565:             1             16  jdk.internal.reflect.ReflectionFactory (java.base@17.0.9)
 566:             1             16  jdk.internal.util.Preconditions$1 (java.base@17.0.9)
 567:             1             16  ru.job4j.tracker.ConsoleInput
 568:             1             16  ru.job4j.tracker.ConsoleOutput
 569:             1             16  ru.job4j.tracker.StartUI
 570:             1             16  ru.job4j.tracker.action.Create
 571:             1             16  ru.job4j.tracker.action.CreateManyItems
 572:             1             16  ru.job4j.tracker.action.Delete
 573:             1             16  ru.job4j.tracker.action.DeleteAllItems
 574:             1             16  ru.job4j.tracker.action.Exit
 575:             1             16  ru.job4j.tracker.action.FindAll
 576:             1             16  ru.job4j.tracker.action.FindById
 577:             1             16  ru.job4j.tracker.action.FindByName
 578:             1             16  ru.job4j.tracker.action.Replace
 579:             1             16  sun.net.www.protocol.file.Handler (java.base@17.0.9)
 580:             1             16  sun.net.www.protocol.jrt.Handler (java.base@17.0.9)
 581:             1             16  sun.nio.fs.LinuxFileSystemProvider (java.base@17.0.9)
 582:             1             16  sun.nio.fs.NativeBuffers$1 (java.base@17.0.9)
 583:             1             16  sun.util.cldr.CLDRBaseLocaleDataMetaInfo (java.base@17.0.9)
 584:             1             16  sun.util.cldr.CLDRLocaleProviderAdapter$$Lambda$51/0x800000059 (java.base@17.0.9)
 585:             1             16  sun.util.locale.InternalLocaleBuilder$CaseInsensitiveChar (java.base@17.0.9)
 586:             1             16  sun.util.locale.provider.CalendarDataUtility$CalendarFieldValueNameGetter (java.base@17.0.9)
 587:             1             16  sun.util.locale.provider.CalendarDataUtility$CalendarFieldValueNamesMapGetter (java.base@17.0.9)
 588:             1             16  sun.util.locale.provider.CalendarNameProviderImpl$LengthBasedComparator (java.base@17.0.9)
 589:             1             16  sun.util.resources.LocaleData$LocaleDataStrategy (java.base@17.0.9)
 590:             1             16  sun.util.resources.LocaleData$SupplementaryStrategy (java.base@17.0.9)
 591:             1             16  sun.util.resources.cldr.provider.CLDRLocaleDataMetaInfo (jdk.localedata@17.0.9)
Total        822464       37408416

3. проведён анализ инструментом jmap сразу после удаления 20000 заявок. Видим, что в 15 строке всё
ещё есть 20000 объектов ru.job4j.tracker.Item которые занимают в памяти 480000 байт.
То есть получается даже после выполнения команды удаления всех заявок, объекты остаются в памяти и не
удаляются сборщиком мусора.

akobelskii@PC-2022112803:~$ jmap -histo 28776
 num     #instances         #bytes  class name (module)
-------------------------------------------------------
   1:        351018       24172992  [B (java.base@17.0.9)
   2:        186146        4467504  java.lang.String (java.base@17.0.9)
   3:           985        3461592  [I (java.base@17.0.9)
   4:         57711        2308440  java.util.Formatter$FormatSpecifier (java.base@17.0.9)
   5:         40000        2151472  [Ljava.lang.Object; (java.base@17.0.9)
   6:         57711        1846752  java.util.Formatter$FixedString (java.base@17.0.9)
   7:         19284        1079904  java.nio.HeapCharBuffer (java.base@17.0.9)
   8:         38600         926400  java.util.AbstractMap$SimpleImmutableEntry (java.base@17.0.9)
   9:         38498         923952  java.lang.StringBuilder (java.base@17.0.9)
  10:         39377         630032  java.lang.Integer (java.base@17.0.9)
  11:         19237         615584  java.util.Formatter (java.base@17.0.9)
  12:         20130         483120  java.time.LocalDateTime (java.base@17.0.9)
  13:         20070         481680  java.time.LocalDate (java.base@17.0.9)
  14:         20026         480624  java.time.LocalTime (java.base@17.0.9)
  15:         20000         480000  ru.job4j.tracker.Item
  16:         19492         467808  java.lang.Long (java.base@17.0.9)
  17:         19236         461664  java.time.format.DateTimePrintContext (java.base@17.0.9)
  18:          1639         202376  java.lang.Class (java.base@17.0.9)
  19:          4992         159744  java.util.HashMap$Node (java.base@17.0.9)
  20:          3818         122176  java.util.concurrent.ConcurrentHashMap$Node (java.base@17.0.9)
  21:             2          80032  [Lru.job4j.tracker.Item;
  22:           621          76624  [Ljava.util.HashMap$Node; (java.base@17.0.9)
  23:           221          60192  [C (java.base@17.0.9)
  24:            72          48128  [Ljava.util.concurrent.ConcurrentHashMap$Node; (java.base@17.0.9)
  25:           633          30384  java.util.HashMap (java.base@17.0.9)
  26:           296          18928  [Ljava.lang.String; (java.base@17.0.9)
  27:           732          17568  java.lang.module.ModuleDescriptor$Exports (java.base@17.0.9)
  28:           313          15024  java.lang.invoke.MemberName (java.base@17.0.9)
  29:           196          14896  [Ljava.lang.ref.SoftReference; (java.base@17.0.9)
  30:           304          12160  java.lang.invoke.MethodType (java.base@17.0.9)
  31:           357          11424  java.lang.invoke.MethodType$ConcurrentWeakInternSet$WeakEntry (java.base@17.0.9)
  32:           469          11256  java.util.ImmutableCollections$Set12 (java.base@17.0.9)
  33:           341          10912  jdk.internal.math.FDBigInteger (java.base@17.0.9)
  34:           132          10560  java.net.URI (java.base@17.0.9)
  35:           306           9792  java.lang.invoke.LambdaForm$Name (java.base@17.0.9)
  36:           299           9568  java.lang.module.ModuleDescriptor$Requires (java.base@17.0.9)
  37:           314           8776  [Ljava.lang.Class; (java.base@17.0.9)
  38:           132           8448  java.lang.module.ModuleDescriptor (java.base@17.0.9)
  39:           135           7560  java.lang.Module (java.base@17.0.9)
  40:           132           7392  jdk.internal.module.ModuleReferenceImpl (java.base@17.0.9)
  41:           461           7376  java.util.HashSet (java.base@17.0.9)
  42:           109           6976  java.util.concurrent.ConcurrentHashMap (java.base@17.0.9)
  43:            32           6624  [Ljava.lang.invoke.MethodHandle; (java.base@17.0.9)
  44:           265           6360  java.util.ImmutableCollections$SetN (java.base@17.0.9)
  45:           248           5952  jdk.internal.module.ServicesCatalog$ServiceProvider (java.base@17.0.9)
  46:           148           5920  java.lang.ref.SoftReference (java.base@17.0.9)
  47:           245           5880  java.lang.invoke.ResolvedMethodName (java.base@17.0.9)
  48:            96           5376  jdk.internal.org.objectweb.asm.SymbolTable$Entry (java.base@17.0.9)
  49:            14           5152  java.lang.Thread (java.base@17.0.9)
  50:           261           4176  java.lang.Byte (java.base@17.0.9)
  51:            87           4176  java.lang.invoke.LambdaForm (java.base@17.0.9)
  52:            94           4128  [Ljava.lang.invoke.LambdaForm$Name; (java.base@17.0.9)
  53:           256           4096  java.lang.Short (java.base@17.0.9)
  54:           255           4080  java.lang.Object (java.base@17.0.9)
  55:           122           3904  jdk.internal.loader.BuiltinClassLoader$LoadedModule (java.base@17.0.9)
  56:            90           3600  java.math.BigInteger (java.base@17.0.9)
  57:           108           3456  java.lang.invoke.MethodTypeForm (java.base@17.0.9)
  58:            47           3384  java.lang.reflect.Constructor (java.base@17.0.9)
  59:           141           3384  java.util.ImmutableCollections$List12 (java.base@17.0.9)
  60:            14           3200  [J (java.base@17.0.9)
  61:             4           3200  [Ljdk.internal.org.objectweb.asm.SymbolTable$Entry; (java.base@17.0.9)
  62:           132           3168  jdk.internal.module.SystemModuleFinders$2 (java.base@17.0.9)
  63:            48           3072  java.lang.Class$ReflectionData (java.base@17.0.9)
  64:           124           2976  java.lang.module.ResolvedModule (java.base@17.0.9)
  65:           121           2904  java.lang.invoke.LambdaForm$NamedFunction (java.base@17.0.9)
  66:           121           2904  java.lang.module.ModuleDescriptor$Provides (java.base@17.0.9)
  67:           103           2472  [[C (java.base@17.0.9)
  68:           100           2400  java.util.concurrent.CopyOnWriteArrayList (java.base@17.0.9)
  69:            69           2208  java.lang.invoke.DirectMethodHandle (java.base@17.0.9)
  70:            68           2176  java.lang.invoke.LambdaForm$Kind (java.base@17.0.9)
  71:           128           2048  java.lang.Character (java.base@17.0.9)
  72:           126           2016  jdk.internal.module.SystemModuleFinders$3 (java.base@17.0.9)
  73:            28           1792  java.net.URL (java.base@17.0.9)
  74:            68           1632  java.util.ArrayList (java.base@17.0.9)
  75:            33           1584  java.time.temporal.ValueRange (java.base@17.0.9)
  76:            12           1536  sun.nio.fs.UnixFileAttributes (java.base@17.0.9)
  77:            48           1536  sun.util.locale.BaseLocale (java.base@17.0.9)
  78:            62           1488  jdk.internal.module.SystemModuleFinders$SystemModuleReader (java.base@17.0.9)
  79:             1           1424  [[B (java.base@17.0.9)
  80:             1           1376  [Ljdk.internal.math.FDBigInteger; (java.base@17.0.9)
  81:            13           1352  java.util.jar.JarFile$JarFileEntry (java.base@17.0.9)
  82:             6           1344  jdk.internal.org.objectweb.asm.MethodWriter (java.base@17.0.9)
  83:            33           1320  java.util.LinkedHashMap$Entry (java.base@17.0.9)
  84:            41           1312  jdk.internal.reflect.NativeConstructorAccessorImpl (java.base@17.0.9)
  85:            27           1296  jdk.internal.ref.CleanerImpl$PhantomCleanableRef (java.base@17.0.9)
  86:            14           1232  java.lang.reflect.Method (java.base@17.0.9)
  87:            30           1200  java.io.ObjectStreamField (java.base@17.0.9)
  88:            30           1200  java.lang.invoke.DirectMethodHandle$Accessor (java.base@17.0.9)
  89:            30           1200  java.time.temporal.ChronoField (java.base@17.0.9)
  90:            38           1184  [Ljava.math.BigInteger; (java.base@17.0.9)
  91:            49           1176  java.util.ImmutableCollections$ListN (java.base@17.0.9)
  92:            14           1120  [Ljava.util.WeakHashMap$Entry; (java.base@17.0.9)
  93:             5           1104  [Z (java.base@17.0.9)
  94:            33           1056  com.intellij.rt.debugger.agent.CaptureAgent$InstrumentPoint
  95:            33           1056  java.lang.invoke.BoundMethodHandle$Species_L (java.base@17.0.9)
  96:            66           1056  java.util.HashMap$KeySet (java.base@17.0.9)
  97:             1           1040  [Ljava.lang.Byte; (java.base@17.0.9)
  98:             1           1040  [Ljava.lang.Integer; (java.base@17.0.9)
  99:             1           1040  [Ljava.lang.Long; (java.base@17.0.9)
 100:             1           1040  [Ljava.lang.Short; (java.base@17.0.9)
 101:            43           1032  [Ljava.lang.reflect.Constructor; (java.base@17.0.9)
 102:            31            992  java.lang.invoke.VarHandle$AccessMode (java.base@17.0.9)
 103:            12            960  java.util.zip.ZipFile$Source (java.base@17.0.9)
 104:            28            944  [Ljava.time.format.DateTimeFormatterBuilder$DateTimePrinterParser; (java.base@17.0.9)
 105:            29            928  java.lang.ref.ReferenceQueue (java.base@17.0.9)
 106:            29            928  java.util.Locale (java.base@17.0.9)
 107:            36            864  java.util.jar.Attributes$Name (java.base@17.0.9)
 108:            20            800  sun.util.locale.LocaleObjectCache$CacheEntry (java.base@17.0.9)
 109:            33            792  com.intellij.rt.debugger.agent.CollectionBreakpointInstrumentor$ImmutableMethod
 110:            16            768  java.lang.invoke.LambdaFormEditor$Transform (java.base@17.0.9)
 111:            24            768  java.time.format.DateTimeFormatterBuilder$NumberPrinterParser (java.base@17.0.9)
 112:            13            728  java.util.jar.JarFile (java.base@17.0.9)
 113:            17            680  java.security.AccessControlContext (java.base@17.0.9)
 114:            12            672  java.io.FileCleanable (java.base@17.0.9)
 115:            28            672  java.time.format.DateTimeFormatterBuilder$CompositePrinterParser (java.base@17.0.9)
 116:            14            672  java.util.WeakHashMap (java.base@17.0.9)
 117:            41            656  jdk.internal.reflect.DelegatingConstructorAccessorImpl (java.base@17.0.9)
 118:            16            640  java.time.format.DateTimeFormatter (java.base@17.0.9)
 119:            10            640  java.util.zip.Inflater (java.base@17.0.9)
 120:             3            624  [Ljava.lang.invoke.LambdaForm; (java.base@17.0.9)
 121:            13            624  jdk.internal.loader.URLClassPath$JarLoader (java.base@17.0.9)
 122:            15            600  java.io.FileDescriptor (java.base@17.0.9)
 123:            15            600  java.lang.invoke.DirectMethodHandle$Constructor (java.base@17.0.9)
 124:             7            560  java.util.concurrent.TimeUnit (java.base@17.0.9)
 125:            10            560  sun.invoke.util.Wrapper (java.base@17.0.9)
 126:            14            560  sun.util.locale.provider.LocaleResources$ResourceReference (java.base@17.0.9)
 127:             2            544  [Ljava.time.LocalDateTime; (java.base@17.0.9)
 128:             1            528  [Ljava.lang.Character; (java.base@17.0.9)
 129:             9            512  [Ljava.util.Hashtable$Entry; (java.base@17.0.9)
 130:            16            512  java.time.temporal.ChronoUnit (java.base@17.0.9)
 131:             9            504  jdk.internal.org.objectweb.asm.Label (java.base@17.0.9)
 132:             7            496  [Lsun.invoke.util.Wrapper; (java.base@17.0.9)
 133:            31            496  java.lang.ref.ReferenceQueue$Lock (java.base@17.0.9)
 134:            12            480  java.lang.OutOfMemoryError (java.base@17.0.9)
 135:            15            480  sun.nio.fs.UnixPath (java.base@17.0.9)
 136:            19            456  java.time.Duration (java.base@17.0.9)
 137:             3            456  jdk.internal.org.objectweb.asm.ClassWriter (java.base@17.0.9)
 138:             7            448  java.nio.DirectByteBuffer (java.base@17.0.9)
 139:            14            448  jdk.internal.org.objectweb.asm.Type (java.base@17.0.9)
 140:             5            440  java.util.regex.Pattern (java.base@17.0.9)
 141:             1            432  [[[C (java.base@17.0.9)
 142:             9            432  java.lang.invoke.BoundMethodHandle$SpeciesData (java.base@17.0.9)
 143:            18            432  java.lang.invoke.Invokers (java.base@17.0.9)
 144:             9            432  java.util.Hashtable (java.base@17.0.9)
 145:             6            416  [S (java.base@17.0.9)
 146:            13            416  java.io.File (java.base@17.0.9)
 147:            13            416  java.util.zip.ZipFile$CleanableResource (java.base@17.0.9)
 148:            12            384  java.io.RandomAccessFile (java.base@17.0.9)
 149:            12            384  java.lang.invoke.MethodHandles$Lookup (java.base@17.0.9)
 150:            16            384  java.util.ArrayDeque (java.base@17.0.9)
 151:             1            376  java.lang.ref.Finalizer$FinalizerThread (java.base@17.0.9)
 152:             1            376  jdk.internal.misc.InnocuousThread (java.base@17.0.9)
 153:             1            368  java.lang.ref.Reference$ReferenceHandler (java.base@17.0.9)
 154:            23            368  java.time.format.DateTimeFormatterBuilder$CharLiteralPrinterParser (java.base@17.0.9)
 155:             9            360  [Ljava.lang.invoke.BoundMethodHandle$SpeciesData; (java.base@17.0.9)
 156:             9            360  java.security.ProtectionDomain (java.base@17.0.9)
 157:            15            360  java.util.Collections$SetFromMap (java.base@17.0.9)
 158:            15            360  jdk.internal.org.objectweb.asm.ByteVector (java.base@17.0.9)
 159:             9            360  sun.util.resources.Bundles$BundleReference (java.base@17.0.9)
 160:             3            344  [D (java.base@17.0.9)
 161:             6            336  java.nio.DirectLongBufferU (java.base@17.0.9)
 162:             2            328  [Ljava.time.ZoneOffset; (java.base@17.0.9)
 163:             8            320  java.security.CodeSource (java.base@17.0.9)
 164:            10            320  sun.util.locale.BaseLocale$Key (java.base@17.0.9)
 165:            10            296  [Ljava.io.ObjectStreamField; (java.base@17.0.9)
 166:             1            288  [Ljava.lang.invoke.LambdaForm$Kind; (java.base@17.0.9)
 167:             2            288  [Ljava.lang.invoke.MemberName; (java.base@17.0.9)
 168:             2            288  java.util.Scanner (java.base@17.0.9)
 169:            12            288  java.util.zip.ZipFile$Source$Key (java.base@17.0.9)
 170:             9            288  org.jetbrains.capture.org.objectweb.asm.Type
 171:             9            288  sun.util.resources.Bundles$CacheKey (java.base@17.0.9)
 172:             5            280  java.nio.HeapByteBuffer (java.base@17.0.9)
 173:             5            280  sun.util.calendar.ZoneInfo (java.base@17.0.9)
 174:            17            272  java.util.HashMap$EntrySet (java.base@17.0.9)
 175:            11            264  java.lang.invoke.MethodHandleImpl$Intrinsic (java.base@17.0.9)
 176:             8            256  java.util.Hashtable$Entry (java.base@17.0.9)
 177:             5            240  [Ljava.lang.invoke.LambdaForm$NamedFunction; (java.base@17.0.9)
 178:            10            240  java.nio.charset.CoderResult (java.base@17.0.9)
 179:            10            240  java.nio.file.StandardOpenOption (java.base@17.0.9)
 180:             6            240  java.util.EnumMap (java.base@17.0.9)
 181:             6            240  java.util.stream.StreamOpFlag (java.base@17.0.9)
 182:            10            240  java.util.zip.Inflater$InflaterZStreamRef (java.base@17.0.9)
 183:             7            224  java.util.ImmutableCollections$MapN (java.base@17.0.9)
 184:             4            224  java.util.LinkedHashMap (java.base@17.0.9)
 185:            14            224  java.util.WeakHashMap$KeySet (java.base@17.0.9)
 186:             7            224  java.util.regex.Pattern$Branch (java.base@17.0.9)
 187:             7            224  jdk.internal.loader.NativeLibraries (java.base@17.0.9)
 188:             2            208  java.lang.invoke.InnerClassLambdaMetafactory (java.base@17.0.9)
 189:             2            208  jdk.internal.loader.ClassLoaders$AppClassLoader (java.base@17.0.9)
 190:             2            208  jdk.internal.loader.ClassLoaders$BootClassLoader (java.base@17.0.9)
 191:             2            208  jdk.internal.loader.ClassLoaders$PlatformClassLoader (java.base@17.0.9)
 192:             8            200  [Ljava.lang.reflect.Method; (java.base@17.0.9)
 193:             5            200  java.lang.invoke.MethodHandleImpl$IntrinsicMethodHandle (java.base@17.0.9)
 194:             5            200  java.util.WeakHashMap$Entry (java.base@17.0.9)
 195:             4            192  [Ljava.lang.invoke.MethodType; (java.base@17.0.9)
 196:             2            192  [Lsun.util.locale.BaseLocale; (java.base@17.0.9)
 197:             6            192  java.lang.invoke.LambdaForm$BasicType (java.base@17.0.9)
 198:             8            192  java.lang.module.ModuleDescriptor$Opens (java.base@17.0.9)
 199:             8            192  java.math.RoundingMode (java.base@17.0.9)
 200:             3            192  java.nio.DirectByteBufferR (java.base@17.0.9)
 201:             8            192  java.time.ZoneOffset (java.base@17.0.9)
 202:             6            192  java.time.format.TextStyle (java.base@17.0.9)
 203:             2            192  java.util.jar.JarVerifier (java.base@17.0.9)
 204:             4            192  jdk.internal.org.objectweb.asm.Frame (java.base@17.0.9)
 205:             3            192  jdk.internal.org.objectweb.asm.SymbolTable (java.base@17.0.9)
 206:            12            192  sun.nio.fs.UnixFileAttributes$UnixAsBasicFileAttributes (java.base@17.0.9)
 207:             7            168  [Ljava.util.regex.Pattern$Node; (java.base@17.0.9)
 208:             1            168  [[Ljava.math.BigInteger; (java.base@17.0.9)
 209:             7            168  java.time.DayOfWeek (java.base@17.0.9)
 210:             7            168  java.util.regex.Pattern$GroupHead (java.base@17.0.9)
 211:             7            168  java.util.regex.Pattern$GroupTail (java.base@17.0.9)
 212:             4            160  java.lang.invoke.BoundMethodHandle$Species_LL (java.base@17.0.9)
 213:             4            160  java.lang.invoke.DirectMethodHandle$Interface (java.base@17.0.9)
 214:             5            160  java.lang.invoke.SimpleMethodHandle (java.base@17.0.9)
 215:             5            160  java.lang.invoke.VarHandle$AccessType (java.base@17.0.9)
 216:            10            160  java.util.Formatter$Flags (java.base@17.0.9)
 217:             5            160  java.util.RegularEnumSet (java.base@17.0.9)
 218:             4            160  jdk.internal.loader.NativeLibraries$NativeLibraryImpl (java.base@17.0.9)
 219:             5            160  sun.util.locale.provider.LocaleProviderAdapter$Type (java.base@17.0.9)
 220:             1            144  [Ljava.lang.invoke.VarHandle$AccessMode; (java.base@17.0.9)
 221:             9            144  [Ljava.security.Principal; (java.base@17.0.9)
 222:             3            144  java.lang.ThreadGroup (java.base@17.0.9)
 223:             6            144  java.lang.module.ModuleDescriptor$Requires$Modifier (java.base@17.0.9)
 224:             9            144  java.security.ProtectionDomain$Key (java.base@17.0.9)
 225:             3            144  java.time.temporal.JulianFields$Field (java.base@17.0.9)
 226:             2            144  java.util.regex.Matcher (java.base@17.0.9)
 227:             6            144  java.util.regex.Pattern$BmpCharProperty (java.base@17.0.9)
 228:             3            144  jdk.internal.org.objectweb.asm.AnnotationWriter (java.base@17.0.9)
 229:             6            144  jdk.internal.perf.PerfCounter (java.base@17.0.9)
 230:             1            136  [Ljava.time.temporal.ChronoField; (java.base@17.0.9)
 231:             4            128  java.lang.ref.WeakReference (java.base@17.0.9)
 232:             4            128  java.time.format.DateTimeFormatterBuilder$TextPrinterParser (java.base@17.0.9)
 233:             8            128  java.util.Collections$UnmodifiableSet (java.base@17.0.9)
 234:             4            128  java.util.stream.FindOps$FindOp (java.base@17.0.9)
 235:             3            120  [Ljava.lang.invoke.LambdaForm$BasicType; (java.base@17.0.9)
 236:             1            120  [[Ljava.lang.String; (java.base@17.0.9)
 237:             3            120  java.lang.ModuleLayer (java.base@17.0.9)
 238:             3            120  java.lang.invoke.BoundMethodHandle$Species_LJ (java.base@17.0.9)
 239:             3            120  java.lang.module.Configuration (java.base@17.0.9)
 240:             5            120  java.time.format.SignStyle (java.base@17.0.9)
 241:             5            120  java.util.stream.StreamOpFlag$Type (java.base@17.0.9)
 242:             3            112  [Ljava.lang.Thread; (java.base@17.0.9)
 243:             1            112  [Ljava.time.LocalTime; (java.base@17.0.9)
 244:             7            112  [Ljava.util.regex.IntHashSet; (java.base@17.0.9)
 245:             2            112  java.nio.DirectIntBufferRU (java.base@17.0.9)
 246:             2            112  java.util.Properties (java.base@17.0.9)
 247:             7            112  java.util.regex.Pattern$BranchConn (java.base@17.0.9)
 248:             7            112  jdk.internal.module.ServicesCatalog (java.base@17.0.9)
 249:             2             96  [Ljava.time.DayOfWeek; (java.base@17.0.9)
 250:             4             96  java.lang.NamedPackage (java.base@17.0.9)
 251:             3             96  java.lang.Runtime$Version (java.base@17.0.9)
 252:             2             96  java.lang.invoke.BoundMethodHandle$Species_LLLL (java.base@17.0.9)
 253:             3             96  java.lang.invoke.MethodHandles$Lookup$ClassDefiner (java.base@17.0.9)
 254:             4             96  java.lang.module.ModuleDescriptor$Modifier (java.base@17.0.9)
 255:             4             96  java.time.format.DateTimeFormatterBuilder$OffsetIdPrinterParser (java.base@17.0.9)
 256:             4             96  java.time.format.DateTimeFormatterBuilder$SettingsParser (java.base@17.0.9)
 257:             4             96  java.time.format.DateTimeTextProvider$LocaleStore (java.base@17.0.9)
 258:             4             96  java.util.concurrent.ConcurrentHashMap$KeySetView (java.base@17.0.9)
 259:             4             96  java.util.regex.Pattern$BmpCharPredicate$$Lambda$22/0x80000002b (java.base@17.0.9)
 260:             4             96  java.util.regex.Pattern$BmpCharPropertyGreedy (java.base@17.0.9)
 261:             4             96  java.util.regex.Pattern$CharPropertyGreedy (java.base@17.0.9)
 262:             4             96  java.util.regex.Pattern$Qtype (java.base@17.0.9)
 263:             4             96  java.util.stream.StreamShape (java.base@17.0.9)
 264:             1             96  jdk.internal.jimage.ImageReader$SharedImageReader (java.base@17.0.9)
 265:             2             96  jdk.internal.org.objectweb.asm.ClassReader (java.base@17.0.9)
 266:             3             96  jdk.internal.reflect.NativeMethodAccessorImpl (java.base@17.0.9)
 267:             2             96  sun.nio.cs.StreamDecoder (java.base@17.0.9)
 268:             2             96  sun.nio.cs.StreamEncoder (java.base@17.0.9)
 269:             2             96  sun.nio.cs.UTF_8$Encoder (java.base@17.0.9)
 270:             2             80  [Ljava.lang.OutOfMemoryError; (java.base@17.0.9)
 271:             1             80  [Ljava.lang.ThreadLocal$ThreadLocalMap$Entry; (java.base@17.0.9)
 272:             1             80  [Ljava.time.temporal.ChronoUnit; (java.base@17.0.9)
 273:             2             80  [Ljava.util.stream.StreamOpFlag$Type; (java.base@17.0.9)
 274:             5             80  com.intellij.rt.debugger.agent.CollectionBreakpointInstrumentor$KnownMethodsSet
 275:             2             80  java.io.BufferedWriter (java.base@17.0.9)
 276:             2             80  java.io.PrintStream (java.base@17.0.9)
 277:             2             80  java.lang.invoke.MethodHandleImpl$AsVarargsCollector (java.base@17.0.9)
 278:             2             80  java.util.Collections$SingletonMap (java.base@17.0.9)
 279:             2             80  java.util.IdentityHashMap (java.base@17.0.9)
 280:             2             80  java.util.Locale$Category (java.base@17.0.9)
 281:             5             80  java.util.regex.Pattern$$Lambda$19/0x800000025 (java.base@17.0.9)
 282:             2             80  jdk.internal.loader.URLClassPath (java.base@17.0.9)
 283:             2             80  sun.nio.cs.UTF_8$Decoder (java.base@17.0.9)
 284:             1             80  sun.util.cldr.CLDRLocaleProviderAdapter (java.base@17.0.9)
 285:             1             80  sun.util.locale.provider.JRELocaleProviderAdapter (java.base@17.0.9)
 286:             3             72  [Ljava.lang.invoke.MethodHandles$Lookup$ClassOption; (java.base@17.0.9)
 287:             3             72  java.lang.WeakPairMap (java.base@17.0.9)
 288:             3             72  java.lang.invoke.MethodHandles$Lookup$ClassFile (java.base@17.0.9)
 289:             3             72  java.time.Instant (java.base@17.0.9)
 290:             3             72  java.time.format.ResolverStyle (java.base@17.0.9)
 291:             3             72  java.util.LinkedList$Node (java.base@17.0.9)
 292:             3             72  java.util.concurrent.atomic.AtomicLong (java.base@17.0.9)
 293:             3             72  java.util.concurrent.atomic.AtomicMarkableReference$Pair (java.base@17.0.9)
 294:             3             72  java.util.regex.Pattern$$Lambda$21/0x80000002a (java.base@17.0.9)
 295:             3             72  java.util.regex.Pattern$Start (java.base@17.0.9)
 296:             3             72  java.util.stream.Collector$Characteristics (java.base@17.0.9)
 297:             3             72  jdk.internal.misc.Signal (java.base@17.0.9)
 298:             3             72  sun.util.resources.ParallelListResourceBundle$KeySet (java.base@17.0.9)
 299:             1             64  [Ljava.lang.invoke.MethodHandleImpl$Intrinsic; (java.base@17.0.9)
 300:             2             64  [Ljava.nio.charset.CoderResult; (java.base@17.0.9)
 301:             2             64  [Ljava.util.stream.Collector$Characteristics; (java.base@17.0.9)
 302:             2             64  [Ljdk.internal.module.ServicesCatalog; (java.base@17.0.9)
 303:             2             64  java.io.BufferedOutputStream (java.base@17.0.9)
 304:             2             64  java.io.FileOutputStream (java.base@17.0.9)
 305:             2             64  java.lang.ClassValue$Entry (java.base@17.0.9)
 306:             2             64  java.lang.Module$ArchivedData (java.base@17.0.9)
 307:             2             64  java.lang.Package (java.base@17.0.9)
 308:             2             64  java.lang.ThreadLocal$ThreadLocalMap$Entry (java.base@17.0.9)
 309:             1             64  java.lang.invoke.InvokerBytecodeGenerator (java.base@17.0.9)
 310:             2             64  java.lang.invoke.MethodHandleNatives$CallSiteContext (java.base@17.0.9)
 311:             2             64  java.lang.invoke.VarForm (java.base@17.0.9)
 312:             2             64  java.lang.module.ModuleDescriptor$Version (java.base@17.0.9)
 313:             2             64  java.lang.ref.ReferenceQueue$Null (java.base@17.0.9)
 314:             2             64  java.time.temporal.IsoFields$Unit (java.base@17.0.9)
 315:             2             64  java.util.ArrayList$Itr (java.base@17.0.9)
 316:             2             64  java.util.Collections$UnmodifiableMap (java.base@17.0.9)
 317:             2             64  java.util.HexFormat (java.base@17.0.9)
 318:             4             64  java.util.concurrent.ConcurrentHashMap$ValuesView (java.base@17.0.9)
 319:             4             64  java.util.concurrent.atomic.AtomicInteger (java.base@17.0.9)
 320:             2             64  java.util.concurrent.locks.ReentrantLock$NonfairSync (java.base@17.0.9)
 321:             2             64  java.util.regex.Matcher$ImmutableMatchResult (java.base@17.0.9)
 322:             4             64  java.util.regex.Pattern$BitClass (java.base@17.0.9)
 323:             1             64  java.util.stream.ReferencePipeline$3 (java.base@17.0.9)
 324:             2             64  jdk.internal.loader.ArchivedClassLoaders (java.base@17.0.9)
 325:             1             64  jdk.internal.org.objectweb.asm.FieldWriter (java.base@17.0.9)
 326:             2             64  sun.util.locale.provider.LocaleResources (java.base@17.0.9)
 327:             1             56  [Ljava.nio.file.StandardOpenOption; (java.base@17.0.9)
 328:             1             56  [Lru.job4j.tracker.action.UserAction;
 329:             1             56  [[I (java.base@17.0.9)
 330:             1             56  java.lang.invoke.BoundMethodHandle$Specializer (java.base@17.0.9)
 331:             1             56  java.lang.invoke.BoundMethodHandle$Species_LLLLLLL (java.base@17.0.9)
 332:             1             56  java.util.stream.ReferencePipeline$Head (java.base@17.0.9)
 333:             1             48  [Ljava.math.RoundingMode; (java.base@17.0.9)
 334:             2             48  [Ljava.security.ProtectionDomain; (java.base@17.0.9)
 335:             1             48  [Ljava.util.concurrent.TimeUnit; (java.base@17.0.9)
 336:             2             48  com.intellij.rt.debugger.agent.CollectionBreakpointInstrumentor$ReturnsBooleanMethod
 337:             2             48  java.io.ByteArrayOutputStream (java.base@17.0.9)
 338:             2             48  java.io.File$PathStatus (java.base@17.0.9)
 339:             2             48  java.io.InputStreamReader (java.base@17.0.9)
 340:             2             48  java.io.OutputStreamWriter (java.base@17.0.9)
 341:             1             48  java.lang.NullPointerException (java.base@17.0.9)
 342:             3             48  java.lang.ThreadLocal (java.base@17.0.9)
 343:             1             48  java.lang.invoke.BoundMethodHandle$Specializer$Factory (java.base@17.0.9)
 344:             2             48  java.lang.invoke.ConstantCallSite (java.base@17.0.9)
 345:             2             48  java.lang.invoke.InfoFromMemberName (java.base@17.0.9)
 346:             2             48  java.lang.invoke.InnerClassLambdaMetafactory$1 (java.base@17.0.9)
 347:             2             48  java.lang.invoke.InnerClassLambdaMetafactory$ForwardingMethodGenerator (java.base@17.0.9)
 348:             2             48  java.lang.invoke.LambdaFormEditor$TransformKey (java.base@17.0.9)
 349:             2             48  java.lang.invoke.MethodHandles$Lookup$ClassOption (java.base@17.0.9)
 350:             3             48  java.nio.charset.CodingErrorAction (java.base@17.0.9)
 351:             2             48  java.security.Permissions (java.base@17.0.9)
 352:             2             48  java.time.format.DateTimeFormatterBuilder$1 (java.base@17.0.9)
 353:             2             48  java.time.format.DateTimeFormatterBuilder$ZoneIdPrinterParser (java.base@17.0.9)
 354:             2             48  java.util.ImmutableCollections$Set12$1 (java.base@17.0.9)
 355:             3             48  java.util.Optional (java.base@17.0.9)
 356:             3             48  java.util.ResourceBundle$NoFallbackControl (java.base@17.0.9)
 357:             2             48  java.util.Scanner$PatternLRUCache (java.base@17.0.9)
 358:             3             48  java.util.concurrent.atomic.AtomicMarkableReference (java.base@17.0.9)
 359:             2             48  java.util.jar.Manifest (java.base@17.0.9)
 360:             2             48  java.util.regex.Pattern$StartS (java.base@17.0.9)
 361:             1             48  jdk.internal.jimage.ImageHeader (java.base@17.0.9)
 362:             3             48  jdk.internal.loader.ClassLoaderValue (java.base@17.0.9)
 363:             2             48  jdk.internal.misc.Signal$NativeHandler (java.base@17.0.9)
 364:             2             48  jdk.internal.module.ModuleHashes (java.base@17.0.9)
 365:             3             48  jdk.internal.reflect.DelegatingMethodAccessorImpl (java.base@17.0.9)
 366:             2             48  sun.instrument.TransformerManager (java.instrument@17.0.9)
 367:             2             48  sun.instrument.TransformerManager$TransformerInfo (java.instrument@17.0.9)
 368:             2             48  sun.security.util.LazyCodeSourcePermissionCollection (java.base@17.0.9)
 369:             1             48  sun.text.resources.FormatData (java.base@17.0.9)
 370:             1             48  sun.text.resources.JavaTimeSupplementary (java.base@17.0.9)
 371:             1             48  sun.text.resources.ext.FormatData_ru (jdk.localedata@17.0.9)
 372:             1             48  sun.text.resources.ext.FormatData_ru_RU (jdk.localedata@17.0.9)
 373:             1             48  sun.text.resources.ext.JavaTimeSupplementary_ru (jdk.localedata@17.0.9)
 374:             1             40  [Ljava.lang.invoke.VarHandle$AccessType; (java.base@17.0.9)
 375:             1             40  [Ljava.time.format.SignStyle; (java.base@17.0.9)
 376:             1             40  [Ljava.time.format.TextStyle; (java.base@17.0.9)
 377:             1             40  [Ljava.util.stream.StreamOpFlag; (java.base@17.0.9)
 378:             2             40  [Ljdk.internal.org.objectweb.asm.Type; (java.base@17.0.9)
 379:             2             40  [Lsun.instrument.TransformerManager$TransformerInfo; (java.instrument@17.0.9)
 380:             1             40  [Lsun.util.locale.provider.LocaleProviderAdapter$Type; (java.base@17.0.9)
 381:             1             40  [[Ljava.lang.invoke.LambdaForm$Name; (java.base@17.0.9)
 382:             1             40  java.io.BufferedInputStream (java.base@17.0.9)
 383:             1             40  java.lang.ArithmeticException (java.base@17.0.9)
 384:             1             40  java.lang.NoSuchMethodError (java.base@17.0.9)
 385:             1             40  java.lang.Package$VersionInfo (java.base@17.0.9)
 386:             1             40  java.lang.VirtualMachineError (java.base@17.0.9)
 387:             1             40  java.lang.invoke.VarHandle$AccessDescriptor (java.base@17.0.9)
 388:             1             40  java.lang.invoke.VarHandleReferences$FieldInstanceReadWrite (java.base@17.0.9)
 389:             1             40  java.time.format.DateTimeFormatterBuilder (java.base@17.0.9)
 390:             1             40  java.time.format.DateTimeFormatterBuilder$FractionPrinterParser (java.base@17.0.9)
 391:             1             40  java.time.zone.ZoneRules (java.base@17.0.9)
 392:             1             40  java.util.ResourceBundle$2 (java.base@17.0.9)
 393:             1             40  jdk.internal.ref.CleanerImpl$CleanerCleanable (java.base@17.0.9)
 394:             1             40  sun.text.resources.cldr.FormatData (java.base@17.0.9)
 395:             1             40  sun.text.resources.cldr.ext.FormatData_ru (jdk.localedata@17.0.9)
 396:             1             40  sun.util.locale.InternalLocaleBuilder (java.base@17.0.9)
 397:             1             40  sun.util.resources.Bundles$1 (java.base@17.0.9)
 398:             2             32  [Ljava.lang.StackTraceElement; (java.base@17.0.9)
 399:             1             32  [Ljava.lang.ThreadGroup; (java.base@17.0.9)
 400:             2             32  [Ljava.lang.annotation.Annotation; (java.base@17.0.9)
 401:             1             32  [Ljava.lang.invoke.LambdaFormEditor$Transform; (java.base@17.0.9)
 402:             1             32  [Ljava.lang.module.ModuleDescriptor$Modifier; (java.base@17.0.9)
 403:             1             32  [Ljava.lang.module.ModuleDescriptor$Requires$Modifier; (java.base@17.0.9)
 404:             2             32  [Ljava.security.CodeSigner; (java.base@17.0.9)
 405:             1             32  [Ljava.time.format.DateTimeFormatterBuilder$SettingsParser; (java.base@17.0.9)
 406:             1             32  [Ljava.time.format.ResolverStyle; (java.base@17.0.9)
 407:             1             32  [Ljava.time.temporal.IsoFields$Field; (java.base@17.0.9)
 408:             1             32  [Ljava.time.temporal.JulianFields$Field; (java.base@17.0.9)
 409:             1             32  [Ljava.util.regex.Pattern$Qtype; (java.base@17.0.9)
 410:             1             32  [Ljava.util.stream.StreamShape; (java.base@17.0.9)
 411:             1             32  [Lsun.nio.fs.NativeBuffer; (java.base@17.0.9)
 412:             2             32  com.intellij.rt.debugger.agent.CaptureAgent$ParamKeyProvider
 413:             1             32  java.io.FileInputStream (java.base@17.0.9)
 414:             1             32  java.io.UnixFileSystem (java.base@17.0.9)
 415:             2             32  java.lang.Boolean (java.base@17.0.9)
 416:             2             32  java.lang.invoke.LambdaFormEditor (java.base@17.0.9)
 417:             2             32  java.nio.ByteOrder (java.base@17.0.9)
 418:             2             32  java.security.SecureClassLoader$CodeSourceKey (java.base@17.0.9)
 419:             2             32  java.time.format.DateTimeFormatterBuilder$StringLiteralPrinterParser (java.base@17.0.9)
 420:             1             32  java.util.AbstractList$RandomAccessSpliterator (java.base@17.0.9)
 421:             2             32  java.util.Collections$SingletonSet (java.base@17.0.9)
 422:             2             32  java.util.HashMap$Values (java.base@17.0.9)
 423:             1             32  java.util.ImmutableCollections$ListItr (java.base@17.0.9)
 424:             2             32  java.util.LinkedHashMap$LinkedEntrySet (java.base@17.0.9)
 425:             1             32  java.util.LinkedList (java.base@17.0.9)
 426:             2             32  java.util.ResourceBundle$SingleFormatControl (java.base@17.0.9)
 427:             1             32  java.util.concurrent.ConcurrentHashMap$ForwardingNode (java.base@17.0.9)
 428:             2             32  java.util.concurrent.locks.ReentrantLock (java.base@17.0.9)
 429:             2             32  java.util.jar.Attributes (java.base@17.0.9)
 430:             1             32  java.util.zip.ZipCoder$UTF8ZipCoder (java.base@17.0.9)
 431:             1             32  jdk.internal.module.ArchivedModuleGraph (java.base@17.0.9)
 432:             2             32  jdk.internal.module.ModuleResolution (java.base@17.0.9)
 433:             2             32  jdk.internal.module.ModuleTarget (java.base@17.0.9)
 434:             1             32  jdk.internal.org.objectweb.asm.ConstantDynamic (java.base@17.0.9)
 435:             1             32  jdk.internal.org.objectweb.asm.Handle (java.base@17.0.9)
 436:             1             32  sun.instrument.InstrumentationImpl (java.instrument@17.0.9)
 437:             2             32  sun.net.www.protocol.jar.Handler (java.base@17.0.9)
 438:             1             32  sun.nio.fs.LinuxFileSystem (java.base@17.0.9)
 439:             1             32  sun.nio.fs.NativeBuffer (java.base@17.0.9)
 440:             1             32  sun.nio.fs.UnixFileKey (java.base@17.0.9)
 441:             2             32  sun.util.resources.LocaleData (java.base@17.0.9)
 442:             1             24  [Ljava.io.File$PathStatus; (java.base@17.0.9)
 443:             1             24  [Ljava.lang.ClassValue$Entry; (java.base@17.0.9)
 444:             1             24  [Ljava.net.URL; (java.base@17.0.9)
 445:             1             24  [Ljava.time.temporal.IsoFields$Unit; (java.base@17.0.9)
 446:             1             24  [Ljava.util.Locale$Category; (java.base@17.0.9)
 447:             1             24  [Ljava.util.jar.Manifest; (java.base@17.0.9)
 448:             1             24  com.intellij.rt.debugger.agent.CaptureAgent$FieldKeyProvider
 449:             1             24  com.intellij.rt.debugger.agent.CollectionBreakpointInstrumentor$ConcurrentIdentityHashMap
 450:             1             24  com.intellij.rt.debugger.agent.CollectionBreakpointInstrumentor$PutMethod
 451:             1             24  com.intellij.rt.debugger.agent.CollectionBreakpointInstrumentor$RemoveKeyMethod
 452:             1             24  java.lang.ClassValue$Version (java.base@17.0.9)
 453:             1             24  java.lang.Double (java.base@17.0.9)
 454:             1             24  java.lang.RuntimePermission (java.base@17.0.9)
 455:             1             24  java.lang.ThreadLocal$ThreadLocalMap (java.base@17.0.9)
 456:             1             24  java.lang.invoke.InvokerBytecodeGenerator$ClassData (java.base@17.0.9)
 457:             1             24  java.lang.invoke.MethodType$ConcurrentWeakInternSet (java.base@17.0.9)
 458:             1             24  java.lang.invoke.VarHandles$1 (java.base@17.0.9)
 459:             1             24  java.lang.reflect.ReflectPermission (java.base@17.0.9)
 460:             1             24  java.security.BasicPermissionCollection (java.base@17.0.9)
 461:             1             24  java.time.ZoneRegion (java.base@17.0.9)
 462:             1             24  java.time.format.DecimalStyle (java.base@17.0.9)
 463:             1             24  java.time.temporal.IsoFields$Field$1 (java.base@17.0.9)
 464:             1             24  java.time.temporal.IsoFields$Field$2 (java.base@17.0.9)
 465:             1             24  java.time.temporal.IsoFields$Field$3 (java.base@17.0.9)
 466:             1             24  java.time.temporal.IsoFields$Field$4 (java.base@17.0.9)
 467:             1             24  java.time.zone.TzdbZoneRulesProvider (java.base@17.0.9)
 468:             1             24  java.util.Arrays$ArrayList (java.base@17.0.9)
 469:             1             24  java.util.Collections$EmptyMap (java.base@17.0.9)
 470:             1             24  java.util.Collections$UnmodifiableRandomAccessList (java.base@17.0.9)
 471:             1             24  java.util.ImmutableCollections$SetN$SetNIterator (java.base@17.0.9)
 472:             1             24  java.util.Locale$Cache (java.base@17.0.9)
 473:             1             24  java.util.OptionalInt (java.base@17.0.9)
 474:             1             24  java.util.ResourceBundle$Control$CandidateListCache (java.base@17.0.9)
 475:             1             24  java.util.regex.Pattern$CharPredicate$$Lambda$19/0x00007f23f00460e8 (java.base@17.0.9)
 476:             1             24  java.util.regex.Pattern$CharProperty (java.base@17.0.9)
 477:             1             24  java.util.regex.Pattern$Dollar (java.base@17.0.9)
 478:             1             24  java.util.regex.Pattern$Slice (java.base@17.0.9)
 479:             1             24  java.util.stream.Nodes$FixedNodeBuilder (java.base@17.0.9)
 480:             1             24  java.util.stream.ReferencePipeline$3$1 (java.base@17.0.9)
 481:             1             24  jdk.internal.jimage.ImageReader (java.base@17.0.9)
 482:             1             24  jdk.internal.loader.URLClassPath$FileLoader (java.base@17.0.9)
 483:             1             24  jdk.internal.module.ModuleBootstrap$SafeModuleFinder (java.base@17.0.9)
 484:             1             24  jdk.internal.module.SystemModuleFinders$SystemModuleFinder (java.base@17.0.9)
 485:             1             24  jdk.internal.ref.CleanerImpl (java.base@17.0.9)
 486:             1             24  ru.job4j.tracker.MemTracker
 487:             1             24  ru.job4j.tracker.ValidateInput
 488:             1             24  sun.nio.cs.StandardCharsets (java.base@17.0.9)
 489:             1             24  sun.nio.cs.UTF_8 (java.base@17.0.9)
 490:             1             24  sun.nio.fs.NativeBuffer$Deallocator (java.base@17.0.9)
 491:             1             24  sun.util.cldr.CLDRCalendarNameProviderImpl (java.base@17.0.9)
 492:             1             24  sun.util.locale.BaseLocale$Cache (java.base@17.0.9)
 493:             1             24  sun.util.locale.provider.CalendarNameProviderImpl (java.base@17.0.9)
 494:             1             24  sun.util.locale.provider.DecimalFormatSymbolsProviderImpl (java.base@17.0.9)
 495:             1             24  sun.util.locale.provider.LocaleServiceProviderPool (java.base@17.0.9)
 496:             1             24  sun.util.locale.provider.NumberFormatProviderImpl (java.base@17.0.9)
 497:             1             16  [F (java.base@17.0.9)
 498:             1             16  [Ljava.lang.Throwable; (java.base@17.0.9)
 499:             1             16  [Ljava.security.cert.Certificate; (java.base@17.0.9)
 500:             1             16  [Ljava.text.FieldPosition; (java.base@17.0.9)
 501:             1             16  [Ljava.time.zone.ZoneOffsetTransitionRule; (java.base@17.0.9)
 502:             1             16  com.intellij.rt.debugger.agent.CaptureAgent$1
 503:             1             16  com.intellij.rt.debugger.agent.CaptureAgent$CaptureTransformer
 504:             1             16  com.intellij.rt.debugger.agent.CaptureStorage$1
 505:             1             16  com.intellij.rt.debugger.agent.CollectionBreakpointInstrumentor$CollectionBreakpointTransformer
 506:             1             16  java.io.FileDescriptor$1 (java.base@17.0.9)
 507:             1             16  java.io.RandomAccessFile$2 (java.base@17.0.9)
 508:             1             16  java.lang.CharacterData00 (java.base@17.0.9)
 509:             1             16  java.lang.CharacterDataLatin1 (java.base@17.0.9)
 510:             1             16  java.lang.ClassValue$Identity (java.base@17.0.9)
 511:             1             16  java.lang.Float (java.base@17.0.9)
 512:             1             16  java.lang.Runtime (java.base@17.0.9)
 513:             1             16  java.lang.String$CaseInsensitiveComparator (java.base@17.0.9)
 514:             1             16  java.lang.System$2 (java.base@17.0.9)
 515:             1             16  java.lang.Terminator$1 (java.base@17.0.9)
 516:             1             16  java.lang.invoke.ClassSpecializer$1 (java.base@17.0.9)
 517:             1             16  java.lang.invoke.MemberName$Factory (java.base@17.0.9)
 518:             1             16  java.lang.invoke.MethodHandleImpl$1 (java.base@17.0.9)
 519:             1             16  java.lang.invoke.StringConcatFactory$1 (java.base@17.0.9)
 520:             1             16  java.lang.invoke.StringConcatFactory$2 (java.base@17.0.9)
 521:             1             16  java.lang.invoke.StringConcatFactory$3 (java.base@17.0.9)
 522:             1             16  java.lang.invoke.VarHandle$1 (java.base@17.0.9)
 523:             1             16  java.lang.module.ModuleDescriptor$1 (java.base@17.0.9)
 524:             1             16  java.lang.ref.Cleaner (java.base@17.0.9)
 525:             1             16  java.lang.ref.Cleaner$1 (java.base@17.0.9)
 526:             1             16  java.lang.ref.Reference$1 (java.base@17.0.9)
 527:             1             16  java.lang.reflect.ReflectAccess (java.base@17.0.9)
 528:             1             16  java.net.URI$1 (java.base@17.0.9)
 529:             1             16  java.net.URL$3 (java.base@17.0.9)
 530:             1             16  java.net.URL$DefaultFactory (java.base@17.0.9)
 531:             1             16  java.nio.Bits$1 (java.base@17.0.9)
 532:             1             16  java.nio.Buffer$1 (java.base@17.0.9)
 533:             1             16  java.security.ProtectionDomain$JavaSecurityAccessImpl (java.base@17.0.9)
 534:             1             16  java.text.DecimalFormatSymbols$$Lambda$59/0x800000061 (java.base@17.0.9)
 535:             1             16  java.time.Clock$SystemClock (java.base@17.0.9)
 536:             1             16  java.time.chrono.IsoChronology (java.base@17.0.9)
 537:             1             16  java.time.format.DateTimeFormatter$$Lambda$49/0x800000057 (java.base@17.0.9)
 538:             1             16  java.time.format.DateTimeFormatter$$Lambda$50/0x800000058 (java.base@17.0.9)
 539:             1             16  java.time.format.DateTimeFormatterBuilder$$Lambda$48/0x800000056 (java.base@17.0.9)
 540:             1             16  java.time.format.DateTimeFormatterBuilder$InstantPrinterParser (java.base@17.0.9)
 541:             1             16  java.time.format.DateTimeTextProvider (java.base@17.0.9)
 542:             1             16  java.time.format.DateTimeTextProvider$1 (java.base@17.0.9)
 543:             1             16  java.time.temporal.TemporalQueries$1 (java.base@17.0.9)
 544:             1             16  java.time.temporal.TemporalQueries$2 (java.base@17.0.9)
 545:             1             16  java.time.temporal.TemporalQueries$3 (java.base@17.0.9)
 546:             1             16  java.time.temporal.TemporalQueries$4 (java.base@17.0.9)
 547:             1             16  java.time.temporal.TemporalQueries$5 (java.base@17.0.9)
 548:             1             16  java.time.temporal.TemporalQueries$6 (java.base@17.0.9)
 549:             1             16  java.time.temporal.TemporalQueries$7 (java.base@17.0.9)
 550:             1             16  java.util.Collections$EmptyEnumeration (java.base@17.0.9)
 551:             1             16  java.util.Collections$EmptyIterator (java.base@17.0.9)
 552:             1             16  java.util.Collections$EmptyList (java.base@17.0.9)
 553:             1             16  java.util.Collections$EmptySet (java.base@17.0.9)
 554:             1             16  java.util.EnumMap$1 (java.base@17.0.9)
 555:             1             16  java.util.IdentityHashMap$KeySet (java.base@17.0.9)
 556:             1             16  java.util.ImmutableCollections$Access$1 (java.base@17.0.9)
 557:             1             16  java.util.Locale$Builder (java.base@17.0.9)
 558:             1             16  java.util.ResourceBundle$1 (java.base@17.0.9)
 559:             1             16  java.util.ResourceBundle$Control (java.base@17.0.9)
 560:             1             16  java.util.Spliterators$EmptySpliterator$OfDouble (java.base@17.0.9)
 561:             1             16  java.util.Spliterators$EmptySpliterator$OfInt (java.base@17.0.9)
 562:             1             16  java.util.Spliterators$EmptySpliterator$OfLong (java.base@17.0.9)
 563:             1             16  java.util.Spliterators$EmptySpliterator$OfRef (java.base@17.0.9)
 564:             1             16  java.util.jar.JavaUtilJarAccessImpl (java.base@17.0.9)
 565:             1             16  java.util.regex.CharPredicates$$Lambda$14/0x00007f23f00457d0 (java.base@17.0.9)
 566:             1             16  java.util.regex.CharPredicates$$Lambda$16/0x00007f23f0045e88 (java.base@17.0.9)
 567:             1             16  java.util.regex.CharPredicates$$Lambda$20/0x800000029 (java.base@17.0.9)
 568:             1             16  java.util.regex.Pattern$$Lambda$15/0x00007f23f0045c28 (java.base@17.0.9)
 569:             1             16  java.util.regex.Pattern$$Lambda$29/0x00007f23f004b260 (java.base@17.0.9)
 570:             1             16  java.util.regex.Pattern$CharPredicate$$Lambda$23/0x80000002d (java.base@17.0.9)
 571:             1             16  java.util.regex.Pattern$LastNode (java.base@17.0.9)
 572:             1             16  java.util.regex.Pattern$Node (java.base@17.0.9)
 573:             1             16  java.util.stream.Collectors$$Lambda$5/0x800000010 (java.base@17.0.9)
 574:             1             16  java.util.stream.Collectors$$Lambda$6/0x800000011 (java.base@17.0.9)
 575:             1             16  java.util.stream.Collectors$$Lambda$7/0x800000016 (java.base@17.0.9)
 576:             1             16  java.util.stream.Collectors$$Lambda$8/0x800000017 (java.base@17.0.9)
 577:             1             16  java.util.stream.FindOps$FindSink$OfInt$$Lambda$60/0x800000062 (java.base@17.0.9)
 578:             1             16  java.util.stream.FindOps$FindSink$OfInt$$Lambda$61/0x800000063 (java.base@17.0.9)
 579:             1             16  java.util.stream.FindOps$FindSink$OfInt$$Lambda$62/0x800000064 (java.base@17.0.9)
 580:             1             16  java.util.stream.FindOps$FindSink$OfInt$$Lambda$63/0x800000065 (java.base@17.0.9)
 581:             1             16  java.util.stream.FindOps$FindSink$OfRef$$Lambda$11/0x80000001a (java.base@17.0.9)
 582:             1             16  java.util.stream.FindOps$FindSink$OfRef$$Lambda$12/0x80000001b (java.base@17.0.9)
 583:             1             16  java.util.stream.FindOps$FindSink$OfRef$$Lambda$13/0x80000001c (java.base@17.0.9)
 584:             1             16  java.util.stream.FindOps$FindSink$OfRef$$Lambda$14/0x80000001d (java.base@17.0.9)
 585:             1             16  java.util.stream.Nodes$EmptyNode$OfDouble (java.base@17.0.9)
 586:             1             16  java.util.stream.Nodes$EmptyNode$OfInt (java.base@17.0.9)
 587:             1             16  java.util.stream.Nodes$EmptyNode$OfLong (java.base@17.0.9)
 588:             1             16  java.util.stream.Nodes$EmptyNode$OfRef (java.base@17.0.9)
 589:             1             16  java.util.stream.ReferencePipeline$$Lambda$40/0x00007f23f00547a0 (java.base@17.0.9)
 590:             1             16  java.util.zip.ZipFile$1 (java.base@17.0.9)
 591:             1             16  jdk.internal.jimage.ImageReaderFactory$1 (java.base@17.0.9)
 592:             1             16  jdk.internal.jimage.ImageStringsReader (java.base@17.0.9)
 593:             1             16  jdk.internal.jimage.decompressor.Decompressor (java.base@17.0.9)
 594:             1             16  jdk.internal.misc.ScopedMemoryAccess (java.base@17.0.9)
 595:             1             16  jdk.internal.misc.TerminatingThreadLocal$1 (java.base@17.0.9)
 596:             1             16  jdk.internal.misc.Unsafe (java.base@17.0.9)
 597:             1             16  jdk.internal.module.ArchivedBootLayer (java.base@17.0.9)
 598:             1             16  jdk.internal.module.DefaultRoots$$Lambda$1/0x800000002 (java.base@17.0.9)
 599:             1             16  jdk.internal.module.DefaultRoots$$Lambda$16/0x80000001f (java.base@17.0.9)
 600:             1             16  jdk.internal.module.DefaultRoots$$Lambda$2/0x800000004 (java.base@17.0.9)
 601:             1             16  jdk.internal.module.DefaultRoots$$Lambda$4/0x800000007 (java.base@17.0.9)
 602:             1             16  jdk.internal.module.ModuleLoaderMap$Mapper (java.base@17.0.9)
 603:             1             16  jdk.internal.module.ModulePatcher (java.base@17.0.9)
 604:             1             16  jdk.internal.perf.Perf (java.base@17.0.9)
 605:             1             16  jdk.internal.reflect.ReflectionFactory (java.base@17.0.9)
 606:             1             16  jdk.internal.util.Preconditions$1 (java.base@17.0.9)
 607:             1             16  ru.job4j.tracker.ConsoleInput
 608:             1             16  ru.job4j.tracker.ConsoleOutput
 609:             1             16  ru.job4j.tracker.StartUI
 610:             1             16  ru.job4j.tracker.action.Create
 611:             1             16  ru.job4j.tracker.action.CreateManyItems
 612:             1             16  ru.job4j.tracker.action.Delete
 613:             1             16  ru.job4j.tracker.action.DeleteAllItems
 614:             1             16  ru.job4j.tracker.action.DeleteAllItems$$Lambda$39/0x00007f23f000c000
 615:             1             16  ru.job4j.tracker.action.Exit
 616:             1             16  ru.job4j.tracker.action.FindAll
 617:             1             16  ru.job4j.tracker.action.FindById
 618:             1             16  ru.job4j.tracker.action.FindByName
 619:             1             16  ru.job4j.tracker.action.Replace
 620:             1             16  sun.net.www.protocol.file.Handler (java.base@17.0.9)
 621:             1             16  sun.net.www.protocol.jrt.Handler (java.base@17.0.9)
 622:             1             16  sun.nio.fs.LinuxFileSystemProvider (java.base@17.0.9)
 623:             1             16  sun.nio.fs.NativeBuffers$1 (java.base@17.0.9)
 624:             1             16  sun.util.cldr.CLDRBaseLocaleDataMetaInfo (java.base@17.0.9)
 625:             1             16  sun.util.cldr.CLDRLocaleProviderAdapter$$Lambda$51/0x800000059 (java.base@17.0.9)
 626:             1             16  sun.util.locale.InternalLocaleBuilder$CaseInsensitiveChar (java.base@17.0.9)
 627:             1             16  sun.util.locale.provider.CalendarDataUtility$CalendarFieldValueNameGetter (java.base@17.0.9)
 628:             1             16  sun.util.locale.provider.CalendarDataUtility$CalendarFieldValueNamesMapGetter (java.base@17.0.9)
 629:             1             16  sun.util.locale.provider.CalendarNameProviderImpl$LengthBasedComparator (java.base@17.0.9)
 630:             1             16  sun.util.resources.LocaleData$LocaleDataStrategy (java.base@17.0.9)
 631:             1             16  sun.util.resources.LocaleData$SupplementaryStrategy (java.base@17.0.9)
 632:             1             16  sun.util.resources.cldr.provider.CLDRLocaleDataMetaInfo (jdk.localedata@17.0.9)
Total        990856       46622744

4. проведён анализ инструментом jstat.

akobelskii@PC-2022112803:~$ jstat -gc 28776 1s 10
    S0C         S1C         S0U         S1U          EC           EU           OC           OU          MC         MU       CCSC      CCSU     YGC     YGCT     FGC    FGCT     CGC    CGCT       GCT
        0,0      2048,0         0,0       351,0     157696,0      79872,0      98304,0       7289,0     1472,0     1346,4     192,0     106,0      2     0,004     0     0,000     0     0,000     0,004
        0,0      2048,0         0,0       351,0     157696,0      79872,0      98304,0       7289,0     1472,0     1346,4     192,0     106,0      2     0,004     0     0,000     0     0,000     0,004
        0,0      2048,0         0,0       351,0     157696,0      79872,0      98304,0       7289,0     1472,0     1346,4     192,0     106,0      2     0,004     0     0,000     0     0,000     0,004
        0,0      2048,0         0,0       351,0     157696,0      79872,0      98304,0       7289,0     1472,0     1346,4     192,0     106,0      2     0,004     0     0,000     0     0,000     0,004
        0,0      2048,0         0,0       351,0     157696,0      79872,0      98304,0       7289,0     1472,0     1346,4     192,0     106,0      2     0,004     0     0,000     0     0,000     0,004
        0,0      2048,0         0,0       351,0     157696,0      79872,0      98304,0       7289,0     1472,0     1346,4     192,0     106,0      2     0,004     0     0,000     0     0,000     0,004
        0,0      2048,0         0,0       351,0     157696,0      79872,0      98304,0       7289,0     1472,0     1346,4     192,0     106,0      2     0,004     0     0,000     0     0,000     0,004
        0,0      2048,0         0,0       351,0     157696,0      79872,0      98304,0       7289,0     1472,0     1346,4     192,0     106,0      2     0,004     0     0,000     0     0,000     0,004
        0,0      2048,0         0,0       351,0     157696,0      79872,0      98304,0       7289,0     1472,0     1346,4     192,0     106,0      2     0,004     0     0,000     0     0,000     0,004
        0,0      2048,0         0,0       351,0     157696,0      79872,0      98304,0       7289,0     1472,0     1346,4     192,0     106,0      2     0,004     0     0,000     0     0,000     0,004

5. проведён анализ инструментом jstat после добавления 20000 заявок.
Видим, что данные столбца EU увеличились с 79872 до 120832 килобайт, т.е.
использование пространства Eden space увеличилось на 40960 килобайт, что
соответствует операции добавления заявок.

akobelskii@PC-2022112803:~$ jstat -gc 28776 1s 10
    S0C         S1C         S0U         S1U          EC           EU           OC           OU          MC         MU       CCSC      CCSU     YGC     YGCT     FGC    FGCT     CGC    CGCT       GCT
        0,0      2048,0         0,0       351,0     157696,0     120832,0      98304,0       7289,0     1472,0     1346,4     192,0     106,0      2     0,004     0     0,000     0     0,000     0,004
        0,0      2048,0         0,0       351,0     157696,0     120832,0      98304,0       7289,0     1472,0     1346,4     192,0     106,0      2     0,004     0     0,000     0     0,000     0,004
        0,0      2048,0         0,0       351,0     157696,0     120832,0      98304,0       7289,0     1472,0     1346,4     192,0     106,0      2     0,004     0     0,000     0     0,000     0,004
        0,0      2048,0         0,0       351,0     157696,0     120832,0      98304,0       7289,0     1472,0     1346,4     192,0     106,0      2     0,004     0     0,000     0     0,000     0,004
        0,0      2048,0         0,0       351,0     157696,0     120832,0      98304,0       7289,0     1472,0     1346,4     192,0     106,0      2     0,004     0     0,000     0     0,000     0,004
        0,0      2048,0         0,0       351,0     157696,0     120832,0      98304,0       7289,0     1472,0     1346,4     192,0     106,0      2     0,004     0     0,000     0     0,000     0,004
        0,0      2048,0         0,0       351,0     157696,0     120832,0      98304,0       7289,0     1472,0     1346,4     192,0     106,0      2     0,004     0     0,000     0     0,000     0,004
        0,0      2048,0         0,0       351,0     157696,0     120832,0      98304,0       7289,0     1472,0     1346,4     192,0     106,0      2     0,004     0     0,000     0     0,000     0,004
        0,0      2048,0         0,0       351,0     157696,0     120832,0      98304,0       7289,0     1472,0     1346,4     192,0     106,0      2     0,004     0     0,000     0     0,000     0,004
        0,0      2048,0         0,0       351,0     157696,0     120832,0      98304,0       7289,0     1472,0     1346,4     192,0     106,0      2     0,004     0     0,000     0     0,000     0,004

6. проведён анализ инструментом jstat после удаления 20000 заявок.
Видим, что размер второго полупространства Survivor spaces (S1C) увеличился в 2 раза.
Использование второго полупространства (S1U) увеличилось почти в 10 раз.
Емкость пространства Эдема (EC) чуть уменьшилось.
Процент использования пространства Эдема(EU) уменьшился в 10 раз.
Ёмкость старого поколения (OC) не изменилась.
Использование старого (OU) поколения не изменилось.
Ёмкость (MC) и использование метаспейса (MU) почти не изменилась.
Ёмкость сжатого класса пространства (CCSC) не изменилась.
Использование сжатого класса пространства (CCSU) чуть увеличилась.
Количество сборок старого поколения (YGS) увеличилось.
Общее время сборок молодого поколения (YGCT) чуть увеличилось.
Количество сборок старого поколения (FGC) не изменилось.
Общее время сборок старого поколения (FGCT) не изменилось.
Общее время всех сборок мусора (GCT) чуть увеличилась.

akobelskii@PC-2022112803:~$ jstat -gc 28776 1s 10
    S0C         S1C         S0U         S1U          EC           EU           OC           OU          MC         MU       CCSC      CCSU     YGC     YGCT     FGC    FGCT     CGC    CGCT       GCT
        0,0      4096,0         0,0      3452,5     155648,0      10240,0      98304,0       7289,0     1664,0     1447,9     192,0     118,9      3     0,006     0     0,000     0     0,000     0,006
        0,0      4096,0         0,0      3452,5     155648,0      10240,0      98304,0       7289,0     1664,0     1447,9     192,0     118,9      3     0,006     0     0,000     0     0,000     0,006
        0,0      4096,0         0,0      3452,5     155648,0      10240,0      98304,0       7289,0     1664,0     1447,9     192,0     118,9      3     0,006     0     0,000     0     0,000     0,006
        0,0      4096,0         0,0      3452,5     155648,0      10240,0      98304,0       7289,0     1664,0     1447,9     192,0     118,9      3     0,006     0     0,000     0     0,000     0,006
        0,0      4096,0         0,0      3452,5     155648,0      10240,0      98304,0       7289,0     1664,0     1447,9     192,0     118,9      3     0,006     0     0,000     0     0,000     0,006
        0,0      4096,0         0,0      3452,5     155648,0      10240,0      98304,0       7289,0     1664,0     1447,9     192,0     118,9      3     0,006     0     0,000     0     0,000     0,006
        0,0      4096,0         0,0      3452,5     155648,0      10240,0      98304,0       7289,0     1664,0     1447,9     192,0     118,9      3     0,006     0     0,000     0     0,000     0,006
        0,0      4096,0         0,0      3452,5     155648,0      10240,0      98304,0       7289,0     1664,0     1447,9     192,0     118,9      3     0,006     0     0,000     0     0,000     0,006
        0,0      4096,0         0,0      3452,5     155648,0      10240,0      98304,0       7289,0     1664,0     1447,9     192,0     118,9      3     0,006     0     0,000     0     0,000     0,006
        0,0      4096,0         0,0      3452,5     155648,0      10240,0      98304,0       7289,0     1664,0     1447,9     192,0     118,9      3     0,006     0     0,000     0     0,000     0,006

7. проведён анализ инструментом jstat. протестируем переполнение памяти, предварительно ограничив heap до 50 мегабайт.

В логе ниже на 6 строке можно увидеть что постов было 270000.
А в последней строке Total общее количество занимаемой памяти 49475736 байт.
выполнив последовательное добавление заявок и дойдя до 270000 заявок. память была заполнена на 49475736 байт.
попробовав добавить ещё 10000 заявок программа упала с
Exception in thread "main" java.lang.OutOfMemoryError: Java heap space: failed reallocation of scalar replaced objects

akobelskii@PC-2022112803:~$ jmap -histo 23583
 num     #instances         #bytes  class name (module)
-------------------------------------------------------
   1:        282593       14068816  [B (java.base@17.0.9)
   2:        281712        6761088  java.lang.String (java.base@17.0.9)
   3:        270130        6483120  java.time.LocalDateTime (java.base@17.0.9)
   4:        270070        6481680  java.time.LocalDate (java.base@17.0.9)
   5:        270026        6480624  java.time.LocalTime (java.base@17.0.9)
   6:        270000        6480000  ru.job4j.tracker.Item
   7:          1354        1566160  [Ljava.lang.Object; (java.base@17.0.9)
   8:          1576         195080  java.lang.Class (java.base@17.0.9)
   9:          2544         142464  sun.util.calendar.ZoneInfo (java.base@17.0.9)
  10:           662         124776  [I (java.base@17.0.9)
  11:          3521         112672  java.util.HashMap$Node (java.base@17.0.9)
  12:          2699          86368  java.util.concurrent.ConcurrentHashMap$Node (java.base@17.0.9)
  13:           219          59960  [C (java.base@17.0.9)
  14:           347          48560  [Ljava.util.HashMap$Node; (java.base@17.0.9)
  15:            52          27072  [Ljava.util.concurrent.ConcurrentHashMap$Node; (java.base@17.0.9)
  16:           732          17568  java.lang.module.ModuleDescriptor$Exports (java.base@17.0.9)
  17:           358          17184  java.util.HashMap (java.base@17.0.9)
  18:           182          13832  [Ljava.lang.ref.SoftReference; (java.base@17.0.9)
  19:           263          12624  java.lang.invoke.MemberName (java.base@17.0.9)
  20:           465          11160  java.util.ImmutableCollections$Set12 (java.base@17.0.9)
  21:           341          10912  jdk.internal.math.FDBigInteger (java.base@17.0.9)
  22:           132          10560  java.net.URI (java.base@17.0.9)
  23:           327          10464  java.lang.invoke.MethodType$ConcurrentWeakInternSet$WeakEntry (java.base@17.0.9)
  24:           255          10200  java.lang.invoke.MethodType (java.base@17.0.9)
  25:           299           9568  java.lang.module.ModuleDescriptor$Requires (java.base@17.0.9)
  26:           132           8448  java.lang.module.ModuleDescriptor (java.base@17.0.9)
  27:            75           7440  [Ljava.lang.String; (java.base@17.0.9)
  28:           132           7392  jdk.internal.module.ModuleReferenceImpl (java.base@17.0.9)
  29:           229           7328  java.lang.invoke.LambdaForm$Name (java.base@17.0.9)
  30:           217           6680  [Ljava.lang.Class; (java.base@17.0.9)
  31:            32           6624  [Ljava.lang.invoke.MethodHandle; (java.base@17.0.9)
  32:           264           6336  java.util.ImmutableCollections$SetN (java.base@17.0.9)
  33:           256           6144  java.lang.Long (java.base@17.0.9)
  34:           134           5360  java.lang.ref.SoftReference (java.base@17.0.9)
  35:            14           5152  java.lang.Thread (java.base@17.0.9)
  36:           214           5136  java.lang.invoke.ResolvedMethodName (java.base@17.0.9)
  37:            73           4672  java.util.concurrent.ConcurrentHashMap (java.base@17.0.9)
  38:           186           4464  jdk.internal.module.ServicesCatalog$ServiceProvider (java.base@17.0.9)
  39:           267           4272  java.lang.Integer (java.base@17.0.9)
  40:           265           4240  java.util.HashSet (java.base@17.0.9)
  41:           256           4096  java.lang.Byte (java.base@17.0.9)
  42:           256           4096  java.lang.Short (java.base@17.0.9)
  43:            68           3808  java.lang.Module (java.base@17.0.9)
  44:            90           3600  java.math.BigInteger (java.base@17.0.9)
  45:           209           3344  java.lang.Object (java.base@17.0.9)
  46:            68           3264  java.lang.invoke.LambdaForm (java.base@17.0.9)
  47:            73           3168  [Ljava.lang.invoke.LambdaForm$Name; (java.base@17.0.9)
  48:            99           3168  java.lang.invoke.MethodTypeForm (java.base@17.0.9)
  49:           132           3168  jdk.internal.module.SystemModuleFinders$2 (java.base@17.0.9)
  50:           130           3120  java.util.ImmutableCollections$List12 (java.base@17.0.9)
  51:           124           2976  java.lang.module.ResolvedModule (java.base@17.0.9)
  52:            12           2912  [J (java.base@17.0.9)
  53:           121           2904  java.lang.module.ModuleDescriptor$Provides (java.base@17.0.9)
  54:           111           2664  java.lang.invoke.LambdaForm$NamedFunction (java.base@17.0.9)
  55:           103           2472  [[C (java.base@17.0.9)
  56:            68           2176  java.lang.invoke.LambdaForm$Kind (java.base@17.0.9)
  57:           128           2048  java.lang.Character (java.base@17.0.9)
  58:            63           2016  java.lang.invoke.DirectMethodHandle (java.base@17.0.9)
  59:           126           2016  jdk.internal.module.SystemModuleFinders$3 (java.base@17.0.9)
  60:            61           1952  jdk.internal.loader.BuiltinClassLoader$LoadedModule (java.base@17.0.9)
  61:            28           1792  java.net.URL (java.base@17.0.9)
  62:            71           1704  java.util.concurrent.CopyOnWriteArrayList (java.base@17.0.9)
  63:            33           1584  java.time.temporal.ValueRange (java.base@17.0.9)
  64:            12           1536  sun.nio.fs.UnixFileAttributes (java.base@17.0.9)
  65:            48           1536  sun.util.locale.BaseLocale (java.base@17.0.9)
  66:            62           1488  jdk.internal.module.SystemModuleFinders$SystemModuleReader (java.base@17.0.9)
  67:             1           1424  [[B (java.base@17.0.9)
  68:             1           1376  [Ljdk.internal.math.FDBigInteger; (java.base@17.0.9)
  69:            13           1352  java.util.jar.JarFile$JarFileEntry (java.base@17.0.9)
  70:            30           1200  java.io.ObjectStreamField (java.base@17.0.9)
  71:            30           1200  java.lang.invoke.DirectMethodHandle$Accessor (java.base@17.0.9)
  72:            30           1200  java.time.temporal.ChronoField (java.base@17.0.9)
  73:            25           1200  jdk.internal.ref.CleanerImpl$PhantomCleanableRef (java.base@17.0.9)
  74:            38           1184  [Ljava.math.BigInteger; (java.base@17.0.9)
  75:            47           1128  java.util.ImmutableCollections$ListN (java.base@17.0.9)
  76:            14           1120  [Ljava.util.WeakHashMap$Entry; (java.base@17.0.9)
  77:            46           1104  java.util.ArrayList (java.base@17.0.9)
  78:            33           1056  com.intellij.rt.debugger.agent.CaptureAgent$InstrumentPoint
  79:             1           1040  [Ljava.lang.Byte; (java.base@17.0.9)
  80:             1           1040  [Ljava.lang.Integer; (java.base@17.0.9)
  81:             1           1040  [Ljava.lang.Long; (java.base@17.0.9)
  82:             1           1040  [Ljava.lang.Short; (java.base@17.0.9)
  83:            64           1024  java.util.HashMap$KeySet (java.base@17.0.9)
  84:            31            992  java.lang.invoke.VarHandle$AccessMode (java.base@17.0.9)
  85:            30            960  java.lang.invoke.BoundMethodHandle$Species_L (java.base@17.0.9)
  86:            12            960  java.util.zip.ZipFile$Source (java.base@17.0.9)
  87:            28            944  [Ljava.time.format.DateTimeFormatterBuilder$DateTimePrinterParser; (java.base@17.0.9)
  88:            29            928  java.util.Locale (java.base@17.0.9)
  89:            28            896  java.lang.ref.ReferenceQueue (java.base@17.0.9)
  90:            16            896  java.nio.HeapCharBuffer (java.base@17.0.9)
  91:            20            800  sun.util.locale.LocaleObjectCache$CacheEntry (java.base@17.0.9)
  92:            33            792  com.intellij.rt.debugger.agent.CollectionBreakpointInstrumentor$ImmutableMethod
  93:            24            768  java.time.format.DateTimeFormatterBuilder$NumberPrinterParser (java.base@17.0.9)
  94:            19            760  java.util.LinkedHashMap$Entry (java.base@17.0.9)
  95:            13            728  java.util.jar.JarFile (java.base@17.0.9)
  96:            17            680  java.security.AccessControlContext (java.base@17.0.9)
  97:            12            672  java.io.FileCleanable (java.base@17.0.9)
  98:            28            672  java.time.format.DateTimeFormatterBuilder$CompositePrinterParser (java.base@17.0.9)
  99:            14            672  java.util.WeakHashMap (java.base@17.0.9)
 100:            16            640  java.time.format.DateTimeFormatter (java.base@17.0.9)
 101:            10            640  java.util.zip.Inflater (java.base@17.0.9)
 102:             3            624  [Ljava.lang.invoke.LambdaForm; (java.base@17.0.9)
 103:            26            624  java.util.jar.Attributes$Name (java.base@17.0.9)
 104:            13            624  jdk.internal.loader.URLClassPath$JarLoader (java.base@17.0.9)
 105:            15            600  java.io.FileDescriptor (java.base@17.0.9)
 106:             7            560  java.util.concurrent.TimeUnit (java.base@17.0.9)
 107:            10            560  sun.invoke.util.Wrapper (java.base@17.0.9)
 108:             2            544  [Ljava.time.LocalDateTime; (java.base@17.0.9)
 109:             1            528  [Ljava.lang.Character; (java.base@17.0.9)
 110:             9            512  [Ljava.util.Hashtable$Entry; (java.base@17.0.9)
 111:            16            512  java.time.temporal.ChronoUnit (java.base@17.0.9)
 112:            21            504  java.util.AbstractMap$SimpleImmutableEntry (java.base@17.0.9)
 113:             7            496  [Lsun.invoke.util.Wrapper; (java.base@17.0.9)
 114:            12            480  java.lang.OutOfMemoryError (java.base@17.0.9)
 115:            12            480  java.lang.invoke.DirectMethodHandle$Constructor (java.base@17.0.9)
 116:            30            480  java.lang.ref.ReferenceQueue$Lock (java.base@17.0.9)
 117:            15            480  sun.nio.fs.UnixPath (java.base@17.0.9)
 118:            19            456  java.time.Duration (java.base@17.0.9)
 119:             7            448  java.nio.DirectByteBuffer (java.base@17.0.9)
 120:             1            432  [[[C (java.base@17.0.9)
 121:             9            432  java.lang.invoke.BoundMethodHandle$SpeciesData (java.base@17.0.9)
 122:            18            432  java.lang.invoke.Invokers (java.base@17.0.9)
 123:             9            432  java.util.Hashtable (java.base@17.0.9)
 124:            13            416  java.io.File (java.base@17.0.9)
 125:            13            416  java.util.zip.ZipFile$CleanableResource (java.base@17.0.9)
 126:            12            384  java.io.RandomAccessFile (java.base@17.0.9)
 127:            16            384  java.util.ArrayDeque (java.base@17.0.9)
 128:             1            376  java.lang.ref.Finalizer$FinalizerThread (java.base@17.0.9)
 129:             1            376  jdk.internal.misc.InnocuousThread (java.base@17.0.9)
 130:             1            368  java.lang.ref.Reference$ReferenceHandler (java.base@17.0.9)
 131:            23            368  java.time.format.DateTimeFormatterBuilder$CharLiteralPrinterParser (java.base@17.0.9)
 132:             9            360  [Ljava.lang.invoke.BoundMethodHandle$SpeciesData; (java.base@17.0.9)
 133:            15            360  java.util.Collections$SetFromMap (java.base@17.0.9)
 134:             4            352  java.util.regex.Pattern (java.base@17.0.9)
 135:             5            336  [S (java.base@17.0.9)
 136:             6            336  java.nio.DirectLongBufferU (java.base@17.0.9)
 137:             2            328  [D (java.base@17.0.9)
 138:             2            328  [Ljava.time.ZoneOffset; (java.base@17.0.9)
 139:            10            320  sun.util.locale.BaseLocale$Key (java.base@17.0.9)
 140:            10            296  [Ljava.io.ObjectStreamField; (java.base@17.0.9)
 141:             1            288  [Ljava.lang.invoke.LambdaForm$Kind; (java.base@17.0.9)
 142:             2            288  [Z (java.base@17.0.9)
 143:             6            288  java.lang.invoke.LambdaFormEditor$Transform (java.base@17.0.9)
 144:             2            288  java.util.Scanner (java.base@17.0.9)
 145:            12            288  java.util.zip.ZipFile$Source$Key (java.base@17.0.9)
 146:             9            288  jdk.internal.org.objectweb.asm.Type (java.base@17.0.9)
 147:             9            288  org.jetbrains.capture.org.objectweb.asm.Type
 148:             5            280  java.nio.HeapByteBuffer (java.base@17.0.9)
 149:            11            264  java.lang.invoke.MethodHandleImpl$Intrinsic (java.base@17.0.9)
 150:             8            256  java.util.Hashtable$Entry (java.base@17.0.9)
 151:             5            240  [Ljava.lang.invoke.LambdaForm$NamedFunction; (java.base@17.0.9)
 152:            10            240  java.nio.charset.CoderResult (java.base@17.0.9)
 153:            10            240  java.nio.file.StandardOpenOption (java.base@17.0.9)
 154:             6            240  java.security.ProtectionDomain (java.base@17.0.9)
 155:             6            240  java.util.EnumMap (java.base@17.0.9)
 156:             6            240  java.util.stream.StreamOpFlag (java.base@17.0.9)
 157:            10            240  java.util.zip.Inflater$InflaterZStreamRef (java.base@17.0.9)
 158:             7            224  java.util.ImmutableCollections$MapN (java.base@17.0.9)
 159:            14            224  java.util.WeakHashMap$KeySet (java.base@17.0.9)
 160:             5            200  java.security.CodeSource (java.base@17.0.9)
 161:             5            200  java.util.WeakHashMap$Entry (java.base@17.0.9)
 162:             2            192  [Lsun.util.locale.BaseLocale; (java.base@17.0.9)
 163:             6            192  java.lang.invoke.LambdaForm$BasicType (java.base@17.0.9)
 164:             8            192  java.lang.module.ModuleDescriptor$Opens (java.base@17.0.9)
 165:             8            192  java.math.RoundingMode (java.base@17.0.9)
 166:             3            192  java.nio.DirectByteBufferR (java.base@17.0.9)
 167:             8            192  java.time.ZoneOffset (java.base@17.0.9)
 168:             6            192  java.time.format.TextStyle (java.base@17.0.9)
 169:             2            192  java.util.jar.JarVerifier (java.base@17.0.9)
 170:            12            192  sun.nio.fs.UnixFileAttributes$UnixAsBasicFileAttributes (java.base@17.0.9)
 171:             1            168  [[Ljava.math.BigInteger; (java.base@17.0.9)
 172:             4            160  java.lang.invoke.BoundMethodHandle$Species_LL (java.base@17.0.9)
 173:             4            160  java.lang.invoke.DirectMethodHandle$Interface (java.base@17.0.9)
 174:             5            160  java.lang.invoke.VarHandle$AccessType (java.base@17.0.9)
 175:             5            160  java.util.RegularEnumSet (java.base@17.0.9)
 176:             4            160  jdk.internal.loader.NativeLibraries$NativeLibraryImpl (java.base@17.0.9)
 177:             5            160  sun.util.locale.provider.LocaleProviderAdapter$Type (java.base@17.0.9)
 178:             1            144  [Ljava.lang.invoke.VarHandle$AccessMode; (java.base@17.0.9)
 179:             3            144  java.lang.ThreadGroup (java.base@17.0.9)
 180:             6            144  java.lang.module.ModuleDescriptor$Requires$Modifier (java.base@17.0.9)
 181:             2            144  java.lang.reflect.Constructor (java.base@17.0.9)
 182:             3            144  java.time.temporal.JulianFields$Field (java.base@17.0.9)
 183:             2            144  java.util.regex.Matcher (java.base@17.0.9)
 184:             6            144  jdk.internal.perf.PerfCounter (java.base@17.0.9)
 185:             1            136  [Ljava.time.temporal.ChronoField; (java.base@17.0.9)
 186:             4            128  java.lang.invoke.MethodHandles$Lookup (java.base@17.0.9)
 187:             4            128  java.time.format.DateTimeFormatterBuilder$TextPrinterParser (java.base@17.0.9)
 188:             8            128  java.util.Collections$UnmodifiableSet (java.base@17.0.9)
 189:             4            128  java.util.stream.FindOps$FindOp (java.base@17.0.9)
 190:             4            128  jdk.internal.loader.NativeLibraries (java.base@17.0.9)
 191:             3            120  [Ljava.lang.invoke.LambdaForm$BasicType; (java.base@17.0.9)
 192:             1            120  [[Ljava.lang.String; (java.base@17.0.9)
 193:             3            120  java.lang.invoke.BoundMethodHandle$Species_LJ (java.base@17.0.9)
 194:             3            120  java.lang.invoke.MethodHandleImpl$IntrinsicMethodHandle (java.base@17.0.9)
 195:             3            120  java.lang.module.Configuration (java.base@17.0.9)
 196:             5            120  java.time.format.SignStyle (java.base@17.0.9)
 197:             5            120  java.util.stream.StreamOpFlag$Type (java.base@17.0.9)
 198:             3            120  sun.util.resources.Bundles$BundleReference (java.base@17.0.9)
 199:             3            112  [Ljava.lang.Thread; (java.base@17.0.9)
 200:             2            112  [Ljava.lang.invoke.MethodType; (java.base@17.0.9)
 201:             1            112  [Ljava.time.LocalTime; (java.base@17.0.9)
 202:             2            112  java.nio.DirectIntBufferRU (java.base@17.0.9)
 203:             2            112  java.util.LinkedHashMap (java.base@17.0.9)
 204:             2            112  java.util.Properties (java.base@17.0.9)
 205:             1            104  jdk.internal.loader.ClassLoaders$AppClassLoader (java.base@17.0.9)
 206:             1            104  jdk.internal.loader.ClassLoaders$BootClassLoader (java.base@17.0.9)
 207:             1            104  jdk.internal.loader.ClassLoaders$PlatformClassLoader (java.base@17.0.9)
 208:             6             96  [Ljava.security.Principal; (java.base@17.0.9)
 209:             3             96  java.lang.Runtime$Version (java.base@17.0.9)
 210:             2             96  java.lang.invoke.BoundMethodHandle$Species_LLLL (java.base@17.0.9)
 211:             3             96  java.lang.invoke.SimpleMethodHandle (java.base@17.0.9)
 212:             4             96  java.lang.module.ModuleDescriptor$Modifier (java.base@17.0.9)
 213:             6             96  java.security.ProtectionDomain$Key (java.base@17.0.9)
 214:             4             96  java.time.format.DateTimeFormatterBuilder$OffsetIdPrinterParser (java.base@17.0.9)
 215:             4             96  java.time.format.DateTimeFormatterBuilder$SettingsParser (java.base@17.0.9)
 216:             4             96  java.util.regex.Pattern$CharPropertyGreedy (java.base@17.0.9)
 217:             4             96  java.util.regex.Pattern$Qtype (java.base@17.0.9)
 218:             4             96  java.util.stream.StreamShape (java.base@17.0.9)
 219:             1             96  jdk.internal.jimage.ImageReader$SharedImageReader (java.base@17.0.9)
 220:             2             96  sun.nio.cs.StreamDecoder (java.base@17.0.9)
 221:             2             96  sun.nio.cs.StreamEncoder (java.base@17.0.9)
 222:             2             96  sun.nio.cs.UTF_8$Encoder (java.base@17.0.9)
 223:             3             96  sun.util.resources.Bundles$CacheKey (java.base@17.0.9)
 224:             2             80  [Ljava.lang.OutOfMemoryError; (java.base@17.0.9)
 225:             1             80  [Ljava.lang.ThreadLocal$ThreadLocalMap$Entry; (java.base@17.0.9)
 226:             1             80  [Ljava.time.temporal.ChronoUnit; (java.base@17.0.9)
 227:             2             80  [Ljava.util.stream.StreamOpFlag$Type; (java.base@17.0.9)
 228:             5             80  com.intellij.rt.debugger.agent.CollectionBreakpointInstrumentor$KnownMethodsSet
 229:             2             80  java.io.BufferedWriter (java.base@17.0.9)
 230:             2             80  java.io.PrintStream (java.base@17.0.9)
 231:             2             80  java.lang.ModuleLayer (java.base@17.0.9)
 232:             2             80  java.lang.invoke.MethodHandleImpl$AsVarargsCollector (java.base@17.0.9)
 233:             2             80  java.util.Collections$SingletonMap (java.base@17.0.9)
 234:             2             80  java.util.IdentityHashMap (java.base@17.0.9)
 235:             2             80  java.util.Locale$Category (java.base@17.0.9)
 236:             2             80  jdk.internal.loader.URLClassPath (java.base@17.0.9)
 237:             2             80  sun.nio.cs.UTF_8$Decoder (java.base@17.0.9)
 238:             1             80  sun.util.cldr.CLDRLocaleProviderAdapter (java.base@17.0.9)
 239:             2             80  sun.util.locale.provider.LocaleResources$ResourceReference (java.base@17.0.9)
 240:             3             72  java.lang.NamedPackage (java.base@17.0.9)
 241:             3             72  java.lang.WeakPairMap (java.base@17.0.9)
 242:             3             72  java.time.Instant (java.base@17.0.9)
 243:             3             72  java.time.format.ResolverStyle (java.base@17.0.9)
 244:             3             72  java.util.concurrent.atomic.AtomicLong (java.base@17.0.9)
 245:             3             72  java.util.stream.Collector$Characteristics (java.base@17.0.9)
 246:             3             72  jdk.internal.misc.Signal (java.base@17.0.9)
 247:             1             64  [Ljava.lang.invoke.MethodHandleImpl$Intrinsic; (java.base@17.0.9)
 248:             2             64  [Ljava.nio.charset.CoderResult; (java.base@17.0.9)
 249:             2             64  [Ljava.util.stream.Collector$Characteristics; (java.base@17.0.9)
 250:             2             64  java.io.BufferedOutputStream (java.base@17.0.9)
 251:             2             64  java.io.FileOutputStream (java.base@17.0.9)
 252:             2             64  java.lang.Package (java.base@17.0.9)
 253:             2             64  java.lang.ThreadLocal$ThreadLocalMap$Entry (java.base@17.0.9)
 254:             2             64  java.lang.module.ModuleDescriptor$Version (java.base@17.0.9)
 255:             2             64  java.lang.ref.ReferenceQueue$Null (java.base@17.0.9)
 256:             2             64  java.time.temporal.IsoFields$Unit (java.base@17.0.9)
 257:             2             64  java.util.Collections$UnmodifiableMap (java.base@17.0.9)
 258:             2             64  java.util.HexFormat (java.base@17.0.9)
 259:             4             64  java.util.concurrent.ConcurrentHashMap$ValuesView (java.base@17.0.9)
 260:             2             64  java.util.concurrent.locks.ReentrantLock$NonfairSync (java.base@17.0.9)
 261:             2             64  java.util.regex.Pattern$Branch (java.base@17.0.9)
 262:             4             64  jdk.internal.module.ServicesCatalog (java.base@17.0.9)
 263:             1             56  [Ljava.nio.file.StandardOpenOption; (java.base@17.0.9)
 264:             1             56  [Lru.job4j.tracker.action.UserAction;
 265:             1             56  [[I (java.base@17.0.9)
 266:             1             56  java.lang.invoke.BoundMethodHandle$Specializer (java.base@17.0.9)
 267:             1             56  java.lang.invoke.BoundMethodHandle$Species_LLLLLLL (java.base@17.0.9)
 268:             1             56  jdk.internal.org.objectweb.asm.Label (java.base@17.0.9)
 269:             1             48  [Ljava.math.RoundingMode; (java.base@17.0.9)
 270:             2             48  [Ljava.security.ProtectionDomain; (java.base@17.0.9)
 271:             1             48  [Ljava.util.concurrent.TimeUnit; (java.base@17.0.9)
 272:             3             48  [Ljava.util.regex.IntHashSet; (java.base@17.0.9)
 273:             2             48  [Ljava.util.regex.Pattern$Node; (java.base@17.0.9)
 274:             2             48  com.intellij.rt.debugger.agent.CollectionBreakpointInstrumentor$ReturnsBooleanMethod
 275:             2             48  java.io.ByteArrayOutputStream (java.base@17.0.9)
 276:             2             48  java.io.File$PathStatus (java.base@17.0.9)
 277:             2             48  java.io.InputStreamReader (java.base@17.0.9)
 278:             2             48  java.io.OutputStreamWriter (java.base@17.0.9)
 279:             1             48  java.lang.NullPointerException (java.base@17.0.9)
 280:             3             48  java.lang.ThreadLocal (java.base@17.0.9)
 281:             1             48  java.lang.invoke.BoundMethodHandle$Specializer$Factory (java.base@17.0.9)
 282:             2             48  java.lang.invoke.MethodHandles$Lookup$ClassOption (java.base@17.0.9)
 283:             3             48  java.nio.charset.CodingErrorAction (java.base@17.0.9)
 284:             2             48  java.security.Permissions (java.base@17.0.9)
 285:             2             48  java.time.format.DateTimeFormatterBuilder$1 (java.base@17.0.9)
 286:             2             48  java.time.format.DateTimeFormatterBuilder$ZoneIdPrinterParser (java.base@17.0.9)
 287:             2             48  java.time.format.DateTimeTextProvider$LocaleStore (java.base@17.0.9)
 288:             3             48  java.util.HashMap$EntrySet (java.base@17.0.9)
 289:             3             48  java.util.Optional (java.base@17.0.9)
 290:             3             48  java.util.ResourceBundle$NoFallbackControl (java.base@17.0.9)
 291:             2             48  java.util.Scanner$PatternLRUCache (java.base@17.0.9)
 292:             3             48  java.util.concurrent.atomic.AtomicInteger (java.base@17.0.9)
 293:             2             48  java.util.regex.Pattern$BmpCharPredicate$$Lambda$22/0x80000002b (java.base@17.0.9)
 294:             2             48  java.util.regex.Pattern$Start (java.base@17.0.9)
 295:             2             48  java.util.regex.Pattern$StartS (java.base@17.0.9)
 296:             1             48  jdk.internal.jimage.ImageHeader (java.base@17.0.9)
 297:             2             48  jdk.internal.misc.Signal$NativeHandler (java.base@17.0.9)
 298:             2             48  jdk.internal.module.ModuleHashes (java.base@17.0.9)
 299:             2             48  sun.instrument.TransformerManager (java.instrument@17.0.9)
 300:             2             48  sun.instrument.TransformerManager$TransformerInfo (java.instrument@17.0.9)
 301:             2             48  sun.security.util.LazyCodeSourcePermissionCollection (java.base@17.0.9)
 302:             1             40  [Ljava.lang.invoke.VarHandle$AccessType; (java.base@17.0.9)
 303:             1             40  [Ljava.time.format.SignStyle; (java.base@17.0.9)
 304:             1             40  [Ljava.time.format.TextStyle; (java.base@17.0.9)
 305:             1             40  [Ljava.util.stream.StreamOpFlag; (java.base@17.0.9)
 306:             2             40  [Lsun.instrument.TransformerManager$TransformerInfo; (java.instrument@17.0.9)
 307:             1             40  [Lsun.util.locale.provider.LocaleProviderAdapter$Type; (java.base@17.0.9)
 308:             1             40  [[Ljava.lang.invoke.LambdaForm$Name; (java.base@17.0.9)
 309:             1             40  java.io.BufferedInputStream (java.base@17.0.9)
 310:             1             40  java.lang.ArithmeticException (java.base@17.0.9)
 311:             1             40  java.lang.Package$VersionInfo (java.base@17.0.9)
 312:             1             40  java.lang.VirtualMachineError (java.base@17.0.9)
 313:             1             40  java.time.format.DateTimeFormatterBuilder (java.base@17.0.9)
 314:             1             40  java.time.format.DateTimeFormatterBuilder$FractionPrinterParser (java.base@17.0.9)
 315:             1             40  java.time.zone.ZoneRules (java.base@17.0.9)
 316:             1             40  java.util.ResourceBundle$2 (java.base@17.0.9)
 317:             1             40  jdk.internal.ref.CleanerImpl$CleanerCleanable (java.base@17.0.9)
 318:             1             40  sun.util.locale.InternalLocaleBuilder (java.base@17.0.9)
 319:             1             40  sun.util.resources.Bundles$1 (java.base@17.0.9)
 320:             2             32  [Ljava.lang.StackTraceElement; (java.base@17.0.9)
 321:             1             32  [Ljava.lang.ThreadGroup; (java.base@17.0.9)
 322:             2             32  [Ljava.lang.annotation.Annotation; (java.base@17.0.9)
 323:             1             32  [Ljava.lang.module.ModuleDescriptor$Modifier; (java.base@17.0.9)
 324:             1             32  [Ljava.lang.module.ModuleDescriptor$Requires$Modifier; (java.base@17.0.9)
 325:             2             32  [Ljava.security.CodeSigner; (java.base@17.0.9)
 326:             1             32  [Ljava.time.format.DateTimeFormatterBuilder$SettingsParser; (java.base@17.0.9)
 327:             1             32  [Ljava.time.format.ResolverStyle; (java.base@17.0.9)
 328:             1             32  [Ljava.time.temporal.IsoFields$Field; (java.base@17.0.9)
 329:             1             32  [Ljava.time.temporal.JulianFields$Field; (java.base@17.0.9)
 330:             1             32  [Ljava.util.regex.Pattern$Qtype; (java.base@17.0.9)
 331:             1             32  [Ljava.util.stream.StreamShape; (java.base@17.0.9)
 332:             1             32  [Ljdk.internal.module.ServicesCatalog; (java.base@17.0.9)
 333:             1             32  [Lsun.nio.fs.NativeBuffer; (java.base@17.0.9)
 334:             2             32  com.intellij.rt.debugger.agent.CaptureAgent$ParamKeyProvider
 335:             1             32  java.io.FileInputStream (java.base@17.0.9)
 336:             1             32  java.io.UnixFileSystem (java.base@17.0.9)
 337:             2             32  java.lang.Boolean (java.base@17.0.9)
 338:             1             32  java.lang.Module$ArchivedData (java.base@17.0.9)
 339:             1             32  java.lang.ref.WeakReference (java.base@17.0.9)
 340:             2             32  java.nio.ByteOrder (java.base@17.0.9)
 341:             2             32  java.security.SecureClassLoader$CodeSourceKey (java.base@17.0.9)
 342:             2             32  java.time.format.DateTimeFormatterBuilder$StringLiteralPrinterParser (java.base@17.0.9)
 343:             2             32  java.util.Collections$SingletonSet (java.base@17.0.9)
 344:             2             32  java.util.HashMap$Values (java.base@17.0.9)
 345:             2             32  java.util.LinkedHashMap$LinkedEntrySet (java.base@17.0.9)
 346:             2             32  java.util.ResourceBundle$SingleFormatControl (java.base@17.0.9)
 347:             2             32  java.util.concurrent.locks.ReentrantLock (java.base@17.0.9)
 348:             2             32  java.util.regex.Pattern$$Lambda$19/0x800000025 (java.base@17.0.9)
 349:             2             32  java.util.regex.Pattern$BranchConn (java.base@17.0.9)
 350:             1             32  java.util.zip.ZipCoder$UTF8ZipCoder (java.base@17.0.9)
 351:             1             32  jdk.internal.loader.ArchivedClassLoaders (java.base@17.0.9)
 352:             2             32  jdk.internal.loader.ClassLoaderValue (java.base@17.0.9)
 353:             1             32  jdk.internal.module.ArchivedModuleGraph (java.base@17.0.9)
 354:             2             32  jdk.internal.module.ModuleResolution (java.base@17.0.9)
 355:             2             32  jdk.internal.module.ModuleTarget (java.base@17.0.9)
 356:             1             32  jdk.internal.org.objectweb.asm.ConstantDynamic (java.base@17.0.9)
 357:             1             32  jdk.internal.org.objectweb.asm.Handle (java.base@17.0.9)
 358:             1             32  jdk.internal.reflect.NativeConstructorAccessorImpl (java.base@17.0.9)
 359:             1             32  sun.instrument.InstrumentationImpl (java.instrument@17.0.9)
 360:             2             32  sun.net.www.protocol.jar.Handler (java.base@17.0.9)
 361:             1             32  sun.nio.fs.LinuxFileSystem (java.base@17.0.9)
 362:             1             32  sun.nio.fs.NativeBuffer (java.base@17.0.9)
 363:             1             32  sun.nio.fs.UnixFileKey (java.base@17.0.9)
 364:             1             32  sun.util.locale.provider.LocaleResources (java.base@17.0.9)
 365:             1             24  [Ljava.io.File$PathStatus; (java.base@17.0.9)
 366:             1             24  [Ljava.lang.invoke.MethodHandles$Lookup$ClassOption; (java.base@17.0.9)
 367:             1             24  [Ljava.net.URL; (java.base@17.0.9)
 368:             1             24  [Ljava.time.temporal.IsoFields$Unit; (java.base@17.0.9)
 369:             1             24  [Ljava.util.Locale$Category; (java.base@17.0.9)
 370:             1             24  [Ljava.util.jar.Manifest; (java.base@17.0.9)
 371:             1             24  com.intellij.rt.debugger.agent.CaptureAgent$FieldKeyProvider
 372:             1             24  com.intellij.rt.debugger.agent.CollectionBreakpointInstrumentor$ConcurrentIdentityHashMap
 373:             1             24  com.intellij.rt.debugger.agent.CollectionBreakpointInstrumentor$PutMethod
 374:             1             24  com.intellij.rt.debugger.agent.CollectionBreakpointInstrumentor$RemoveKeyMethod
 375:             1             24  java.lang.Double (java.base@17.0.9)
 376:             1             24  java.lang.RuntimePermission (java.base@17.0.9)
 377:             1             24  java.lang.StringBuilder (java.base@17.0.9)
 378:             1             24  java.lang.ThreadLocal$ThreadLocalMap (java.base@17.0.9)
 379:             1             24  java.lang.invoke.MethodType$ConcurrentWeakInternSet (java.base@17.0.9)
 380:             1             24  java.lang.reflect.ReflectPermission (java.base@17.0.9)
 381:             1             24  java.security.BasicPermissionCollection (java.base@17.0.9)
 382:             1             24  java.time.ZoneRegion (java.base@17.0.9)
 383:             1             24  java.time.format.DecimalStyle (java.base@17.0.9)
 384:             1             24  java.time.temporal.IsoFields$Field$1 (java.base@17.0.9)
 385:             1             24  java.time.temporal.IsoFields$Field$2 (java.base@17.0.9)
 386:             1             24  java.time.temporal.IsoFields$Field$3 (java.base@17.0.9)
 387:             1             24  java.time.temporal.IsoFields$Field$4 (java.base@17.0.9)
 388:             1             24  java.time.zone.TzdbZoneRulesProvider (java.base@17.0.9)
 389:             1             24  java.util.Arrays$ArrayList (java.base@17.0.9)
 390:             1             24  java.util.Collections$EmptyMap (java.base@17.0.9)
 391:             1             24  java.util.Collections$UnmodifiableRandomAccessList (java.base@17.0.9)
 392:             1             24  java.util.Locale$Cache (java.base@17.0.9)
 393:             1             24  java.util.OptionalInt (java.base@17.0.9)
 394:             1             24  java.util.ResourceBundle$Control$CandidateListCache (java.base@17.0.9)
 395:             1             24  java.util.concurrent.ConcurrentHashMap$KeySetView (java.base@17.0.9)
 396:             1             24  java.util.regex.Pattern$$Lambda$21/0x80000002a (java.base@17.0.9)
 397:             1             24  java.util.regex.Pattern$BmpCharProperty (java.base@17.0.9)
 398:             1             24  java.util.regex.Pattern$CharPredicate$$Lambda$19/0x00007099d40460e8 (java.base@17.0.9)
 399:             1             24  java.util.regex.Pattern$CharProperty (java.base@17.0.9)
 400:             1             24  java.util.regex.Pattern$Dollar (java.base@17.0.9)
 401:             1             24  java.util.regex.Pattern$GroupHead (java.base@17.0.9)
 402:             1             24  java.util.regex.Pattern$GroupTail (java.base@17.0.9)
 403:             1             24  java.util.regex.Pattern$Slice (java.base@17.0.9)
 404:             1             24  jdk.internal.jimage.ImageReader (java.base@17.0.9)
 405:             1             24  jdk.internal.loader.URLClassPath$FileLoader (java.base@17.0.9)
 406:             1             24  jdk.internal.module.ModuleBootstrap$SafeModuleFinder (java.base@17.0.9)
 407:             1             24  jdk.internal.module.SystemModuleFinders$SystemModuleFinder (java.base@17.0.9)
 408:             1             24  jdk.internal.ref.CleanerImpl (java.base@17.0.9)
 409:             1             24  ru.job4j.tracker.MemTracker
 410:             1             24  ru.job4j.tracker.ValidateInput
 411:             1             24  sun.nio.cs.StandardCharsets (java.base@17.0.9)
 412:             1             24  sun.nio.cs.UTF_8 (java.base@17.0.9)
 413:             1             24  sun.nio.fs.NativeBuffer$Deallocator (java.base@17.0.9)
 414:             1             24  sun.util.locale.BaseLocale$Cache (java.base@17.0.9)
 415:             1             24  sun.util.locale.provider.DecimalFormatSymbolsProviderImpl (java.base@17.0.9)
 416:             1             24  sun.util.locale.provider.NumberFormatProviderImpl (java.base@17.0.9)
 417:             1             16  [F (java.base@17.0.9)
 418:             1             16  [Ljava.lang.Throwable; (java.base@17.0.9)
 419:             1             16  [Ljava.security.cert.Certificate; (java.base@17.0.9)
 420:             1             16  [Ljava.text.FieldPosition; (java.base@17.0.9)
 421:             1             16  [Ljava.time.zone.ZoneOffsetTransitionRule; (java.base@17.0.9)
 422:             1             16  com.intellij.rt.debugger.agent.CaptureAgent$1
 423:             1             16  com.intellij.rt.debugger.agent.CaptureAgent$CaptureTransformer
 424:             1             16  com.intellij.rt.debugger.agent.CaptureStorage$1
 425:             1             16  com.intellij.rt.debugger.agent.CollectionBreakpointInstrumentor$CollectionBreakpointTransformer
 426:             1             16  java.io.FileDescriptor$1 (java.base@17.0.9)
 427:             1             16  java.io.RandomAccessFile$2 (java.base@17.0.9)
 428:             1             16  java.lang.CharacterData00 (java.base@17.0.9)
 429:             1             16  java.lang.CharacterDataLatin1 (java.base@17.0.9)
 430:             1             16  java.lang.Float (java.base@17.0.9)
 431:             1             16  java.lang.Runtime (java.base@17.0.9)
 432:             1             16  java.lang.String$CaseInsensitiveComparator (java.base@17.0.9)
 433:             1             16  java.lang.System$2 (java.base@17.0.9)
 434:             1             16  java.lang.Terminator$1 (java.base@17.0.9)
 435:             1             16  java.lang.invoke.ClassSpecializer$1 (java.base@17.0.9)
 436:             1             16  java.lang.invoke.MemberName$Factory (java.base@17.0.9)
 437:             1             16  java.lang.invoke.MethodHandleImpl$1 (java.base@17.0.9)
 438:             1             16  java.lang.invoke.StringConcatFactory$1 (java.base@17.0.9)
 439:             1             16  java.lang.invoke.StringConcatFactory$2 (java.base@17.0.9)
 440:             1             16  java.lang.invoke.StringConcatFactory$3 (java.base@17.0.9)
 441:             1             16  java.lang.module.ModuleDescriptor$1 (java.base@17.0.9)
 442:             1             16  java.lang.ref.Cleaner (java.base@17.0.9)
 443:             1             16  java.lang.ref.Cleaner$1 (java.base@17.0.9)
 444:             1             16  java.lang.ref.Reference$1 (java.base@17.0.9)
 445:             1             16  java.lang.reflect.ReflectAccess (java.base@17.0.9)
 446:             1             16  java.net.URI$1 (java.base@17.0.9)
 447:             1             16  java.net.URL$3 (java.base@17.0.9)
 448:             1             16  java.net.URL$DefaultFactory (java.base@17.0.9)
 449:             1             16  java.nio.Bits$1 (java.base@17.0.9)
 450:             1             16  java.nio.Buffer$1 (java.base@17.0.9)
 451:             1             16  java.security.ProtectionDomain$JavaSecurityAccessImpl (java.base@17.0.9)
 452:             1             16  java.text.DecimalFormatSymbols$$Lambda$59/0x800000061 (java.base@17.0.9)
 453:             1             16  java.time.Clock$SystemClock (java.base@17.0.9)
 454:             1             16  java.time.chrono.IsoChronology (java.base@17.0.9)
 455:             1             16  java.time.format.DateTimeFormatter$$Lambda$49/0x800000057 (java.base@17.0.9)
 456:             1             16  java.time.format.DateTimeFormatter$$Lambda$50/0x800000058 (java.base@17.0.9)
 457:             1             16  java.time.format.DateTimeFormatterBuilder$$Lambda$48/0x800000056 (java.base@17.0.9)
 458:             1             16  java.time.format.DateTimeFormatterBuilder$InstantPrinterParser (java.base@17.0.9)
 459:             1             16  java.time.format.DateTimeTextProvider (java.base@17.0.9)
 460:             1             16  java.time.format.DateTimeTextProvider$1 (java.base@17.0.9)
 461:             1             16  java.util.Collections$EmptyEnumeration (java.base@17.0.9)
 462:             1             16  java.util.Collections$EmptyIterator (java.base@17.0.9)
 463:             1             16  java.util.Collections$EmptyList (java.base@17.0.9)
 464:             1             16  java.util.Collections$EmptySet (java.base@17.0.9)
 465:             1             16  java.util.EnumMap$1 (java.base@17.0.9)
 466:             1             16  java.util.IdentityHashMap$KeySet (java.base@17.0.9)
 467:             1             16  java.util.Locale$Builder (java.base@17.0.9)
 468:             1             16  java.util.ResourceBundle$1 (java.base@17.0.9)
 469:             1             16  java.util.ResourceBundle$Control (java.base@17.0.9)
 470:             1             16  java.util.Spliterators$EmptySpliterator$OfDouble (java.base@17.0.9)
 471:             1             16  java.util.Spliterators$EmptySpliterator$OfInt (java.base@17.0.9)
 472:             1             16  java.util.Spliterators$EmptySpliterator$OfLong (java.base@17.0.9)
 473:             1             16  java.util.Spliterators$EmptySpliterator$OfRef (java.base@17.0.9)
 474:             1             16  java.util.jar.JavaUtilJarAccessImpl (java.base@17.0.9)
 475:             1             16  java.util.regex.CharPredicates$$Lambda$14/0x00007099d40457d0 (java.base@17.0.9)
 476:             1             16  java.util.regex.CharPredicates$$Lambda$16/0x00007099d4045e88 (java.base@17.0.9)
 477:             1             16  java.util.regex.Pattern$$Lambda$15/0x00007099d4045c28 (java.base@17.0.9)
 478:             1             16  java.util.regex.Pattern$$Lambda$29/0x00007099d404b260 (java.base@17.0.9)
 479:             1             16  java.util.regex.Pattern$BitClass (java.base@17.0.9)
 480:             1             16  java.util.regex.Pattern$CharPredicate$$Lambda$23/0x80000002d (java.base@17.0.9)
 481:             1             16  java.util.regex.Pattern$LastNode (java.base@17.0.9)
 482:             1             16  java.util.regex.Pattern$Node (java.base@17.0.9)
 483:             1             16  java.util.stream.Collectors$$Lambda$5/0x800000010 (java.base@17.0.9)
 484:             1             16  java.util.stream.Collectors$$Lambda$6/0x800000011 (java.base@17.0.9)
 485:             1             16  java.util.stream.Collectors$$Lambda$7/0x800000016 (java.base@17.0.9)
 486:             1             16  java.util.stream.Collectors$$Lambda$8/0x800000017 (java.base@17.0.9)
 487:             1             16  java.util.stream.FindOps$FindSink$OfInt$$Lambda$60/0x800000062 (java.base@17.0.9)
 488:             1             16  java.util.stream.FindOps$FindSink$OfInt$$Lambda$61/0x800000063 (java.base@17.0.9)
 489:             1             16  java.util.stream.FindOps$FindSink$OfInt$$Lambda$62/0x800000064 (java.base@17.0.9)
 490:             1             16  java.util.stream.FindOps$FindSink$OfInt$$Lambda$63/0x800000065 (java.base@17.0.9)
 491:             1             16  java.util.stream.FindOps$FindSink$OfRef$$Lambda$11/0x80000001a (java.base@17.0.9)
 492:             1             16  java.util.stream.FindOps$FindSink$OfRef$$Lambda$12/0x80000001b (java.base@17.0.9)
 493:             1             16  java.util.stream.FindOps$FindSink$OfRef$$Lambda$13/0x80000001c (java.base@17.0.9)
 494:             1             16  java.util.stream.FindOps$FindSink$OfRef$$Lambda$14/0x80000001d (java.base@17.0.9)
 495:             1             16  java.util.zip.ZipFile$1 (java.base@17.0.9)
 496:             1             16  jdk.internal.jimage.ImageReaderFactory$1 (java.base@17.0.9)
 497:             1             16  jdk.internal.jimage.ImageStringsReader (java.base@17.0.9)
 498:             1             16  jdk.internal.jimage.decompressor.Decompressor (java.base@17.0.9)
 499:             1             16  jdk.internal.misc.ScopedMemoryAccess (java.base@17.0.9)
 500:             1             16  jdk.internal.misc.TerminatingThreadLocal$1 (java.base@17.0.9)
 501:             1             16  jdk.internal.misc.Unsafe (java.base@17.0.9)
 502:             1             16  jdk.internal.module.DefaultRoots$$Lambda$1/0x800000002 (java.base@17.0.9)
 503:             1             16  jdk.internal.module.DefaultRoots$$Lambda$16/0x80000001f (java.base@17.0.9)
 504:             1             16  jdk.internal.module.DefaultRoots$$Lambda$2/0x800000004 (java.base@17.0.9)
 505:             1             16  jdk.internal.module.DefaultRoots$$Lambda$4/0x800000007 (java.base@17.0.9)
 506:             1             16  jdk.internal.module.ModuleLoaderMap$Mapper (java.base@17.0.9)
 507:             1             16  jdk.internal.module.ModulePatcher (java.base@17.0.9)
 508:             1             16  jdk.internal.perf.Perf (java.base@17.0.9)
 509:             1             16  jdk.internal.reflect.DelegatingConstructorAccessorImpl (java.base@17.0.9)
 510:             1             16  jdk.internal.reflect.ReflectionFactory (java.base@17.0.9)
 511:             1             16  ru.job4j.tracker.ConsoleInput
 512:             1             16  ru.job4j.tracker.ConsoleOutput
 513:             1             16  ru.job4j.tracker.StartUI
 514:             1             16  ru.job4j.tracker.action.Create
 515:             1             16  ru.job4j.tracker.action.CreateManyItems
 516:             1             16  ru.job4j.tracker.action.Delete
 517:             1             16  ru.job4j.tracker.action.DeleteAllItems
 518:             1             16  ru.job4j.tracker.action.Exit
 519:             1             16  ru.job4j.tracker.action.FindAll
 520:             1             16  ru.job4j.tracker.action.FindById
 521:             1             16  ru.job4j.tracker.action.FindByName
 522:             1             16  ru.job4j.tracker.action.Replace
 523:             1             16  sun.net.www.protocol.file.Handler (java.base@17.0.9)
 524:             1             16  sun.net.www.protocol.jrt.Handler (java.base@17.0.9)
 525:             1             16  sun.nio.fs.LinuxFileSystemProvider (java.base@17.0.9)
 526:             1             16  sun.nio.fs.NativeBuffers$1 (java.base@17.0.9)
 527:             1             16  sun.util.cldr.CLDRBaseLocaleDataMetaInfo (java.base@17.0.9)
 528:             1             16  sun.util.cldr.CLDRLocaleProviderAdapter$$Lambda$51/0x800000059 (java.base@17.0.9)
 529:             1             16  sun.util.locale.InternalLocaleBuilder$CaseInsensitiveChar (java.base@17.0.9)
 530:             1             16  sun.util.resources.LocaleData (java.base@17.0.9)
 531:             1             16  sun.util.resources.LocaleData$LocaleDataStrategy (java.base@17.0.9)
 532:             1             16  sun.util.resources.cldr.provider.CLDRLocaleDataMetaInfo (jdk.localedata@17.0.9)
Total       1667850       49475736
